Archive member included to satisfy reference by file (symbol)

/usr/lib/gcc/arm-none-eabi/10.3.1/../../../arm-none-eabi/lib/thumb/v7e-m+fp/hard/libc_nano.a(lib_a-atexit.o)
                              /usr/lib/gcc/arm-none-eabi/10.3.1/../../../arm-none-eabi/lib/thumb/v7e-m+fp/hard/crt0.o (atexit)
/usr/lib/gcc/arm-none-eabi/10.3.1/../../../arm-none-eabi/lib/thumb/v7e-m+fp/hard/libc_nano.a(lib_a-exit.o)
                              /usr/lib/gcc/arm-none-eabi/10.3.1/../../../arm-none-eabi/lib/thumb/v7e-m+fp/hard/crt0.o (exit)
/usr/lib/gcc/arm-none-eabi/10.3.1/../../../arm-none-eabi/lib/thumb/v7e-m+fp/hard/libc_nano.a(lib_a-fini.o)
                              /usr/lib/gcc/arm-none-eabi/10.3.1/../../../arm-none-eabi/lib/thumb/v7e-m+fp/hard/crt0.o (__libc_fini_array)
/usr/lib/gcc/arm-none-eabi/10.3.1/../../../arm-none-eabi/lib/thumb/v7e-m+fp/hard/libc_nano.a(lib_a-impure.o)
                              /usr/lib/gcc/arm-none-eabi/10.3.1/../../../arm-none-eabi/lib/thumb/v7e-m+fp/hard/libc_nano.a(lib_a-exit.o) (_global_impure_ptr)
/usr/lib/gcc/arm-none-eabi/10.3.1/../../../arm-none-eabi/lib/thumb/v7e-m+fp/hard/libc_nano.a(lib_a-init.o)
                              /usr/lib/gcc/arm-none-eabi/10.3.1/../../../arm-none-eabi/lib/thumb/v7e-m+fp/hard/crt0.o (__libc_init_array)
/usr/lib/gcc/arm-none-eabi/10.3.1/../../../arm-none-eabi/lib/thumb/v7e-m+fp/hard/libc_nano.a(lib_a-memset.o)
                              /usr/lib/gcc/arm-none-eabi/10.3.1/../../../arm-none-eabi/lib/thumb/v7e-m+fp/hard/crt0.o (memset)
/usr/lib/gcc/arm-none-eabi/10.3.1/../../../arm-none-eabi/lib/thumb/v7e-m+fp/hard/libc_nano.a(lib_a-__atexit.o)
                              /usr/lib/gcc/arm-none-eabi/10.3.1/../../../arm-none-eabi/lib/thumb/v7e-m+fp/hard/libc_nano.a(lib_a-atexit.o) (__register_exitproc)
/usr/lib/gcc/arm-none-eabi/10.3.1/../../../arm-none-eabi/lib/thumb/v7e-m+fp/hard/libc_nano.a(lib_a-__call_atexit.o)
                              /usr/lib/gcc/arm-none-eabi/10.3.1/../../../arm-none-eabi/lib/thumb/v7e-m+fp/hard/libc_nano.a(lib_a-__atexit.o) (__call_exitprocs)
/usr/lib/gcc/arm-none-eabi/10.3.1/thumb/v7e-m+fp/hard/libgcc.a(_aeabi_uldivmod.o)
                              CMakeFiles/manipulator_6_dof.dir/Drivers/STM32L4xx_HAL_Driver/Src/stm32l4xx_hal_uart.c.obj (__aeabi_uldivmod)
/usr/lib/gcc/arm-none-eabi/10.3.1/thumb/v7e-m+fp/hard/libgcc.a(_udivmoddi4.o)
                              /usr/lib/gcc/arm-none-eabi/10.3.1/thumb/v7e-m+fp/hard/libgcc.a(_aeabi_uldivmod.o) (__udivmoddi4)
/usr/lib/gcc/arm-none-eabi/10.3.1/thumb/v7e-m+fp/hard/libgcc.a(_dvmd_tls.o)
                              /usr/lib/gcc/arm-none-eabi/10.3.1/thumb/v7e-m+fp/hard/libgcc.a(_aeabi_uldivmod.o) (__aeabi_ldiv0)
/usr/lib/gcc/arm-none-eabi/10.3.1/../../../arm-none-eabi/lib/thumb/v7e-m+fp/hard/libg_nano.a(lib_a-errno.o)
                              CMakeFiles/manipulator_6_dof.dir/Core/Src/sysmem.c.obj (__errno)
/usr/lib/gcc/arm-none-eabi/10.3.1/../../../arm-none-eabi/lib/thumb/v7e-m+fp/hard/libg_nano.a(lib_a-snprintf.o)
                              CMakeFiles/manipulator_6_dof.dir/Core/Src/main.c.obj (snprintf)
/usr/lib/gcc/arm-none-eabi/10.3.1/../../../arm-none-eabi/lib/thumb/v7e-m+fp/hard/libg_nano.a(lib_a-strlen.o)
                              CMakeFiles/manipulator_6_dof.dir/Core/Src/main.c.obj (strlen)
/usr/lib/gcc/arm-none-eabi/10.3.1/../../../arm-none-eabi/lib/thumb/v7e-m+fp/hard/libg_nano.a(lib_a-nano-svfprintf.o)
                              /usr/lib/gcc/arm-none-eabi/10.3.1/../../../arm-none-eabi/lib/thumb/v7e-m+fp/hard/libg_nano.a(lib_a-snprintf.o) (_svfprintf_r)
/usr/lib/gcc/arm-none-eabi/10.3.1/../../../arm-none-eabi/lib/thumb/v7e-m+fp/hard/libg_nano.a(lib_a-nano-vfprintf_i.o)
                              /usr/lib/gcc/arm-none-eabi/10.3.1/../../../arm-none-eabi/lib/thumb/v7e-m+fp/hard/libg_nano.a(lib_a-nano-svfprintf.o) (_printf_i)
/usr/lib/gcc/arm-none-eabi/10.3.1/../../../arm-none-eabi/lib/thumb/v7e-m+fp/hard/libg_nano.a(lib_a-memchr.o)
                              /usr/lib/gcc/arm-none-eabi/10.3.1/../../../arm-none-eabi/lib/thumb/v7e-m+fp/hard/libg_nano.a(lib_a-nano-svfprintf.o) (memchr)
/usr/lib/gcc/arm-none-eabi/10.3.1/../../../arm-none-eabi/lib/thumb/v7e-m+fp/hard/libg_nano.a(lib_a-memcpy.o)
                              /usr/lib/gcc/arm-none-eabi/10.3.1/../../../arm-none-eabi/lib/thumb/v7e-m+fp/hard/libg_nano.a(lib_a-nano-svfprintf.o) (memcpy)
/usr/lib/gcc/arm-none-eabi/10.3.1/../../../arm-none-eabi/lib/thumb/v7e-m+fp/hard/libg_nano.a(lib_a-memmove.o)
                              /usr/lib/gcc/arm-none-eabi/10.3.1/../../../arm-none-eabi/lib/thumb/v7e-m+fp/hard/libg_nano.a(lib_a-nano-svfprintf.o) (memmove)
/usr/lib/gcc/arm-none-eabi/10.3.1/../../../arm-none-eabi/lib/thumb/v7e-m+fp/hard/libg_nano.a(lib_a-nano-freer.o)
                              /usr/lib/gcc/arm-none-eabi/10.3.1/../../../arm-none-eabi/lib/thumb/v7e-m+fp/hard/libg_nano.a(lib_a-nano-svfprintf.o) (_free_r)
[...]
Memory Configuration

Name             Origin             Length             Attributes
RAM              0x0000000020000000 0x0000000000018000 xrw
RAM2             0x0000000010000000 0x0000000000008000 xrw
FLASH            0x0000000008000000 0x0000000000100000 xr
*default*        0x0000000000000000 0xffffffffffffffff

Linker script and memory map

LOAD /usr/lib/gcc/arm-none-eabi/10.3.1/thumb/v7e-m+fp/hard/crti.o
LOAD /usr/lib/gcc/arm-none-eabi/10.3.1/thumb/v7e-m+fp/hard/crtbegin.o
LOAD /usr/lib/gcc/arm-none-eabi/10.3.1/../../../arm-none-eabi/lib/thumb/v7e-m+fp/hard/crt0.o
START GROUP
LOAD /usr/lib/gcc/arm-none-eabi/10.3.1/../../../arm-none-eabi/lib/thumb/v7e-m+fp/hard/libc_nano.a
LOAD /usr/lib/gcc/arm-none-eabi/10.3.1/../../../arm-none-eabi/lib/thumb/v7e-m+fp/hard/libm.a
END GROUP
LOAD CMakeFiles/manipulator_6_dof.dir/Core/Src/main.c.obj
LOAD CMakeFiles/manipulator_6_dof.dir/Core/Src/gpio.c.obj
LOAD CMakeFiles/manipulator_6_dof.dir/Core/Src/dma.c.obj
LOAD CMakeFiles/manipulator_6_dof.dir/Core/Src/i2c.c.obj
LOAD CMakeFiles/manipulator_6_dof.dir/Core/Src/usart.c.obj
LOAD CMakeFiles/manipulator_6_dof.dir/Core/Src/stm32l4xx_it.c.obj
LOAD CMakeFiles/manipulator_6_dof.dir/Core/Src/stm32l4xx_hal_msp.c.obj
LOAD CMakeFiles/manipulator_6_dof.dir/Drivers/STM32L4xx_HAL_Driver/Src/stm32l4xx_hal_i2c.c.obj
LOAD CMakeFiles/manipulator_6_dof.dir/Drivers/STM32L4xx_HAL_Driver/Src/stm32l4xx_hal_i2c_ex.c.obj
LOAD CMakeFiles/manipulator_6_dof.dir/Drivers/STM32L4xx_HAL_Driver/Src/stm32l4xx_hal.c.obj
LOAD CMakeFiles/manipulator_6_dof.dir/Drivers/STM32L4xx_HAL_Driver/Src/stm32l4xx_hal_rcc.c.obj
LOAD CMakeFiles/manipulator_6_dof.dir/Drivers/STM32L4xx_HAL_Driver/Src/stm32l4xx_hal_rcc_ex.c.obj
LOAD CMakeFiles/manipulator_6_dof.dir/Drivers/STM32L4xx_HAL_Driver/Src/stm32l4xx_hal_flash.c.obj
LOAD CMakeFiles/manipulator_6_dof.dir/Drivers/STM32L4xx_HAL_Driver/Src/stm32l4xx_hal_flash_ex.c.obj
LOAD CMakeFiles/manipulator_6_dof.dir/Drivers/STM32L4xx_HAL_Driver/Src/stm32l4xx_hal_flash_ramfunc.c.obj
LOAD CMakeFiles/manipulator_6_dof.dir/Drivers/STM32L4xx_HAL_Driver/Src/stm32l4xx_hal_gpio.c.obj
LOAD CMakeFiles/manipulator_6_dof.dir/Drivers/STM32L4xx_HAL_Driver/Src/stm32l4xx_hal_dma.c.obj
LOAD CMakeFiles/manipulator_6_dof.dir/Drivers/STM32L4xx_HAL_Driver/Src/stm32l4xx_hal_dma_ex.c.obj
LOAD CMakeFiles/manipulator_6_dof.dir/Drivers/STM32L4xx_HAL_Driver/Src/stm32l4xx_hal_pwr.c.obj
LOAD CMakeFiles/manipulator_6_dof.dir/Drivers/STM32L4xx_HAL_Driver/Src/stm32l4xx_hal_pwr_ex.c.obj
LOAD CMakeFiles/manipulator_6_dof.dir/Drivers/STM32L4xx_HAL_Driver/Src/stm32l4xx_hal_cortex.c.obj
LOAD CMakeFiles/manipulator_6_dof.dir/Drivers/STM32L4xx_HAL_Driver/Src/stm32l4xx_hal_exti.c.obj
LOAD CMakeFiles/manipulator_6_dof.dir/Drivers/STM32L4xx_HAL_Driver/Src/stm32l4xx_hal_tim.c.obj
LOAD CMakeFiles/manipulator_6_dof.dir/Drivers/STM32L4xx_HAL_Driver/Src/stm32l4xx_hal_tim_ex.c.obj
LOAD CMakeFiles/manipulator_6_dof.dir/Drivers/STM32L4xx_HAL_Driver/Src/stm32l4xx_hal_uart.c.obj
LOAD CMakeFiles/manipulator_6_dof.dir/Drivers/STM32L4xx_HAL_Driver/Src/stm32l4xx_hal_uart_ex.c.obj
LOAD CMakeFiles/manipulator_6_dof.dir/Core/Src/system_stm32l4xx.c.obj
LOAD CMakeFiles/manipulator_6_dof.dir/Core/Src/sysmem.c.obj
LOAD CMakeFiles/manipulator_6_dof.dir/Core/Src/syscalls.c.obj
LOAD CMakeFiles/manipulator_6_dof.dir/startup_stm32l476xx.s.obj
START GROUP
LOAD /usr/lib/gcc/arm-none-eabi/10.3.1/thumb/v7e-m+fp/hard/libgcc.a
LOAD /usr/lib/gcc/arm-none-eabi/10.3.1/../../../arm-none-eabi/lib/thumb/v7e-m+fp/hard/libg_nano.a
LOAD /usr/lib/gcc/arm-none-eabi/10.3.1/../../../arm-none-eabi/lib/thumb/v7e-m+fp/hard/libc_nano.a
END GROUP
START GROUP
LOAD /usr/lib/gcc/arm-none-eabi/10.3.1/thumb/v7e-m+fp/hard/libgcc.a
LOAD /usr/lib/gcc/arm-none-eabi/10.3.1/../../../arm-none-eabi/lib/thumb/v7e-m+fp/hard/libc_nano.a
END GROUP
LOAD /usr/lib/gcc/arm-none-eabi/10.3.1/thumb/v7e-m+fp/hard/crtend.o
LOAD /usr/lib/gcc/arm-none-eabi/10.3.1/thumb/v7e-m+fp/hard/crtn.o
                0x0000000020018000                _estack = (ORIGIN (RAM) + LENGTH (RAM))
                0x0000000000000200                _Min_Heap_Size = 0x200
                0x0000000000000400                _Min_Stack_Size = 0x400

.isr_vector     0x0000000008000000      0x188
                0x0000000008000000                . = ALIGN (0x8)
 *(.isr_vector)
 .isr_vector    0x0000000008000000      0x188 CMakeFiles/manipulator_6_dof.dir/startup_stm32l476xx.s.obj
                0x0000000008000000                g_pfnVectors
                0x0000000008000188                . = ALIGN (0x8)

.text           0x00000000080001c0     0x60e0
                0x00000000080001c0                . = ALIGN (0x8)
 *(.text)
 .text          0x00000000080001c0       0x88 /usr/lib/gcc/arm-none-eabi/10.3.1/thumb/v7e-m+fp/hard/crtbegin.o
 .text          0x0000000008000248       0x48 /usr/lib/gcc/arm-none-eabi/10.3.1/../../../arm-none-eabi/lib/thumb/v7e-m+fp/hard/libc_nano.a(lib_a-init.o)
                0x0000000008000248                __libc_init_array
 .text          0x0000000008000290       0xa4 /usr/lib/gcc/arm-none-eabi/10.3.1/../../../arm-none-eabi/lib/thumb/v7e-m+fp/hard/libc_nano.a(lib_a-memset.o)
                0x0000000008000290                memset
 .text          0x0000000008000334       0x30 /usr/lib/gcc/arm-none-eabi/10.3.1/thumb/v7e-m+fp/hard/libgcc.a(_aeabi_uldivmod.o)
                0x0000000008000334                __aeabi_uldivmod
 .text          0x0000000008000364      0x2d0 /usr/lib/gcc/arm-none-eabi/10.3.1/thumb/v7e-m+fp/hard/libgcc.a(_udivmoddi4.o)
                0x0000000008000364                __udivmoddi4
 .text          0x0000000008000634        0x4 /usr/lib/gcc/arm-none-eabi/10.3.1/thumb/v7e-m+fp/hard/libgcc.a(_dvmd_tls.o)
                0x0000000008000634                __aeabi_ldiv0
                0x0000000008000634                __aeabi_idiv0
 .text          0x0000000008000638        0xc /usr/lib/gcc/arm-none-eabi/10.3.1/../../../arm-none-eabi/lib/thumb/v7e-m+fp/hard/libg_nano.a(lib_a-errno.o)
                0x0000000008000638                __errno
 .text          0x0000000008000644      0x108 /usr/lib/gcc/arm-none-eabi/10.3.1/../../../arm-none-eabi/lib/thumb/v7e-m+fp/hard/libg_nano.a(lib_a-snprintf.o)
                0x0000000008000644                _sniprintf_r
                0x0000000008000644                _snprintf_r
                0x00000000080006c4                snprintf
                0x00000000080006c4                sniprintf
 *fill*         0x000000000800074c       0x34 
 .text          0x0000000008000780       0xdc /usr/lib/gcc/arm-none-eabi/10.3.1/../../../arm-none-eabi/lib/thumb/v7e-m+fp/hard/libg_nano.a(lib_a-strlen.o)
                0x0000000008000780                strlen
 .text          0x000000000800085c      0x3f0 /usr/lib/gcc/arm-none-eabi/10.3.1/../../../arm-none-eabi/lib/thumb/v7e-m+fp/hard/libg_nano.a(lib_a-nano-svfprintf.o)
                0x000000000800085c                __ssputs_r
                0x0000000008000920                __ssprint_r
                0x0000000008000a18                _svfprintf_r
                0x0000000008000a18                _svfiprintf_r
 .text          0x0000000008000c4c      0x3dc /usr/lib/gcc/arm-none-eabi/10.3.1/../../../arm-none-eabi/lib/thumb/v7e-m+fp/hard/libg_nano.a(lib_a-nano-vfprintf_i.o)
                0x0000000008000c4c                _printf_common
                0x0000000008000d78                _printf_i
 *fill*         0x0000000008001028        0x8 
 .text          0x0000000008001030       0xa0 /usr/lib/gcc/arm-none-eabi/10.3.1/../../../arm-none-eabi/lib/thumb/v7e-m+fp/hard/libg_nano.a(lib_a-memchr.o)
                0x0000000008001030                memchr
 .text          0x00000000080010d0      0x134 /usr/lib/gcc/arm-none-eabi/10.3.1/../../../arm-none-eabi/lib/thumb/v7e-m+fp/hard/libg_nano.a(lib_a-memcpy.o)
                0x00000000080010d0                memcpy
 .text          0x0000000008001204       0xf8 /usr/lib/gcc/arm-none-eabi/10.3.1/../../../arm-none-eabi/lib/thumb/v7e-m+fp/hard/libg_nano.a(lib_a-memmove.o)
                0x0000000008001204                memmove
 .text          0x00000000080012fc       0xc4 /usr/lib/gcc/arm-none-eabi/10.3.1/../../../arm-none-eabi/lib/thumb/v7e-m+fp/hard/libg_nano.a(lib_a-nano-freer.o)
                0x00000000080012fc                _free_r
 .text          0x00000000080013c0       0xb4 /usr/lib/gcc/arm-none-eabi/10.3.1/../../../arm-none-eabi/lib/thumb/v7e-m+fp/hard/libg_nano.a(lib_a-nano-mallocr.o)
                0x00000000080013c0                _malloc_r
 .text          0x0000000008001474       0x50 /usr/lib/gcc/arm-none-eabi/10.3.1/../../../arm-none-eabi/lib/thumb/v7e-m+fp/hard/libg_nano.a(lib_a-nano-reallocr.o)
                0x0000000008001474                _realloc_r
 .text          0x00000000080014c4       0x24 /usr/lib/gcc/arm-none-eabi/10.3.1/../../../arm-none-eabi/lib/thumb/v7e-m+fp/hard/libg_nano.a(lib_a-sbrkr.o)
                0x00000000080014c4                _sbrk_r
 .text          0x00000000080014e8        0x8 /usr/lib/gcc/arm-none-eabi/10.3.1/../../../arm-none-eabi/lib/thumb/v7e-m+fp/hard/libg_nano.a(lib_a-mlock.o)
                0x00000000080014e8                __malloc_lock
                0x00000000080014ec                __malloc_unlock
 .text          0x00000000080014f0       0x14 /usr/lib/gcc/arm-none-eabi/10.3.1/../../../arm-none-eabi/lib/thumb/v7e-m+fp/hard/libg_nano.a(lib_a-nano-msizer.o)
                0x00000000080014f0                _malloc_usable_size_r
 *(.text*)
 .text.read_register
                0x0000000008001504       0x3c CMakeFiles/manipulator_6_dof.dir/Core/Src/main.c.obj
                0x0000000008001504                read_register
 .text.write_register
                0x0000000008001540       0x38 CMakeFiles/manipulator_6_dof.dir/Core/Src/main.c.obj
                0x0000000008001540                write_register
 .text.sensor_init
                0x0000000008001578       0x70 CMakeFiles/manipulator_6_dof.dir/Core/Src/main.c.obj
                0x0000000008001578                sensor_init
 .text.read_accel
                0x00000000080015e8       0x6c CMakeFiles/manipulator_6_dof.dir/Core/Src/main.c.obj
                0x00000000080015e8                read_accel
 .text.read_gyro
                0x0000000008001654       0x6c CMakeFiles/manipulator_6_dof.dir/Core/Src/main.c.obj
                0x0000000008001654                read_gyro
 .text.read_temp
                0x00000000080016c0       0x3c CMakeFiles/manipulator_6_dof.dir/Core/Src/main.c.obj
                0x00000000080016c0                read_temp
 .text.read_mag
                0x00000000080016fc       0x6c CMakeFiles/manipulator_6_dof.dir/Core/Src/main.c.obj
                0x00000000080016fc                read_mag
 .text.main     0x0000000008001768       0xc4 CMakeFiles/manipulator_6_dof.dir/Core/Src/main.c.obj
                0x0000000008001768                main
 .text.SystemClock_Config
                0x000000000800182c       0xa2 CMakeFiles/manipulator_6_dof.dir/Core/Src/main.c.obj
                0x000000000800182c                SystemClock_Config
 .text.Error_Handler
                0x00000000080018ce        0xa CMakeFiles/manipulator_6_dof.dir/Core/Src/main.c.obj
                0x00000000080018ce                Error_Handler
 .text.MX_GPIO_Init
                0x00000000080018d8       0xcc CMakeFiles/manipulator_6_dof.dir/Core/Src/gpio.c.obj
                0x00000000080018d8                MX_GPIO_Init
 .text.MX_DMA_Init
                0x00000000080019a4       0x3c CMakeFiles/manipulator_6_dof.dir/Core/Src/dma.c.obj
                0x00000000080019a4                MX_DMA_Init
 .text.MX_I2C1_Init
                0x00000000080019e0       0x80 CMakeFiles/manipulator_6_dof.dir/Core/Src/i2c.c.obj
                0x00000000080019e0                MX_I2C1_Init
 .text.HAL_I2C_MspInit
                0x0000000008001a60      0x138 CMakeFiles/manipulator_6_dof.dir/Core/Src/i2c.c.obj
                0x0000000008001a60                HAL_I2C_MspInit
 .text.MX_USART2_UART_Init
                0x0000000008001b98       0x60 CMakeFiles/manipulator_6_dof.dir/Core/Src/usart.c.obj
                0x0000000008001b98                MX_USART2_UART_Init
 .text.HAL_UART_MspInit
                0x0000000008001bf8       0xb8 CMakeFiles/manipulator_6_dof.dir/Core/Src/usart.c.obj
                0x0000000008001bf8                HAL_UART_MspInit
 .text.NMI_Handler
                0x0000000008001cb0        0x6 CMakeFiles/manipulator_6_dof.dir/Core/Src/stm32l4xx_it.c.obj
                0x0000000008001cb0                NMI_Handler
 .text.HardFault_Handler
                0x0000000008001cb6        0x6 CMakeFiles/manipulator_6_dof.dir/Core/Src/stm32l4xx_it.c.obj
                0x0000000008001cb6                HardFault_Handler
 .text.MemManage_Handler
                0x0000000008001cbc        0x6 CMakeFiles/manipulator_6_dof.dir/Core/Src/stm32l4xx_it.c.obj
                0x0000000008001cbc                MemManage_Handler
 .text.BusFault_Handler
                0x0000000008001cc2        0x6 CMakeFiles/manipulator_6_dof.dir/Core/Src/stm32l4xx_it.c.obj
                0x0000000008001cc2                BusFault_Handler
 .text.UsageFault_Handler
                0x0000000008001cc8        0x6 CMakeFiles/manipulator_6_dof.dir/Core/Src/stm32l4xx_it.c.obj
                0x0000000008001cc8                UsageFault_Handler
 .text.SVC_Handler
                0x0000000008001cce        0xe CMakeFiles/manipulator_6_dof.dir/Core/Src/stm32l4xx_it.c.obj
                0x0000000008001cce                SVC_Handler
 .text.DebugMon_Handler
                0x0000000008001cdc        0xe CMakeFiles/manipulator_6_dof.dir/Core/Src/stm32l4xx_it.c.obj
                0x0000000008001cdc                DebugMon_Handler
 .text.PendSV_Handler
                0x0000000008001cea        0xe CMakeFiles/manipulator_6_dof.dir/Core/Src/stm32l4xx_it.c.obj
                0x0000000008001cea                PendSV_Handler
 .text.SysTick_Handler
                0x0000000008001cf8        0xc CMakeFiles/manipulator_6_dof.dir/Core/Src/stm32l4xx_it.c.obj
                0x0000000008001cf8                SysTick_Handler
 .text.DMA1_Channel6_IRQHandler
                0x0000000008001d04       0x14 CMakeFiles/manipulator_6_dof.dir/Core/Src/stm32l4xx_it.c.obj
                0x0000000008001d04                DMA1_Channel6_IRQHandler
 .text.I2C1_EV_IRQHandler
                0x0000000008001d18       0x14 CMakeFiles/manipulator_6_dof.dir/Core/Src/stm32l4xx_it.c.obj
                0x0000000008001d18                I2C1_EV_IRQHandler
 .text.I2C1_ER_IRQHandler
                0x0000000008001d2c       0x14 CMakeFiles/manipulator_6_dof.dir/Core/Src/stm32l4xx_it.c.obj
                0x0000000008001d2c                I2C1_ER_IRQHandler
 .text.HAL_MspInit
                0x0000000008001d40       0x48 CMakeFiles/manipulator_6_dof.dir/Core/Src/stm32l4xx_hal_msp.c.obj
                0x0000000008001d40                HAL_MspInit
 .text.HAL_I2C_Init
                0x0000000008001d88      0x136 CMakeFiles/manipulator_6_dof.dir/Drivers/STM32L4xx_HAL_Driver/Src/stm32l4xx_hal_i2c.c.obj
                0x0000000008001d88                HAL_I2C_Init
 *fill*         0x0000000008001ebe        0x2 
 .text.HAL_I2C_Mem_Write
                0x0000000008001ec0      0x228 CMakeFiles/manipulator_6_dof.dir/Drivers/STM32L4xx_HAL_Driver/Src/stm32l4xx_hal_i2c.c.obj
                0x0000000008001ec0                HAL_I2C_Mem_Write
 .text.HAL_I2C_Mem_Read
                0x00000000080020e8      0x234 CMakeFiles/manipulator_6_dof.dir/Drivers/STM32L4xx_HAL_Driver/Src/stm32l4xx_hal_i2c.c.obj
                0x00000000080020e8                HAL_I2C_Mem_Read
 .text.HAL_I2C_EV_IRQHandler
                0x000000000800231c       0x34 CMakeFiles/manipulator_6_dof.dir/Drivers/STM32L4xx_HAL_Driver/Src/stm32l4xx_hal_i2c.c.obj
                0x000000000800231c                HAL_I2C_EV_IRQHandler
 .text.HAL_I2C_ER_IRQHandler
                0x0000000008002350       0xc2 CMakeFiles/manipulator_6_dof.dir/Drivers/STM32L4xx_HAL_Driver/Src/stm32l4xx_hal_i2c.c.obj
                0x0000000008002350                HAL_I2C_ER_IRQHandler
 .text.HAL_I2C_SlaveTxCpltCallback
                0x0000000008002412       0x14 CMakeFiles/manipulator_6_dof.dir/Drivers/STM32L4xx_HAL_Driver/Src/stm32l4xx_hal_i2c.c.obj
                0x0000000008002412                HAL_I2C_SlaveTxCpltCallback
 .text.HAL_I2C_SlaveRxCpltCallback
                0x0000000008002426       0x14 CMakeFiles/manipulator_6_dof.dir/Drivers/STM32L4xx_HAL_Driver/Src/stm32l4xx_hal_i2c.c.obj
                0x0000000008002426                HAL_I2C_SlaveRxCpltCallback
 .text.HAL_I2C_AddrCallback
                0x000000000800243a       0x1c CMakeFiles/manipulator_6_dof.dir/Drivers/STM32L4xx_HAL_Driver/Src/stm32l4xx_hal_i2c.c.obj
                0x000000000800243a                HAL_I2C_AddrCallback
 .text.HAL_I2C_ListenCpltCallback
                0x0000000008002456       0x14 CMakeFiles/manipulator_6_dof.dir/Drivers/STM32L4xx_HAL_Driver/Src/stm32l4xx_hal_i2c.c.obj
                0x0000000008002456                HAL_I2C_ListenCpltCallback
 .text.HAL_I2C_ErrorCallback
                0x000000000800246a       0x14 CMakeFiles/manipulator_6_dof.dir/Drivers/STM32L4xx_HAL_Driver/Src/stm32l4xx_hal_i2c.c.obj
                0x000000000800246a                HAL_I2C_ErrorCallback
 .text.HAL_I2C_AbortCpltCallback
                0x000000000800247e       0x14 CMakeFiles/manipulator_6_dof.dir/Drivers/STM32L4xx_HAL_Driver/Src/stm32l4xx_hal_i2c.c.obj
                0x000000000800247e                HAL_I2C_AbortCpltCallback
 .text.I2C_Slave_ISR_IT
                0x0000000008002492      0x208 CMakeFiles/manipulator_6_dof.dir/Drivers/STM32L4xx_HAL_Driver/Src/stm32l4xx_hal_i2c.c.obj
 *fill*         0x000000000800269a        0x2 
 .text.I2C_RequestMemoryWrite
                0x000000000800269c       0xa8 CMakeFiles/manipulator_6_dof.dir/Drivers/STM32L4xx_HAL_Driver/Src/stm32l4xx_hal_i2c.c.obj
 .text.I2C_RequestMemoryRead
                0x0000000008002744       0xa8 CMakeFiles/manipulator_6_dof.dir/Drivers/STM32L4xx_HAL_Driver/Src/stm32l4xx_hal_i2c.c.obj
 .text.I2C_ITAddrCplt
                0x00000000080027ec      0x108 CMakeFiles/manipulator_6_dof.dir/Drivers/STM32L4xx_HAL_Driver/Src/stm32l4xx_hal_i2c.c.obj
 .text.I2C_ITSlaveSeqCplt
                0x00000000080028f4       0xbc CMakeFiles/manipulator_6_dof.dir/Drivers/STM32L4xx_HAL_Driver/Src/stm32l4xx_hal_i2c.c.obj
 .text.I2C_ITSlaveCplt
                0x00000000080029b0      0x2d4 CMakeFiles/manipulator_6_dof.dir/Drivers/STM32L4xx_HAL_Driver/Src/stm32l4xx_hal_i2c.c.obj
 .text.I2C_ITListenCplt
                0x0000000008002c84       0xac CMakeFiles/manipulator_6_dof.dir/Drivers/STM32L4xx_HAL_Driver/Src/stm32l4xx_hal_i2c.c.obj
 .text.I2C_ITError
                0x0000000008002d30      0x1e0 CMakeFiles/manipulator_6_dof.dir/Drivers/STM32L4xx_HAL_Driver/Src/stm32l4xx_hal_i2c.c.obj
 .text.I2C_TreatErrorCallback
                0x0000000008002f10       0x4e CMakeFiles/manipulator_6_dof.dir/Drivers/STM32L4xx_HAL_Driver/Src/stm32l4xx_hal_i2c.c.obj
 .text.I2C_Flush_TXDR
                0x0000000008002f5e       0x48 CMakeFiles/manipulator_6_dof.dir/Drivers/STM32L4xx_HAL_Driver/Src/stm32l4xx_hal_i2c.c.obj
 .text.I2C_DMAAbort
                0x0000000008002fa6       0x3c CMakeFiles/manipulator_6_dof.dir/Drivers/STM32L4xx_HAL_Driver/Src/stm32l4xx_hal_i2c.c.obj
 .text.I2C_WaitOnFlagUntilTimeout
                0x0000000008002fe2       0xb2 CMakeFiles/manipulator_6_dof.dir/Drivers/STM32L4xx_HAL_Driver/Src/stm32l4xx_hal_i2c.c.obj
 .text.I2C_WaitOnTXISFlagUntilTimeout
                0x0000000008003094       0x8e CMakeFiles/manipulator_6_dof.dir/Drivers/STM32L4xx_HAL_Driver/Src/stm32l4xx_hal_i2c.c.obj
 .text.I2C_WaitOnSTOPFlagUntilTimeout
                0x0000000008003122       0x86 CMakeFiles/manipulator_6_dof.dir/Drivers/STM32L4xx_HAL_Driver/Src/stm32l4xx_hal_i2c.c.obj
 .text.I2C_IsErrorOccurred
                0x00000000080031a8      0x1c0 CMakeFiles/manipulator_6_dof.dir/Drivers/STM32L4xx_HAL_Driver/Src/stm32l4xx_hal_i2c.c.obj
 .text.I2C_TransferConfig
                0x0000000008003368       0x64 CMakeFiles/manipulator_6_dof.dir/Drivers/STM32L4xx_HAL_Driver/Src/stm32l4xx_hal_i2c.c.obj
 .text.I2C_Disable_IRQ
                0x00000000080033cc       0xbc CMakeFiles/manipulator_6_dof.dir/Drivers/STM32L4xx_HAL_Driver/Src/stm32l4xx_hal_i2c.c.obj
 .text.HAL_I2CEx_ConfigAnalogFilter
                0x0000000008003488       0x96 CMakeFiles/manipulator_6_dof.dir/Drivers/STM32L4xx_HAL_Driver/Src/stm32l4xx_hal_i2c_ex.c.obj
                0x0000000008003488                HAL_I2CEx_ConfigAnalogFilter
 .text.HAL_I2CEx_ConfigDigitalFilter
                0x000000000800351e       0x98 CMakeFiles/manipulator_6_dof.dir/Drivers/STM32L4xx_HAL_Driver/Src/stm32l4xx_hal_i2c_ex.c.obj
                0x000000000800351e                HAL_I2CEx_ConfigDigitalFilter
 *fill*         0x00000000080035b6        0x2 
 .text.HAL_Init
                0x00000000080035b8       0x40 CMakeFiles/manipulator_6_dof.dir/Drivers/STM32L4xx_HAL_Driver/Src/stm32l4xx_hal.c.obj
                0x00000000080035b8                HAL_Init
 .text.HAL_InitTick
                0x00000000080035f8       0x78 CMakeFiles/manipulator_6_dof.dir/Drivers/STM32L4xx_HAL_Driver/Src/stm32l4xx_hal.c.obj
                0x00000000080035f8                HAL_InitTick
 .text.HAL_IncTick
                0x0000000008003670       0x28 CMakeFiles/manipulator_6_dof.dir/Drivers/STM32L4xx_HAL_Driver/Src/stm32l4xx_hal.c.obj
                0x0000000008003670                HAL_IncTick
 .text.HAL_GetTick
                0x0000000008003698       0x18 CMakeFiles/manipulator_6_dof.dir/Drivers/STM32L4xx_HAL_Driver/Src/stm32l4xx_hal.c.obj
                0x0000000008003698                HAL_GetTick
 .text.HAL_Delay
                0x00000000080036b0       0x48 CMakeFiles/manipulator_6_dof.dir/Drivers/STM32L4xx_HAL_Driver/Src/stm32l4xx_hal.c.obj
                0x00000000080036b0                HAL_Delay
 .text.HAL_RCC_OscConfig
                0x00000000080036f8      0x7b8 CMakeFiles/manipulator_6_dof.dir/Drivers/STM32L4xx_HAL_Driver/Src/stm32l4xx_hal_rcc.c.obj
                0x00000000080036f8                HAL_RCC_OscConfig
 .text.HAL_RCC_ClockConfig
                0x0000000008003eb0      0x200 CMakeFiles/manipulator_6_dof.dir/Drivers/STM32L4xx_HAL_Driver/Src/stm32l4xx_hal_rcc.c.obj
                0x0000000008003eb0                HAL_RCC_ClockConfig
 .text.HAL_RCC_GetSysClockFreq
                0x00000000080040b0      0x118 CMakeFiles/manipulator_6_dof.dir/Drivers/STM32L4xx_HAL_Driver/Src/stm32l4xx_hal_rcc.c.obj
                0x00000000080040b0                HAL_RCC_GetSysClockFreq
 .text.HAL_RCC_GetHCLKFreq
                0x00000000080041c8       0x18 CMakeFiles/manipulator_6_dof.dir/Drivers/STM32L4xx_HAL_Driver/Src/stm32l4xx_hal_rcc.c.obj
                0x00000000080041c8                HAL_RCC_GetHCLKFreq
 .text.HAL_RCC_GetPCLK1Freq
                0x00000000080041e0       0x2c CMakeFiles/manipulator_6_dof.dir/Drivers/STM32L4xx_HAL_Driver/Src/stm32l4xx_hal_rcc.c.obj
                0x00000000080041e0                HAL_RCC_GetPCLK1Freq
 .text.HAL_RCC_GetPCLK2Freq
                0x000000000800420c       0x2c CMakeFiles/manipulator_6_dof.dir/Drivers/STM32L4xx_HAL_Driver/Src/stm32l4xx_hal_rcc.c.obj
                0x000000000800420c                HAL_RCC_GetPCLK2Freq
 .text.RCC_SetFlashLatencyFromMSIRange
                0x0000000008004238       0xc0 CMakeFiles/manipulator_6_dof.dir/Drivers/STM32L4xx_HAL_Driver/Src/stm32l4xx_hal_rcc.c.obj
 .text.HAL_RCCEx_PeriphCLKConfig
                0x00000000080042f8      0x5d4 CMakeFiles/manipulator_6_dof.dir/Drivers/STM32L4xx_HAL_Driver/Src/stm32l4xx_hal_rcc_ex.c.obj
                0x00000000080042f8                HAL_RCCEx_PeriphCLKConfig
 .text.RCCEx_PLLSAI1_Config
                0x00000000080048cc      0x1e8 CMakeFiles/manipulator_6_dof.dir/Drivers/STM32L4xx_HAL_Driver/Src/stm32l4xx_hal_rcc_ex.c.obj
 .text.RCCEx_PLLSAI2_Config
                0x0000000008004ab4      0x1bc CMakeFiles/manipulator_6_dof.dir/Drivers/STM32L4xx_HAL_Driver/Src/stm32l4xx_hal_rcc_ex.c.obj
 .text.HAL_GPIO_Init
                0x0000000008004c70      0x354 CMakeFiles/manipulator_6_dof.dir/Drivers/STM32L4xx_HAL_Driver/Src/stm32l4xx_hal_gpio.c.obj
                0x0000000008004c70                HAL_GPIO_Init
 .text.HAL_GPIO_WritePin
                0x0000000008004fc4       0x30 CMakeFiles/manipulator_6_dof.dir/Drivers/STM32L4xx_HAL_Driver/Src/stm32l4xx_hal_gpio.c.obj
                0x0000000008004fc4                HAL_GPIO_WritePin
 .text.HAL_DMA_Init
                0x0000000008004ff4      0x170 CMakeFiles/manipulator_6_dof.dir/Drivers/STM32L4xx_HAL_Driver/Src/stm32l4xx_hal_dma.c.obj
                0x0000000008004ff4                HAL_DMA_Init
 .text.HAL_DMA_Abort_IT
                0x0000000008005164       0x82 CMakeFiles/manipulator_6_dof.dir/Drivers/STM32L4xx_HAL_Driver/Src/stm32l4xx_hal_dma.c.obj
                0x0000000008005164                HAL_DMA_Abort_IT
 .text.HAL_DMA_IRQHandler
                0x00000000080051e6      0x15e CMakeFiles/manipulator_6_dof.dir/Drivers/STM32L4xx_HAL_Driver/Src/stm32l4xx_hal_dma.c.obj
                0x00000000080051e6                HAL_DMA_IRQHandler
 .text.HAL_DMA_GetState
                0x0000000008005344       0x1c CMakeFiles/manipulator_6_dof.dir/Drivers/STM32L4xx_HAL_Driver/Src/stm32l4xx_hal_dma.c.obj
                0x0000000008005344                HAL_DMA_GetState
 .text.HAL_PWREx_GetVoltageRange
                0x0000000008005360       0x1c CMakeFiles/manipulator_6_dof.dir/Drivers/STM32L4xx_HAL_Driver/Src/stm32l4xx_hal_pwr_ex.c.obj
                0x0000000008005360                HAL_PWREx_GetVoltageRange
 .text.HAL_PWREx_ControlVoltageScaling
                0x000000000800537c       0xac CMakeFiles/manipulator_6_dof.dir/Drivers/STM32L4xx_HAL_Driver/Src/stm32l4xx_hal_pwr_ex.c.obj
                0x000000000800537c                HAL_PWREx_ControlVoltageScaling
 .text.__NVIC_SetPriorityGrouping
                0x0000000008005428       0x48 CMakeFiles/manipulator_6_dof.dir/Drivers/STM32L4xx_HAL_Driver/Src/stm32l4xx_hal_cortex.c.obj
 .text.__NVIC_GetPriorityGrouping
                0x0000000008005470       0x1c CMakeFiles/manipulator_6_dof.dir/Drivers/STM32L4xx_HAL_Driver/Src/stm32l4xx_hal_cortex.c.obj
 .text.__NVIC_EnableIRQ
                0x000000000800548c       0x3c CMakeFiles/manipulator_6_dof.dir/Drivers/STM32L4xx_HAL_Driver/Src/stm32l4xx_hal_cortex.c.obj
 .text.__NVIC_SetPriority
                0x00000000080054c8       0x54 CMakeFiles/manipulator_6_dof.dir/Drivers/STM32L4xx_HAL_Driver/Src/stm32l4xx_hal_cortex.c.obj
 .text.NVIC_EncodePriority
                0x000000000800551c       0x66 CMakeFiles/manipulator_6_dof.dir/Drivers/STM32L4xx_HAL_Driver/Src/stm32l4xx_hal_cortex.c.obj
 *fill*         0x0000000008005582        0x2 
 .text.SysTick_Config
                0x0000000008005584       0x44 CMakeFiles/manipulator_6_dof.dir/Drivers/STM32L4xx_HAL_Driver/Src/stm32l4xx_hal_cortex.c.obj
 .text.HAL_NVIC_SetPriorityGrouping
                0x00000000080055c8       0x16 CMakeFiles/manipulator_6_dof.dir/Drivers/STM32L4xx_HAL_Driver/Src/stm32l4xx_hal_cortex.c.obj
                0x00000000080055c8                HAL_NVIC_SetPriorityGrouping
 .text.HAL_NVIC_SetPriority
                0x00000000080055de       0x38 CMakeFiles/manipulator_6_dof.dir/Drivers/STM32L4xx_HAL_Driver/Src/stm32l4xx_hal_cortex.c.obj
                0x00000000080055de                HAL_NVIC_SetPriority
 .text.HAL_NVIC_EnableIRQ
                0x0000000008005616       0x1c CMakeFiles/manipulator_6_dof.dir/Drivers/STM32L4xx_HAL_Driver/Src/stm32l4xx_hal_cortex.c.obj
                0x0000000008005616                HAL_NVIC_EnableIRQ
 .text.HAL_SYSTICK_Config
                0x0000000008005632       0x18 CMakeFiles/manipulator_6_dof.dir/Drivers/STM32L4xx_HAL_Driver/Src/stm32l4xx_hal_cortex.c.obj
                0x0000000008005632                HAL_SYSTICK_Config
 .text.HAL_UART_Init
                0x000000000800564a       0x9c CMakeFiles/manipulator_6_dof.dir/Drivers/STM32L4xx_HAL_Driver/Src/stm32l4xx_hal_uart.c.obj
                0x000000000800564a                HAL_UART_Init
 .text.HAL_UART_Transmit
                0x00000000080056e6      0x114 CMakeFiles/manipulator_6_dof.dir/Drivers/STM32L4xx_HAL_Driver/Src/stm32l4xx_hal_uart.c.obj
                0x00000000080056e6                HAL_UART_Transmit
 *fill*         0x00000000080057fa        0x2 
 .text.UART_SetConfig
                0x00000000080057fc      0x570 CMakeFiles/manipulator_6_dof.dir/Drivers/STM32L4xx_HAL_Driver/Src/stm32l4xx_hal_uart.c.obj
                0x00000000080057fc                UART_SetConfig
 .text.UART_AdvFeatureConfig
                0x0000000008005d6c      0x144 CMakeFiles/manipulator_6_dof.dir/Drivers/STM32L4xx_HAL_Driver/Src/stm32l4xx_hal_uart.c.obj
                0x0000000008005d6c                UART_AdvFeatureConfig
 .text.UART_CheckIdleState
                0x0000000008005eb0      0x150 CMakeFiles/manipulator_6_dof.dir/Drivers/STM32L4xx_HAL_Driver/Src/stm32l4xx_hal_uart.c.obj
                0x0000000008005eb0                UART_CheckIdleState
 .text.UART_WaitOnFlagUntilTimeout
                0x0000000008006000       0xda CMakeFiles/manipulator_6_dof.dir/Drivers/STM32L4xx_HAL_Driver/Src/stm32l4xx_hal_uart.c.obj
                0x0000000008006000                UART_WaitOnFlagUntilTimeout
 .text.UART_EndRxTransfer
                0x00000000080060da       0xc8 CMakeFiles/manipulator_6_dof.dir/Drivers/STM32L4xx_HAL_Driver/Src/stm32l4xx_hal_uart.c.obj
 *fill*         0x00000000080061a2        0x2 
 .text.SystemInit
                0x00000000080061a4       0x24 CMakeFiles/manipulator_6_dof.dir/Core/Src/system_stm32l4xx.c.obj
                0x00000000080061a4                SystemInit
 .text._sbrk    0x00000000080061c8       0x6c CMakeFiles/manipulator_6_dof.dir/Core/Src/sysmem.c.obj
                0x00000000080061c8                _sbrk
 .text.Reset_Handler
                0x0000000008006234       0x50 CMakeFiles/manipulator_6_dof.dir/startup_stm32l476xx.s.obj
                0x0000000008006234                Reset_Handler
 .text.Default_Handler
                0x0000000008006284        0x2 CMakeFiles/manipulator_6_dof.dir/startup_stm32l476xx.s.obj
                0x0000000008006284                RTC_Alarm_IRQHandler
                0x0000000008006284                EXTI2_IRQHandler
                0x0000000008006284                TIM8_TRG_COM_IRQHandler
                0x0000000008006284                TIM8_CC_IRQHandler
                0x0000000008006284                TIM1_CC_IRQHandler
                0x0000000008006284                TSC_IRQHandler
                0x0000000008006284                TAMP_STAMP_IRQHandler
                0x0000000008006284                EXTI3_IRQHandler
                0x0000000008006284                LPTIM2_IRQHandler
                0x0000000008006284                DFSDM1_FLT1_IRQHandler
                0x0000000008006284                I2C3_ER_IRQHandler
                0x0000000008006284                DFSDM1_FLT2_IRQHandler
                0x0000000008006284                EXTI0_IRQHandler
                0x0000000008006284                I2C2_EV_IRQHandler
                0x0000000008006284                CAN1_RX0_IRQHandler
                0x0000000008006284                FPU_IRQHandler
                0x0000000008006284                TIM1_UP_TIM16_IRQHandler
                0x0000000008006284                ADC1_2_IRQHandler
                0x0000000008006284                SPI1_IRQHandler
                0x0000000008006284                TIM6_DAC_IRQHandler
                0x0000000008006284                TIM8_UP_IRQHandler
                0x0000000008006284                DMA2_Channel2_IRQHandler
                0x0000000008006284                DMA1_Channel4_IRQHandler
                0x0000000008006284                SAI2_IRQHandler
                0x0000000008006284                DFSDM1_FLT3_IRQHandler
                0x0000000008006284                USART3_IRQHandler
                0x0000000008006284                DMA1_Channel7_IRQHandler
                0x0000000008006284                CAN1_RX1_IRQHandler
                0x0000000008006284                LCD_IRQHandler
                0x0000000008006284                UART5_IRQHandler
                0x0000000008006284                ADC3_IRQHandler
                0x0000000008006284                TIM4_IRQHandler
                0x0000000008006284                DMA2_Channel1_IRQHandler
                0x0000000008006284                QUADSPI_IRQHandler
                0x0000000008006284                UART4_IRQHandler
                0x0000000008006284                DMA2_Channel4_IRQHandler
                0x0000000008006284                TIM3_IRQHandler
                0x0000000008006284                RCC_IRQHandler
                0x0000000008006284                DMA1_Channel1_IRQHandler
                0x0000000008006284                Default_Handler
                0x0000000008006284                DMA2_Channel7_IRQHandler
                0x0000000008006284                EXTI15_10_IRQHandler
                0x0000000008006284                TIM7_IRQHandler
                0x0000000008006284                SDMMC1_IRQHandler
                0x0000000008006284                TIM5_IRQHandler
                0x0000000008006284                I2C3_EV_IRQHandler
                0x0000000008006284                EXTI9_5_IRQHandler
                0x0000000008006284                RTC_WKUP_IRQHandler
                0x0000000008006284                PVD_PVM_IRQHandler
                0x0000000008006284                SPI2_IRQHandler
                0x0000000008006284                CAN1_TX_IRQHandler
                0x0000000008006284                DMA2_Channel5_IRQHandler
                0x0000000008006284                DMA1_Channel5_IRQHandler
                0x0000000008006284                EXTI4_IRQHandler
                0x0000000008006284                RNG_IRQHandler
                0x0000000008006284                TIM1_TRG_COM_TIM17_IRQHandler
                0x0000000008006284                DMA1_Channel3_IRQHandler
                0x0000000008006284                COMP_IRQHandler
                0x0000000008006284                WWDG_IRQHandler
                0x0000000008006284                LPUART1_IRQHandler
                0x0000000008006284                DMA2_Channel6_IRQHandler
                0x0000000008006284                TIM2_IRQHandler
                0x0000000008006284                EXTI1_IRQHandler
                0x0000000008006284                USART2_IRQHandler
                0x0000000008006284                DFSDM1_FLT0_IRQHandler
                0x0000000008006284                I2C2_ER_IRQHandler
                0x0000000008006284                DMA1_Channel2_IRQHandler
                0x0000000008006284                TIM8_BRK_IRQHandler
                0x0000000008006284                CAN1_SCE_IRQHandler
                0x0000000008006284                FLASH_IRQHandler
                0x0000000008006284                USART1_IRQHandler
                0x0000000008006284                OTG_FS_IRQHandler
                0x0000000008006284                SPI3_IRQHandler
                0x0000000008006284                FMC_IRQHandler
                0x0000000008006284                SWPMI1_IRQHandler
                0x0000000008006284                LPTIM1_IRQHandler
                0x0000000008006284                SAI1_IRQHandler
                0x0000000008006284                DMA2_Channel3_IRQHandler
                0x0000000008006284                TIM1_BRK_TIM15_IRQHandler
 *(.glue_7)
 .glue_7        0x0000000008006286        0x0 linker stubs
 *(.glue_7t)
 .glue_7t       0x0000000008006286        0x0 linker stubs
 *(.eh_frame)
 *fill*         0x0000000008006286        0x2 
 .eh_frame      0x0000000008006288        0x0 /usr/lib/gcc/arm-none-eabi/10.3.1/thumb/v7e-m+fp/hard/crtbegin.o
 *(.init)
 .init          0x0000000008006288        0x4 /usr/lib/gcc/arm-none-eabi/10.3.1/thumb/v7e-m+fp/hard/crti.o
                0x0000000008006288                _init
 .init          0x000000000800628c        0x8 /usr/lib/gcc/arm-none-eabi/10.3.1/thumb/v7e-m+fp/hard/crtn.o
 *(.fini)
 .fini          0x0000000008006294        0x4 /usr/lib/gcc/arm-none-eabi/10.3.1/thumb/v7e-m+fp/hard/crti.o
                0x0000000008006294                _fini
 .fini          0x0000000008006298        0x8 /usr/lib/gcc/arm-none-eabi/10.3.1/thumb/v7e-m+fp/hard/crtn.o
                0x00000000080062a0                . = ALIGN (0x8)
                0x00000000080062a0                _etext = .

.vfp11_veneer   0x00000000080062a0        0x0
 .vfp11_veneer  0x00000000080062a0        0x0 linker stubs

.v4_bx          0x00000000080062a0        0x0
 .v4_bx         0x00000000080062a0        0x0 linker stubs

.iplt           0x00000000080062a0        0x0
 .iplt          0x00000000080062a0        0x0 /usr/lib/gcc/arm-none-eabi/10.3.1/thumb/v7e-m+fp/hard/crtbegin.o

.rodata         0x00000000080062a0       0xe8
                0x00000000080062a0                . = ALIGN (0x8)
 *(.rodata)
 .rodata        0x00000000080062a0       0x5d CMakeFiles/manipulator_6_dof.dir/Core/Src/main.c.obj
 *(.rodata*)
 *fill*         0x00000000080062fd        0x3 
 .rodata.AHBPrescTable
                0x0000000008006300       0x10 CMakeFiles/manipulator_6_dof.dir/Core/Src/system_stm32l4xx.c.obj
                0x0000000008006300                AHBPrescTable
 .rodata.APBPrescTable
                0x0000000008006310        0x8 CMakeFiles/manipulator_6_dof.dir/Core/Src/system_stm32l4xx.c.obj
                0x0000000008006310                APBPrescTable
 .rodata.MSIRangeTable
                0x0000000008006318       0x30 CMakeFiles/manipulator_6_dof.dir/Core/Src/system_stm32l4xx.c.obj
                0x0000000008006318                MSIRangeTable
 .rodata.str1.4
                0x0000000008006348       0x13 /usr/lib/gcc/arm-none-eabi/10.3.1/../../../arm-none-eabi/lib/thumb/v7e-m+fp/hard/libg_nano.a(lib_a-nano-svfprintf.o)
 *fill*         0x000000000800635b        0x1 
 .rodata.str1.4
                0x000000000800635c       0x25 /usr/lib/gcc/arm-none-eabi/10.3.1/../../../arm-none-eabi/lib/thumb/v7e-m+fp/hard/libg_nano.a(lib_a-nano-vfprintf_i.o)
                0x0000000008006388                . = ALIGN (0x8)
 *fill*         0x0000000008006381        0x7 

.ARM.extab      0x0000000008006388        0x0
                0x0000000008006388                . = ALIGN (0x8)
 *(.ARM.extab* .gnu.linkonce.armextab.*)
                0x0000000008006388                . = ALIGN (0x8)

.ARM            0x0000000008006388        0x8
                0x0000000008006388                . = ALIGN (0x8)
                0x0000000008006388                __exidx_start = .
 *(.ARM.exidx*)
 .ARM.exidx     0x0000000008006388        0x8 /usr/lib/gcc/arm-none-eabi/10.3.1/thumb/v7e-m+fp/hard/libgcc.a(_udivmoddi4.o)
                0x0000000008006390                __exidx_end = .
                0x0000000008006390                . = ALIGN (0x8)

.rel.dyn        0x0000000008006390        0x0
 .rel.iplt      0x0000000008006390        0x0 /usr/lib/gcc/arm-none-eabi/10.3.1/thumb/v7e-m+fp/hard/crtbegin.o

.preinit_array  0x0000000008006390        0x0
                0x0000000008006390                . = ALIGN (0x8)
                0x0000000008006390                PROVIDE (__preinit_array_start = .)
 *(.preinit_array*)
                0x0000000008006390                PROVIDE (__preinit_array_end = .)
                0x0000000008006390                . = ALIGN (0x8)

.init_array     0x0000000008006390        0x8
                0x0000000008006390                . = ALIGN (0x8)
                0x0000000008006390                PROVIDE (__init_array_start = .)
 *(SORT_BY_NAME(.init_array.*))
 *(.init_array*)
 .init_array    0x0000000008006390        0x4 /usr/lib/gcc/arm-none-eabi/10.3.1/thumb/v7e-m+fp/hard/crtbegin.o
                0x0000000008006394                PROVIDE (__init_array_end = .)
                0x0000000008006398                . = ALIGN (0x8)
 *fill*         0x0000000008006394        0x4 

.fini_array     0x0000000008006398        0x8
                0x0000000008006398                . = ALIGN (0x8)
                0x0000000008006398                PROVIDE (__fini_array_start = .)
 *(SORT_BY_NAME(.fini_array.*))
 *(.fini_array*)
 .fini_array    0x0000000008006398        0x4 /usr/lib/gcc/arm-none-eabi/10.3.1/thumb/v7e-m+fp/hard/crtbegin.o
                0x000000000800639c                PROVIDE (__fini_array_end = .)
                0x00000000080063a0                . = ALIGN (0x8)
 *fill*         0x000000000800639c        0x4 
                0x00000000080063a0                _sidata = LOADADDR (.data)

.data           0x0000000020000000       0x70 load address 0x00000000080063a0
                0x0000000020000000                . = ALIGN (0x8)
                0x0000000020000000                _sdata = .
 *(.data)
 .data          0x0000000020000000       0x64 /usr/lib/gcc/arm-none-eabi/10.3.1/../../../arm-none-eabi/lib/thumb/v7e-m+fp/hard/libc_nano.a(lib_a-impure.o)
                0x0000000020000000                _impure_ptr
 *(.data*)
 .data.uwTickPrio
                0x0000000020000064        0x4 CMakeFiles/manipulator_6_dof.dir/Drivers/STM32L4xx_HAL_Driver/Src/stm32l4xx_hal.c.obj
                0x0000000020000064                uwTickPrio
 .data.uwTickFreq
                0x0000000020000068        0x1 CMakeFiles/manipulator_6_dof.dir/Drivers/STM32L4xx_HAL_Driver/Src/stm32l4xx_hal.c.obj
                0x0000000020000068                uwTickFreq
 *fill*         0x0000000020000069        0x3 
 .data.SystemCoreClock
                0x000000002000006c        0x4 CMakeFiles/manipulator_6_dof.dir/Core/Src/system_stm32l4xx.c.obj
                0x000000002000006c                SystemCoreClock
                0x0000000020000070                . = ALIGN (0x8)
                0x0000000020000070                _edata = .

.tm_clone_table
                0x0000000020000070        0x0 load address 0x0000000008006410
 .tm_clone_table
                0x0000000020000070        0x0 /usr/lib/gcc/arm-none-eabi/10.3.1/thumb/v7e-m+fp/hard/crtbegin.o
 .tm_clone_table
                0x0000000020000070        0x0 /usr/lib/gcc/arm-none-eabi/10.3.1/thumb/v7e-m+fp/hard/crtend.o

.igot.plt       0x0000000020000070        0x0 load address 0x0000000008006410
 .igot.plt      0x0000000020000070        0x0 /usr/lib/gcc/arm-none-eabi/10.3.1/thumb/v7e-m+fp/hard/crtbegin.o
                0x0000000020000070                . = ALIGN (0x4)

.bss            0x0000000020000070      0x154 load address 0x0000000008006410
                0x0000000020000070                _sbss = .
                0x0000000020000070                __bss_start__ = _sbss
 *(.bss)
 .bss           0x0000000020000070       0x1c /usr/lib/gcc/arm-none-eabi/10.3.1/thumb/v7e-m+fp/hard/crtbegin.o
 .bss           0x000000002000008c        0x8 /usr/lib/gcc/arm-none-eabi/10.3.1/../../../arm-none-eabi/lib/thumb/v7e-m+fp/hard/libg_nano.a(lib_a-nano-mallocr.o)
                0x000000002000008c                __malloc_free_list
                0x0000000020000090                __malloc_sbrk_start
 .bss           0x0000000020000094        0x4 /usr/lib/gcc/arm-none-eabi/10.3.1/../../../arm-none-eabi/lib/thumb/v7e-m+fp/hard/libg_nano.a(lib_a-reent.o)
                0x0000000020000094                errno
 *(.bss*)
 .bss.hi2c1     0x0000000020000098       0x54 CMakeFiles/manipulator_6_dof.dir/Core/Src/i2c.c.obj
                0x0000000020000098                hi2c1
 .bss.hdma_i2c1_tx
                0x00000000200000ec       0x48 CMakeFiles/manipulator_6_dof.dir/Core/Src/i2c.c.obj
                0x00000000200000ec                hdma_i2c1_tx
 .bss.huart2    0x0000000020000134       0x88 CMakeFiles/manipulator_6_dof.dir/Core/Src/usart.c.obj
                0x0000000020000134                huart2
 .bss.uwTick    0x00000000200001bc        0x4 CMakeFiles/manipulator_6_dof.dir/Drivers/STM32L4xx_HAL_Driver/Src/stm32l4xx_hal.c.obj
                0x00000000200001bc                uwTick
 .bss.__sbrk_heap_end
                0x00000000200001c0        0x4 CMakeFiles/manipulator_6_dof.dir/Core/Src/sysmem.c.obj
 *(COMMON)
                0x00000000200001c4                . = ALIGN (0x4)
                0x00000000200001c4                _ebss = .
                0x00000000200001c4                __bss_end__ = _ebss

._user_heap_stack
                0x00000000200001c4      0x604 load address 0x0000000008006410
                0x00000000200001c8                . = ALIGN (0x8)
 *fill*         0x00000000200001c4        0x4 
                [!provide]                        PROVIDE (end = .)
                0x00000000200001c8                PROVIDE (_end = .)
                0x00000000200003c8                . = (. + _Min_Heap_Size)
 *fill*         0x00000000200001c8      0x200 
                0x00000000200007c8                . = (. + _Min_Stack_Size)
 *fill*         0x00000000200003c8      0x400 
                0x00000000200007c8                . = ALIGN (0x8)

/DISCARD/
 libc.a(*)
 libm.a(*)
 libgcc.a(*)

.ARM.attributes
                0x0000000000000000       0x30
 *(.ARM.attributes)
 .ARM.attributes
                0x0000000000000000       0x1e /usr/lib/gcc/arm-none-eabi/10.3.1/thumb/v7e-m+fp/hard/crti.o
 .ARM.attributes
                0x000000000000001e       0x34 /usr/lib/gcc/arm-none-eabi/10.3.1/thumb/v7e-m+fp/hard/crtbegin.o
 .ARM.attributes
                0x0000000000000052       0x32 /usr/lib/gcc/arm-none-eabi/10.3.1/../../../arm-none-eabi/lib/thumb/v7e-m+fp/hard/libc_nano.a(lib_a-impure.o)
 .ARM.attributes
                0x0000000000000084       0x34 /usr/lib/gcc/arm-none-eabi/10.3.1/../../../arm-none-eabi/lib/thumb/v7e-m+fp/hard/libc_nano.a(lib_a-init.o)
 .ARM.attributes
                0x00000000000000b8       0x34 /usr/lib/gcc/arm-none-eabi/10.3.1/../../../arm-none-eabi/lib/thumb/v7e-m+fp/hard/libc_nano.a(lib_a-memset.o)
 .ARM.attributes
                0x00000000000000ec       0x34 CMakeFiles/manipulator_6_dof.dir/Core/Src/main.c.obj
 .ARM.attributes
                0x0000000000000120       0x34 CMakeFiles/manipulator_6_dof.dir/Core/Src/gpio.c.obj
 .ARM.attributes
                0x0000000000000154       0x34 CMakeFiles/manipulator_6_dof.dir/Core/Src/dma.c.obj
 .ARM.attributes
                0x0000000000000188       0x34 CMakeFiles/manipulator_6_dof.dir/Core/Src/i2c.c.obj
 .ARM.attributes
                0x00000000000001bc       0x34 CMakeFiles/manipulator_6_dof.dir/Core/Src/usart.c.obj
 .ARM.attributes
                0x00000000000001f0       0x34 CMakeFiles/manipulator_6_dof.dir/Core/Src/stm32l4xx_it.c.obj
 .ARM.attributes
                0x0000000000000224       0x34 CMakeFiles/manipulator_6_dof.dir/Core/Src/stm32l4xx_hal_msp.c.obj
 .ARM.attributes
                0x0000000000000258       0x34 CMakeFiles/manipulator_6_dof.dir/Drivers/STM32L4xx_HAL_Driver/Src/stm32l4xx_hal_i2c.c.obj
 .ARM.attributes
                0x000000000000028c       0x34 CMakeFiles/manipulator_6_dof.dir/Drivers/STM32L4xx_HAL_Driver/Src/stm32l4xx_hal_i2c_ex.c.obj
 .ARM.attributes
                0x00000000000002c0       0x34 CMakeFiles/manipulator_6_dof.dir/Drivers/STM32L4xx_HAL_Driver/Src/stm32l4xx_hal.c.obj
 .ARM.attributes
                0x00000000000002f4       0x34 CMakeFiles/manipulator_6_dof.dir/Drivers/STM32L4xx_HAL_Driver/Src/stm32l4xx_hal_rcc.c.obj
 .ARM.attributes
                0x0000000000000328       0x34 CMakeFiles/manipulator_6_dof.dir/Drivers/STM32L4xx_HAL_Driver/Src/stm32l4xx_hal_rcc_ex.c.obj
 .ARM.attributes
                0x000000000000035c       0x34 CMakeFiles/manipulator_6_dof.dir/Drivers/STM32L4xx_HAL_Driver/Src/stm32l4xx_hal_gpio.c.obj
 .ARM.attributes
                0x0000000000000390       0x34 CMakeFiles/manipulator_6_dof.dir/Drivers/STM32L4xx_HAL_Driver/Src/stm32l4xx_hal_dma.c.obj
 .ARM.attributes
                0x00000000000003c4       0x34 CMakeFiles/manipulator_6_dof.dir/Drivers/STM32L4xx_HAL_Driver/Src/stm32l4xx_hal_pwr_ex.c.obj
 .ARM.attributes
                0x00000000000003f8       0x34 CMakeFiles/manipulator_6_dof.dir/Drivers/STM32L4xx_HAL_Driver/Src/stm32l4xx_hal_cortex.c.obj
 .ARM.attributes
                0x000000000000042c       0x34 CMakeFiles/manipulator_6_dof.dir/Drivers/STM32L4xx_HAL_Driver/Src/stm32l4xx_hal_uart.c.obj
 .ARM.attributes
                0x0000000000000460       0x34 CMakeFiles/manipulator_6_dof.dir/Core/Src/system_stm32l4xx.c.obj
 .ARM.attributes
                0x0000000000000494       0x34 CMakeFiles/manipulator_6_dof.dir/Core/Src/sysmem.c.obj
 .ARM.attributes
                0x00000000000004c8       0x21 CMakeFiles/manipulator_6_dof.dir/startup_stm32l476xx.s.obj
 .ARM.attributes
                0x00000000000004e9       0x1e /usr/lib/gcc/arm-none-eabi/10.3.1/thumb/v7e-m+fp/hard/libgcc.a(_aeabi_uldivmod.o)
 .ARM.attributes
                0x0000000000000507       0x34 /usr/lib/gcc/arm-none-eabi/10.3.1/thumb/v7e-m+fp/hard/libgcc.a(_udivmoddi4.o)
 .ARM.attributes
                0x000000000000053b       0x1e /usr/lib/gcc/arm-none-eabi/10.3.1/thumb/v7e-m+fp/hard/libgcc.a(_dvmd_tls.o)
 .ARM.attributes
                0x0000000000000559       0x34 /usr/lib/gcc/arm-none-eabi/10.3.1/../../../arm-none-eabi/lib/thumb/v7e-m+fp/hard/libg_nano.a(lib_a-errno.o)
 .ARM.attributes
                0x000000000000058d       0x34 /usr/lib/gcc/arm-none-eabi/10.3.1/../../../arm-none-eabi/lib/thumb/v7e-m+fp/hard/libg_nano.a(lib_a-snprintf.o)
 .ARM.attributes
                0x00000000000005c1       0x1c /usr/lib/gcc/arm-none-eabi/10.3.1/../../../arm-none-eabi/lib/thumb/v7e-m+fp/hard/libg_nano.a(lib_a-strlen.o)
 .ARM.attributes
                0x00000000000005dd       0x34 /usr/lib/gcc/arm-none-eabi/10.3.1/../../../arm-none-eabi/lib/thumb/v7e-m+fp/hard/libg_nano.a(lib_a-nano-svfprintf.o)
 .ARM.attributes
                0x0000000000000611       0x34 /usr/lib/gcc/arm-none-eabi/10.3.1/../../../arm-none-eabi/lib/thumb/v7e-m+fp/hard/libg_nano.a(lib_a-nano-vfprintf_i.o)
 .ARM.attributes
                0x0000000000000645       0x1c /usr/lib/gcc/arm-none-eabi/10.3.1/../../../arm-none-eabi/lib/thumb/v7e-m+fp/hard/libg_nano.a(lib_a-memchr.o)
 .ARM.attributes
                0x0000000000000661       0x1c /usr/lib/gcc/arm-none-eabi/10.3.1/../../../arm-none-eabi/lib/thumb/v7e-m+fp/hard/libg_nano.a(lib_a-memcpy.o)
 .ARM.attributes
                0x000000000000067d       0x34 /usr/lib/gcc/arm-none-eabi/10.3.1/../../../arm-none-eabi/lib/thumb/v7e-m+fp/hard/libg_nano.a(lib_a-memmove.o)
 .ARM.attributes
                0x00000000000006b1       0x34 /usr/lib/gcc/arm-none-eabi/10.3.1/../../../arm-none-eabi/lib/thumb/v7e-m+fp/hard/libg_nano.a(lib_a-nano-freer.o)
 .ARM.attributes
                0x00000000000006e5       0x34 /usr/lib/gcc/arm-none-eabi/10.3.1/../../../arm-none-eabi/lib/thumb/v7e-m+fp/hard/libg_nano.a(lib_a-nano-mallocr.o)
 .ARM.attributes
                0x0000000000000719       0x34 /usr/lib/gcc/arm-none-eabi/10.3.1/../../../arm-none-eabi/lib/thumb/v7e-m+fp/hard/libg_nano.a(lib_a-nano-reallocr.o)
 .ARM.attributes
                0x000000000000074d       0x34 /usr/lib/gcc/arm-none-eabi/10.3.1/../../../arm-none-eabi/lib/thumb/v7e-m+fp/hard/libg_nano.a(lib_a-sbrkr.o)
 .ARM.attributes
                0x0000000000000781       0x34 /usr/lib/gcc/arm-none-eabi/10.3.1/../../../arm-none-eabi/lib/thumb/v7e-m+fp/hard/libg_nano.a(lib_a-mlock.o)
 .ARM.attributes
                0x00000000000007b5       0x34 /usr/lib/gcc/arm-none-eabi/10.3.1/../../../arm-none-eabi/lib/thumb/v7e-m+fp/hard/libg_nano.a(lib_a-nano-msizer.o)
 .ARM.attributes
                0x00000000000007e9       0x34 /usr/lib/gcc/arm-none-eabi/10.3.1/../../../arm-none-eabi/lib/thumb/v7e-m+fp/hard/libg_nano.a(lib_a-reent.o)
 .ARM.attributes
                0x000000000000081d       0x32 /usr/lib/gcc/arm-none-eabi/10.3.1/thumb/v7e-m+fp/hard/crtend.o
 .ARM.attributes
                0x000000000000084f       0x1e /usr/lib/gcc/arm-none-eabi/10.3.1/thumb/v7e-m+fp/hard/crtn.o
OUTPUT(manipulator_6_dof.elf elf32-littlearm)
LOAD linker stubs
LOAD /usr/lib/gcc/arm-none-eabi/10.3.1/../../../arm-none-eabi/lib/thumb/v7e-m+fp/hard/libc.a
LOAD /usr/lib/gcc/arm-none-eabi/10.3.1/../../../arm-none-eabi/lib/thumb/v7e-m+fp/hard/libm.a
LOAD /usr/lib/gcc/arm-none-eabi/10.3.1/thumb/v7e-m+fp/hard/libgcc.a

.comment        0x0000000000000000       0x33
 .comment       0x0000000000000000       0x33 /usr/lib/gcc/arm-none-eabi/10.3.1/thumb/v7e-m+fp/hard/crtbegin.o
                                         0x34 (size before relaxing)
 .comment       0x0000000000000033       0x34 /usr/lib/gcc/arm-none-eabi/10.3.1/../../../arm-none-eabi/lib/thumb/v7e-m+fp/hard/libc_nano.a(lib_a-impure.o)
 .comment       0x0000000000000033       0x34 /usr/lib/gcc/arm-none-eabi/10.3.1/../../../arm-none-eabi/lib/thumb/v7e-m+fp/hard/libc_nano.a(lib_a-init.o)
 .comment       0x0000000000000033       0x34 /usr/lib/gcc/arm-none-eabi/10.3.1/../../../arm-none-eabi/lib/thumb/v7e-m+fp/hard/libc_nano.a(lib_a-memset.o)
 .comment       0x0000000000000033       0x34 CMakeFiles/manipulator_6_dof.dir/Core/Src/main.c.obj
 .comment       0x0000000000000033       0x34 CMakeFiles/manipulator_6_dof.dir/Core/Src/gpio.c.obj
 .comment       0x0000000000000033       0x34 CMakeFiles/manipulator_6_dof.dir/Core/Src/dma.c.obj
 .comment       0x0000000000000033       0x34 CMakeFiles/manipulator_6_dof.dir/Core/Src/i2c.c.obj
 .comment       0x0000000000000033       0x34 CMakeFiles/manipulator_6_dof.dir/Core/Src/usart.c.obj
 .comment       0x0000000000000033       0x34 CMakeFiles/manipulator_6_dof.dir/Core/Src/stm32l4xx_it.c.obj
 .comment       0x0000000000000033       0x34 CMakeFiles/manipulator_6_dof.dir/Core/Src/stm32l4xx_hal_msp.c.obj
 .comment       0x0000000000000033       0x34 CMakeFiles/manipulator_6_dof.dir/Drivers/STM32L4xx_HAL_Driver/Src/stm32l4xx_hal_i2c.c.obj
 .comment       0x0000000000000033       0x34 CMakeFiles/manipulator_6_dof.dir/Drivers/STM32L4xx_HAL_Driver/Src/stm32l4xx_hal_i2c_ex.c.obj
 .comment       0x0000000000000033       0x34 CMakeFiles/manipulator_6_dof.dir/Drivers/STM32L4xx_HAL_Driver/Src/stm32l4xx_hal.c.obj
 .comment       0x0000000000000033       0x34 CMakeFiles/manipulator_6_dof.dir/Drivers/STM32L4xx_HAL_Driver/Src/stm32l4xx_hal_rcc.c.obj
 .comment       0x0000000000000033       0x34 CMakeFiles/manipulator_6_dof.dir/Drivers/STM32L4xx_HAL_Driver/Src/stm32l4xx_hal_rcc_ex.c.obj
 .comment       0x0000000000000033       0x34 CMakeFiles/manipulator_6_dof.dir/Drivers/STM32L4xx_HAL_Driver/Src/stm32l4xx_hal_gpio.c.obj
 .comment       0x0000000000000033       0x34 CMakeFiles/manipulator_6_dof.dir/Drivers/STM32L4xx_HAL_Driver/Src/stm32l4xx_hal_dma.c.obj
 .comment       0x0000000000000033       0x34 CMakeFiles/manipulator_6_dof.dir/Drivers/STM32L4xx_HAL_Driver/Src/stm32l4xx_hal_pwr_ex.c.obj
 .comment       0x0000000000000033       0x34 CMakeFiles/manipulator_6_dof.dir/Drivers/STM32L4xx_HAL_Driver/Src/stm32l4xx_hal_cortex.c.obj
 .comment       0x0000000000000033       0x34 CMakeFiles/manipulator_6_dof.dir/Drivers/STM32L4xx_HAL_Driver/Src/stm32l4xx_hal_uart.c.obj
 .comment       0x0000000000000033       0x34 CMakeFiles/manipulator_6_dof.dir/Core/Src/system_stm32l4xx.c.obj
 .comment       0x0000000000000033       0x34 CMakeFiles/manipulator_6_dof.dir/Core/Src/sysmem.c.obj
 .comment       0x0000000000000033       0x34 /usr/lib/gcc/arm-none-eabi/10.3.1/thumb/v7e-m+fp/hard/libgcc.a(_udivmoddi4.o)
 .comment       0x0000000000000033       0x34 /usr/lib/gcc/arm-none-eabi/10.3.1/../../../arm-none-eabi/lib/thumb/v7e-m+fp/hard/libg_nano.a(lib_a-errno.o)
 .comment       0x0000000000000033       0x34 /usr/lib/gcc/arm-none-eabi/10.3.1/../../../arm-none-eabi/lib/thumb/v7e-m+fp/hard/libg_nano.a(lib_a-snprintf.o)
 .comment       0x0000000000000033       0x34 /usr/lib/gcc/arm-none-eabi/10.3.1/../../../arm-none-eabi/lib/thumb/v7e-m+fp/hard/libg_nano.a(lib_a-nano-svfprintf.o)
 .comment       0x0000000000000033       0x34 /usr/lib/gcc/arm-none-eabi/10.3.1/../../../arm-none-eabi/lib/thumb/v7e-m+fp/hard/libg_nano.a(lib_a-nano-vfprintf_i.o)
 .comment       0x0000000000000033       0x34 /usr/lib/gcc/arm-none-eabi/10.3.1/../../../arm-none-eabi/lib/thumb/v7e-m+fp/hard/libg_nano.a(lib_a-memmove.o)
 .comment       0x0000000000000033       0x34 /usr/lib/gcc/arm-none-eabi/10.3.1/../../../arm-none-eabi/lib/thumb/v7e-m+fp/hard/libg_nano.a(lib_a-nano-freer.o)
 .comment       0x0000000000000033       0x34 /usr/lib/gcc/arm-none-eabi/10.3.1/../../../arm-none-eabi/lib/thumb/v7e-m+fp/hard/libg_nano.a(lib_a-nano-mallocr.o)
 .comment       0x0000000000000033       0x34 /usr/lib/gcc/arm-none-eabi/10.3.1/../../../arm-none-eabi/lib/thumb/v7e-m+fp/hard/libg_nano.a(lib_a-nano-reallocr.o)
 .comment       0x0000000000000033       0x34 /usr/lib/gcc/arm-none-eabi/10.3.1/../../../arm-none-eabi/lib/thumb/v7e-m+fp/hard/libg_nano.a(lib_a-sbrkr.o)
 .comment       0x0000000000000033       0x34 /usr/lib/gcc/arm-none-eabi/10.3.1/../../../arm-none-eabi/lib/thumb/v7e-m+fp/hard/libg_nano.a(lib_a-mlock.o)
 .comment       0x0000000000000033       0x34 /usr/lib/gcc/arm-none-eabi/10.3.1/../../../arm-none-eabi/lib/thumb/v7e-m+fp/hard/libg_nano.a(lib_a-nano-msizer.o)
 .comment       0x0000000000000033       0x34 /usr/lib/gcc/arm-none-eabi/10.3.1/../../../arm-none-eabi/lib/thumb/v7e-m+fp/hard/libg_nano.a(lib_a-reent.o)
 .comment       0x0000000000000033       0x34 /usr/lib/gcc/arm-none-eabi/10.3.1/thumb/v7e-m+fp/hard/crtend.o

.debug_info     0x0000000000000000    0x17f4e
 .debug_info    0x0000000000000000      0x863 /usr/lib/gcc/arm-none-eabi/10.3.1/../../../arm-none-eabi/lib/thumb/v7e-m+fp/hard/libc_nano.a(lib_a-impure.o)
 .debug_info    0x0000000000000863      0x11a /usr/lib/gcc/arm-none-eabi/10.3.1/../../../arm-none-eabi/lib/thumb/v7e-m+fp/hard/libc_nano.a(lib_a-init.o)
 .debug_info    0x000000000000097d      0x137 /usr/lib/gcc/arm-none-eabi/10.3.1/../../../arm-none-eabi/lib/thumb/v7e-m+fp/hard/libc_nano.a(lib_a-memset.o)
 .debug_info    0x0000000000000ab4      0xeb6 CMakeFiles/manipulator_6_dof.dir/Core/Src/main.c.obj
 .debug_info    0x000000000000196a      0x48a CMakeFiles/manipulator_6_dof.dir/Core/Src/gpio.c.obj
 .debug_info    0x0000000000001df4      0x50a CMakeFiles/manipulator_6_dof.dir/Core/Src/dma.c.obj
 .debug_info    0x00000000000022fe      0xe74 CMakeFiles/manipulator_6_dof.dir/Core/Src/i2c.c.obj
 .debug_info    0x0000000000003172      0xcce CMakeFiles/manipulator_6_dof.dir/Core/Src/usart.c.obj
 .debug_info    0x0000000000003e40      0x6f0 CMakeFiles/manipulator_6_dof.dir/Core/Src/stm32l4xx_it.c.obj
 .debug_info    0x0000000000004530      0x2fc CMakeFiles/manipulator_6_dof.dir/Core/Src/stm32l4xx_hal_msp.c.obj
 .debug_info    0x000000000000482c     0x227c CMakeFiles/manipulator_6_dof.dir/Drivers/STM32L4xx_HAL_Driver/Src/stm32l4xx_hal_i2c.c.obj
 .debug_info    0x0000000000006aa8      0xa15 CMakeFiles/manipulator_6_dof.dir/Drivers/STM32L4xx_HAL_Driver/Src/stm32l4xx_hal_i2c_ex.c.obj
 .debug_info    0x00000000000074bd      0xbf8 CMakeFiles/manipulator_6_dof.dir/Drivers/STM32L4xx_HAL_Driver/Src/stm32l4xx_hal.c.obj
 .debug_info    0x00000000000080b5      0xc74 CMakeFiles/manipulator_6_dof.dir/Drivers/STM32L4xx_HAL_Driver/Src/stm32l4xx_hal_rcc.c.obj
 .debug_info    0x0000000000008d29      0xe10 CMakeFiles/manipulator_6_dof.dir/Drivers/STM32L4xx_HAL_Driver/Src/stm32l4xx_hal_rcc_ex.c.obj
 .debug_info    0x0000000000009b39      0x809 CMakeFiles/manipulator_6_dof.dir/Drivers/STM32L4xx_HAL_Driver/Src/stm32l4xx_hal_gpio.c.obj
 .debug_info    0x000000000000a342      0x751 CMakeFiles/manipulator_6_dof.dir/Drivers/STM32L4xx_HAL_Driver/Src/stm32l4xx_hal_dma.c.obj
 .debug_info    0x000000000000aa93      0x9cf CMakeFiles/manipulator_6_dof.dir/Drivers/STM32L4xx_HAL_Driver/Src/stm32l4xx_hal_pwr_ex.c.obj
 .debug_info    0x000000000000b462      0xe32 CMakeFiles/manipulator_6_dof.dir/Drivers/STM32L4xx_HAL_Driver/Src/stm32l4xx_hal_cortex.c.obj
 .debug_info    0x000000000000c294     0x3cc4 CMakeFiles/manipulator_6_dof.dir/Drivers/STM32L4xx_HAL_Driver/Src/stm32l4xx_hal_uart.c.obj
 .debug_info    0x000000000000ff58      0x5ae CMakeFiles/manipulator_6_dof.dir/Core/Src/system_stm32l4xx.c.obj
 .debug_info    0x0000000000010506      0x147 CMakeFiles/manipulator_6_dof.dir/Core/Src/sysmem.c.obj
 .debug_info    0x000000000001064d       0x22 CMakeFiles/manipulator_6_dof.dir/startup_stm32l476xx.s.obj
 .debug_info    0x000000000001066f       0x26 /usr/lib/gcc/arm-none-eabi/10.3.1/thumb/v7e-m+fp/hard/libgcc.a(_aeabi_uldivmod.o)
 .debug_info    0x0000000000010695      0x717 /usr/lib/gcc/arm-none-eabi/10.3.1/thumb/v7e-m+fp/hard/libgcc.a(_udivmoddi4.o)
 .debug_info    0x0000000000010dac       0x26 /usr/lib/gcc/arm-none-eabi/10.3.1/thumb/v7e-m+fp/hard/libgcc.a(_dvmd_tls.o)
 .debug_info    0x0000000000010dd2      0x7ae /usr/lib/gcc/arm-none-eabi/10.3.1/../../../arm-none-eabi/lib/thumb/v7e-m+fp/hard/libg_nano.a(lib_a-errno.o)
 .debug_info    0x0000000000011580      0x9b5 /usr/lib/gcc/arm-none-eabi/10.3.1/../../../arm-none-eabi/lib/thumb/v7e-m+fp/hard/libg_nano.a(lib_a-snprintf.o)
 .debug_info    0x0000000000011f35       0x26 /usr/lib/gcc/arm-none-eabi/10.3.1/../../../arm-none-eabi/lib/thumb/v7e-m+fp/hard/libg_nano.a(lib_a-strlen.o)
 .debug_info    0x0000000000011f5b     0x10d5 /usr/lib/gcc/arm-none-eabi/10.3.1/../../../arm-none-eabi/lib/thumb/v7e-m+fp/hard/libg_nano.a(lib_a-nano-svfprintf.o)
 .debug_info    0x0000000000013030      0xe9e /usr/lib/gcc/arm-none-eabi/10.3.1/../../../arm-none-eabi/lib/thumb/v7e-m+fp/hard/libg_nano.a(lib_a-nano-vfprintf_i.o)
 .debug_info    0x0000000000013ece       0x26 /usr/lib/gcc/arm-none-eabi/10.3.1/../../../arm-none-eabi/lib/thumb/v7e-m+fp/hard/libg_nano.a(lib_a-memchr.o)
 .debug_info    0x0000000000013ef4       0x26 /usr/lib/gcc/arm-none-eabi/10.3.1/../../../arm-none-eabi/lib/thumb/v7e-m+fp/hard/libg_nano.a(lib_a-memcpy.o)
 .debug_info    0x0000000000013f1a      0x152 /usr/lib/gcc/arm-none-eabi/10.3.1/../../../arm-none-eabi/lib/thumb/v7e-m+fp/hard/libg_nano.a(lib_a-memmove.o)
 .debug_info    0x000000000001406c      0x903 /usr/lib/gcc/arm-none-eabi/10.3.1/../../../arm-none-eabi/lib/thumb/v7e-m+fp/hard/libg_nano.a(lib_a-nano-freer.o)
 .debug_info    0x000000000001496f      0xa0c /usr/lib/gcc/arm-none-eabi/10.3.1/../../../arm-none-eabi/lib/thumb/v7e-m+fp/hard/libg_nano.a(lib_a-nano-mallocr.o)
 .debug_info    0x000000000001537b      0x911 /usr/lib/gcc/arm-none-eabi/10.3.1/../../../arm-none-eabi/lib/thumb/v7e-m+fp/hard/libg_nano.a(lib_a-nano-reallocr.o)
 .debug_info    0x0000000000015c8c      0x828 /usr/lib/gcc/arm-none-eabi/10.3.1/../../../arm-none-eabi/lib/thumb/v7e-m+fp/hard/libg_nano.a(lib_a-sbrkr.o)
 .debug_info    0x00000000000164b4      0x7dc /usr/lib/gcc/arm-none-eabi/10.3.1/../../../arm-none-eabi/lib/thumb/v7e-m+fp/hard/libg_nano.a(lib_a-mlock.o)
 .debug_info    0x0000000000016c90      0x840 /usr/lib/gcc/arm-none-eabi/10.3.1/../../../arm-none-eabi/lib/thumb/v7e-m+fp/hard/libg_nano.a(lib_a-nano-msizer.o)
 .debug_info    0x00000000000174d0      0xa7e /usr/lib/gcc/arm-none-eabi/10.3.1/../../../arm-none-eabi/lib/thumb/v7e-m+fp/hard/libg_nano.a(lib_a-reent.o)

.debug_abbrev   0x0000000000000000     0x3ccf
 .debug_abbrev  0x0000000000000000      0x151 /usr/lib/gcc/arm-none-eabi/10.3.1/../../../arm-none-eabi/lib/thumb/v7e-m+fp/hard/libc_nano.a(lib_a-impure.o)
 .debug_abbrev  0x0000000000000151       0xcc /usr/lib/gcc/arm-none-eabi/10.3.1/../../../arm-none-eabi/lib/thumb/v7e-m+fp/hard/libc_nano.a(lib_a-init.o)
 .debug_abbrev  0x000000000000021d       0xb4 /usr/lib/gcc/arm-none-eabi/10.3.1/../../../arm-none-eabi/lib/thumb/v7e-m+fp/hard/libc_nano.a(lib_a-memset.o)
 .debug_abbrev  0x00000000000002d1      0x231 CMakeFiles/manipulator_6_dof.dir/Core/Src/main.c.obj
 .debug_abbrev  0x0000000000000502      0x121 CMakeFiles/manipulator_6_dof.dir/Core/Src/gpio.c.obj
 .debug_abbrev  0x0000000000000623       0xdc CMakeFiles/manipulator_6_dof.dir/Core/Src/dma.c.obj
 .debug_abbrev  0x00000000000006ff      0x1c8 CMakeFiles/manipulator_6_dof.dir/Core/Src/i2c.c.obj
 .debug_abbrev  0x00000000000008c7      0x1a8 CMakeFiles/manipulator_6_dof.dir/Core/Src/usart.c.obj
 .debug_abbrev  0x0000000000000a6f      0x142 CMakeFiles/manipulator_6_dof.dir/Core/Src/stm32l4xx_it.c.obj
 .debug_abbrev  0x0000000000000bb1       0xc2 CMakeFiles/manipulator_6_dof.dir/Core/Src/stm32l4xx_hal_msp.c.obj
 .debug_abbrev  0x0000000000000c73      0x21e CMakeFiles/manipulator_6_dof.dir/Drivers/STM32L4xx_HAL_Driver/Src/stm32l4xx_hal_i2c.c.obj
 .debug_abbrev  0x0000000000000e91      0x1b0 CMakeFiles/manipulator_6_dof.dir/Drivers/STM32L4xx_HAL_Driver/Src/stm32l4xx_hal_i2c_ex.c.obj
 .debug_abbrev  0x0000000000001041      0x207 CMakeFiles/manipulator_6_dof.dir/Drivers/STM32L4xx_HAL_Driver/Src/stm32l4xx_hal.c.obj
 .debug_abbrev  0x0000000000001248      0x275 CMakeFiles/manipulator_6_dof.dir/Drivers/STM32L4xx_HAL_Driver/Src/stm32l4xx_hal_rcc.c.obj
 .debug_abbrev  0x00000000000014bd      0x255 CMakeFiles/manipulator_6_dof.dir/Drivers/STM32L4xx_HAL_Driver/Src/stm32l4xx_hal_rcc_ex.c.obj
 .debug_abbrev  0x0000000000001712      0x1bb CMakeFiles/manipulator_6_dof.dir/Drivers/STM32L4xx_HAL_Driver/Src/stm32l4xx_hal_gpio.c.obj
 .debug_abbrev  0x00000000000018cd      0x1c2 CMakeFiles/manipulator_6_dof.dir/Drivers/STM32L4xx_HAL_Driver/Src/stm32l4xx_hal_dma.c.obj
 .debug_abbrev  0x0000000000001a8f      0x1e0 CMakeFiles/manipulator_6_dof.dir/Drivers/STM32L4xx_HAL_Driver/Src/stm32l4xx_hal_pwr_ex.c.obj
 .debug_abbrev  0x0000000000001c6f      0x30d CMakeFiles/manipulator_6_dof.dir/Drivers/STM32L4xx_HAL_Driver/Src/stm32l4xx_hal_cortex.c.obj
 .debug_abbrev  0x0000000000001f7c      0x27b CMakeFiles/manipulator_6_dof.dir/Drivers/STM32L4xx_HAL_Driver/Src/stm32l4xx_hal_uart.c.obj
 .debug_abbrev  0x00000000000021f7      0x116 CMakeFiles/manipulator_6_dof.dir/Core/Src/system_stm32l4xx.c.obj
 .debug_abbrev  0x000000000000230d       0xa6 CMakeFiles/manipulator_6_dof.dir/Core/Src/sysmem.c.obj
 .debug_abbrev  0x00000000000023b3       0x12 CMakeFiles/manipulator_6_dof.dir/startup_stm32l476xx.s.obj
 .debug_abbrev  0x00000000000023c5       0x14 /usr/lib/gcc/arm-none-eabi/10.3.1/thumb/v7e-m+fp/hard/libgcc.a(_aeabi_uldivmod.o)
 .debug_abbrev  0x00000000000023d9      0x163 /usr/lib/gcc/arm-none-eabi/10.3.1/thumb/v7e-m+fp/hard/libgcc.a(_udivmoddi4.o)
 .debug_abbrev  0x000000000000253c       0x14 /usr/lib/gcc/arm-none-eabi/10.3.1/thumb/v7e-m+fp/hard/libgcc.a(_dvmd_tls.o)
 .debug_abbrev  0x0000000000002550      0x157 /usr/lib/gcc/arm-none-eabi/10.3.1/../../../arm-none-eabi/lib/thumb/v7e-m+fp/hard/libg_nano.a(lib_a-errno.o)
 .debug_abbrev  0x00000000000026a7      0x216 /usr/lib/gcc/arm-none-eabi/10.3.1/../../../arm-none-eabi/lib/thumb/v7e-m+fp/hard/libg_nano.a(lib_a-snprintf.o)
 .debug_abbrev  0x00000000000028bd       0x14 /usr/lib/gcc/arm-none-eabi/10.3.1/../../../arm-none-eabi/lib/thumb/v7e-m+fp/hard/libg_nano.a(lib_a-strlen.o)
 .debug_abbrev  0x00000000000028d1      0x2ca /usr/lib/gcc/arm-none-eabi/10.3.1/../../../arm-none-eabi/lib/thumb/v7e-m+fp/hard/libg_nano.a(lib_a-nano-svfprintf.o)
 .debug_abbrev  0x0000000000002b9b      0x25c /usr/lib/gcc/arm-none-eabi/10.3.1/../../../arm-none-eabi/lib/thumb/v7e-m+fp/hard/libg_nano.a(lib_a-nano-vfprintf_i.o)
 .debug_abbrev  0x0000000000002df7       0x14 /usr/lib/gcc/arm-none-eabi/10.3.1/../../../arm-none-eabi/lib/thumb/v7e-m+fp/hard/libg_nano.a(lib_a-memchr.o)
 .debug_abbrev  0x0000000000002e0b       0x14 /usr/lib/gcc/arm-none-eabi/10.3.1/../../../arm-none-eabi/lib/thumb/v7e-m+fp/hard/libg_nano.a(lib_a-memcpy.o)
 .debug_abbrev  0x0000000000002e1f       0xc0 /usr/lib/gcc/arm-none-eabi/10.3.1/../../../arm-none-eabi/lib/thumb/v7e-m+fp/hard/libg_nano.a(lib_a-memmove.o)
 .debug_abbrev  0x0000000000002edf      0x235 /usr/lib/gcc/arm-none-eabi/10.3.1/../../../arm-none-eabi/lib/thumb/v7e-m+fp/hard/libg_nano.a(lib_a-nano-freer.o)
 .debug_abbrev  0x0000000000003114      0x290 /usr/lib/gcc/arm-none-eabi/10.3.1/../../../arm-none-eabi/lib/thumb/v7e-m+fp/hard/libg_nano.a(lib_a-nano-mallocr.o)
 .debug_abbrev  0x00000000000033a4      0x1d6 /usr/lib/gcc/arm-none-eabi/10.3.1/../../../arm-none-eabi/lib/thumb/v7e-m+fp/hard/libg_nano.a(lib_a-nano-reallocr.o)
 .debug_abbrev  0x000000000000357a      0x1d6 /usr/lib/gcc/arm-none-eabi/10.3.1/../../../arm-none-eabi/lib/thumb/v7e-m+fp/hard/libg_nano.a(lib_a-sbrkr.o)
 .debug_abbrev  0x0000000000003750      0x189 /usr/lib/gcc/arm-none-eabi/10.3.1/../../../arm-none-eabi/lib/thumb/v7e-m+fp/hard/libg_nano.a(lib_a-mlock.o)
 .debug_abbrev  0x00000000000038d9      0x191 /usr/lib/gcc/arm-none-eabi/10.3.1/../../../arm-none-eabi/lib/thumb/v7e-m+fp/hard/libg_nano.a(lib_a-nano-msizer.o)
 .debug_abbrev  0x0000000000003a6a      0x265 /usr/lib/gcc/arm-none-eabi/10.3.1/../../../arm-none-eabi/lib/thumb/v7e-m+fp/hard/libg_nano.a(lib_a-reent.o)

.debug_aranges  0x0000000000000000      0xf98
 .debug_aranges
                0x0000000000000000       0x18 /usr/lib/gcc/arm-none-eabi/10.3.1/../../../arm-none-eabi/lib/thumb/v7e-m+fp/hard/libc_nano.a(lib_a-impure.o)
 .debug_aranges
                0x0000000000000018       0x20 /usr/lib/gcc/arm-none-eabi/10.3.1/../../../arm-none-eabi/lib/thumb/v7e-m+fp/hard/libc_nano.a(lib_a-init.o)
 .debug_aranges
                0x0000000000000038       0x20 /usr/lib/gcc/arm-none-eabi/10.3.1/../../../arm-none-eabi/lib/thumb/v7e-m+fp/hard/libc_nano.a(lib_a-memset.o)
 .debug_aranges
                0x0000000000000058       0x68 CMakeFiles/manipulator_6_dof.dir/Core/Src/main.c.obj
 .debug_aranges
                0x00000000000000c0       0x20 CMakeFiles/manipulator_6_dof.dir/Core/Src/gpio.c.obj
 .debug_aranges
                0x00000000000000e0       0x20 CMakeFiles/manipulator_6_dof.dir/Core/Src/dma.c.obj
 .debug_aranges
                0x0000000000000100       0x30 CMakeFiles/manipulator_6_dof.dir/Core/Src/i2c.c.obj
 .debug_aranges
                0x0000000000000130       0x30 CMakeFiles/manipulator_6_dof.dir/Core/Src/usart.c.obj
 .debug_aranges
                0x0000000000000160       0x78 CMakeFiles/manipulator_6_dof.dir/Core/Src/stm32l4xx_it.c.obj
 .debug_aranges
                0x00000000000001d8       0x20 CMakeFiles/manipulator_6_dof.dir/Core/Src/stm32l4xx_hal_msp.c.obj
 .debug_aranges
                0x00000000000001f8      0x2a0 CMakeFiles/manipulator_6_dof.dir/Drivers/STM32L4xx_HAL_Driver/Src/stm32l4xx_hal_i2c.c.obj
 .debug_aranges
                0x0000000000000498       0x48 CMakeFiles/manipulator_6_dof.dir/Drivers/STM32L4xx_HAL_Driver/Src/stm32l4xx_hal_i2c_ex.c.obj
 .debug_aranges
                0x00000000000004e0      0x130 CMakeFiles/manipulator_6_dof.dir/Drivers/STM32L4xx_HAL_Driver/Src/stm32l4xx_hal.c.obj
 .debug_aranges
                0x0000000000000610       0x90 CMakeFiles/manipulator_6_dof.dir/Drivers/STM32L4xx_HAL_Driver/Src/stm32l4xx_hal_rcc.c.obj
 .debug_aranges
                0x00000000000006a0       0xc0 CMakeFiles/manipulator_6_dof.dir/Drivers/STM32L4xx_HAL_Driver/Src/stm32l4xx_hal_rcc_ex.c.obj
 .debug_aranges
                0x0000000000000760       0x58 CMakeFiles/manipulator_6_dof.dir/Drivers/STM32L4xx_HAL_Driver/Src/stm32l4xx_hal_gpio.c.obj
 .debug_aranges
                0x00000000000007b8       0x80 CMakeFiles/manipulator_6_dof.dir/Drivers/STM32L4xx_HAL_Driver/Src/stm32l4xx_hal_dma.c.obj
 .debug_aranges
                0x0000000000000838      0x160 CMakeFiles/manipulator_6_dof.dir/Drivers/STM32L4xx_HAL_Driver/Src/stm32l4xx_hal_pwr_ex.c.obj
 .debug_aranges
                0x0000000000000998      0x128 CMakeFiles/manipulator_6_dof.dir/Drivers/STM32L4xx_HAL_Driver/Src/stm32l4xx_hal_cortex.c.obj
 .debug_aranges
                0x0000000000000ac0      0x228 CMakeFiles/manipulator_6_dof.dir/Drivers/STM32L4xx_HAL_Driver/Src/stm32l4xx_hal_uart.c.obj
 .debug_aranges
                0x0000000000000ce8       0x28 CMakeFiles/manipulator_6_dof.dir/Core/Src/system_stm32l4xx.c.obj
 .debug_aranges
                0x0000000000000d10       0x20 CMakeFiles/manipulator_6_dof.dir/Core/Src/sysmem.c.obj
 .debug_aranges
                0x0000000000000d30       0x28 CMakeFiles/manipulator_6_dof.dir/startup_stm32l476xx.s.obj
 .debug_aranges
                0x0000000000000d58       0x20 /usr/lib/gcc/arm-none-eabi/10.3.1/thumb/v7e-m+fp/hard/libgcc.a(_aeabi_uldivmod.o)
 .debug_aranges
                0x0000000000000d78       0x20 /usr/lib/gcc/arm-none-eabi/10.3.1/thumb/v7e-m+fp/hard/libgcc.a(_udivmoddi4.o)
 .debug_aranges
                0x0000000000000d98       0x20 /usr/lib/gcc/arm-none-eabi/10.3.1/thumb/v7e-m+fp/hard/libgcc.a(_dvmd_tls.o)
 .debug_aranges
                0x0000000000000db8       0x20 /usr/lib/gcc/arm-none-eabi/10.3.1/../../../arm-none-eabi/lib/thumb/v7e-m+fp/hard/libg_nano.a(lib_a-errno.o)
 .debug_aranges
                0x0000000000000dd8       0x20 /usr/lib/gcc/arm-none-eabi/10.3.1/../../../arm-none-eabi/lib/thumb/v7e-m+fp/hard/libg_nano.a(lib_a-snprintf.o)
 .debug_aranges
                0x0000000000000df8       0x20 /usr/lib/gcc/arm-none-eabi/10.3.1/../../../arm-none-eabi/lib/thumb/v7e-m+fp/hard/libg_nano.a(lib_a-strlen.o)
 .debug_aranges
                0x0000000000000e18       0x20 /usr/lib/gcc/arm-none-eabi/10.3.1/../../../arm-none-eabi/lib/thumb/v7e-m+fp/hard/libg_nano.a(lib_a-nano-svfprintf.o)
 .debug_aranges
                0x0000000000000e38       0x20 /usr/lib/gcc/arm-none-eabi/10.3.1/../../../arm-none-eabi/lib/thumb/v7e-m+fp/hard/libg_nano.a(lib_a-nano-vfprintf_i.o)
 .debug_aranges
                0x0000000000000e58       0x20 /usr/lib/gcc/arm-none-eabi/10.3.1/../../../arm-none-eabi/lib/thumb/v7e-m+fp/hard/libg_nano.a(lib_a-memchr.o)
 .debug_aranges
                0x0000000000000e78       0x20 /usr/lib/gcc/arm-none-eabi/10.3.1/../../../arm-none-eabi/lib/thumb/v7e-m+fp/hard/libg_nano.a(lib_a-memcpy.o)
 .debug_aranges
                0x0000000000000e98       0x20 /usr/lib/gcc/arm-none-eabi/10.3.1/../../../arm-none-eabi/lib/thumb/v7e-m+fp/hard/libg_nano.a(lib_a-memmove.o)
 .debug_aranges
                0x0000000000000eb8       0x20 /usr/lib/gcc/arm-none-eabi/10.3.1/../../../arm-none-eabi/lib/thumb/v7e-m+fp/hard/libg_nano.a(lib_a-nano-freer.o)
 .debug_aranges
                0x0000000000000ed8       0x20 /usr/lib/gcc/arm-none-eabi/10.3.1/../../../arm-none-eabi/lib/thumb/v7e-m+fp/hard/libg_nano.a(lib_a-nano-mallocr.o)
 .debug_aranges
                0x0000000000000ef8       0x20 /usr/lib/gcc/arm-none-eabi/10.3.1/../../../arm-none-eabi/lib/thumb/v7e-m+fp/hard/libg_nano.a(lib_a-nano-reallocr.o)
 .debug_aranges
                0x0000000000000f18       0x20 /usr/lib/gcc/arm-none-eabi/10.3.1/../../../arm-none-eabi/lib/thumb/v7e-m+fp/hard/libg_nano.a(lib_a-sbrkr.o)
 .debug_aranges
                0x0000000000000f38       0x20 /usr/lib/gcc/arm-none-eabi/10.3.1/../../../arm-none-eabi/lib/thumb/v7e-m+fp/hard/libg_nano.a(lib_a-mlock.o)
 .debug_aranges
                0x0000000000000f58       0x20 /usr/lib/gcc/arm-none-eabi/10.3.1/../../../arm-none-eabi/lib/thumb/v7e-m+fp/hard/libg_nano.a(lib_a-nano-msizer.o)
 .debug_aranges
                0x0000000000000f78       0x20 /usr/lib/gcc/arm-none-eabi/10.3.1/../../../arm-none-eabi/lib/thumb/v7e-m+fp/hard/libg_nano.a(lib_a-reent.o)

.debug_line     0x0000000000000000    0x12611
 .debug_line    0x0000000000000000       0xe4 /usr/lib/gcc/arm-none-eabi/10.3.1/../../../arm-none-eabi/lib/thumb/v7e-m+fp/hard/libc_nano.a(lib_a-impure.o)
 .debug_line    0x00000000000000e4      0x138 /usr/lib/gcc/arm-none-eabi/10.3.1/../../../arm-none-eabi/lib/thumb/v7e-m+fp/hard/libc_nano.a(lib_a-init.o)
 .debug_line    0x000000000000021c      0x1bf /usr/lib/gcc/arm-none-eabi/10.3.1/../../../arm-none-eabi/lib/thumb/v7e-m+fp/hard/libc_nano.a(lib_a-memset.o)
 .debug_line    0x00000000000003db      0x959 CMakeFiles/manipulator_6_dof.dir/Core/Src/main.c.obj
 .debug_line    0x0000000000000d34      0x539 CMakeFiles/manipulator_6_dof.dir/Core/Src/gpio.c.obj
 .debug_line    0x000000000000126d      0x51b CMakeFiles/manipulator_6_dof.dir/Core/Src/dma.c.obj
 .debug_line    0x0000000000001788      0x5dc CMakeFiles/manipulator_6_dof.dir/Core/Src/i2c.c.obj
 .debug_line    0x0000000000001d64      0x5a1 CMakeFiles/manipulator_6_dof.dir/Core/Src/usart.c.obj
 .debug_line    0x0000000000002305      0x62a CMakeFiles/manipulator_6_dof.dir/Core/Src/stm32l4xx_it.c.obj
 .debug_line    0x000000000000292f      0x51f CMakeFiles/manipulator_6_dof.dir/Core/Src/stm32l4xx_hal_msp.c.obj
 .debug_line    0x0000000000002e4e     0x3795 CMakeFiles/manipulator_6_dof.dir/Drivers/STM32L4xx_HAL_Driver/Src/stm32l4xx_hal_i2c.c.obj
 .debug_line    0x00000000000065e3      0x73d CMakeFiles/manipulator_6_dof.dir/Drivers/STM32L4xx_HAL_Driver/Src/stm32l4xx_hal_i2c_ex.c.obj
 .debug_line    0x0000000000006d20      0x910 CMakeFiles/manipulator_6_dof.dir/Drivers/STM32L4xx_HAL_Driver/Src/stm32l4xx_hal.c.obj
 .debug_line    0x0000000000007630      0xd8b CMakeFiles/manipulator_6_dof.dir/Drivers/STM32L4xx_HAL_Driver/Src/stm32l4xx_hal_rcc.c.obj
 .debug_line    0x00000000000083bb     0x12c8 CMakeFiles/manipulator_6_dof.dir/Drivers/STM32L4xx_HAL_Driver/Src/stm32l4xx_hal_rcc_ex.c.obj
 .debug_line    0x0000000000009683      0x983 CMakeFiles/manipulator_6_dof.dir/Drivers/STM32L4xx_HAL_Driver/Src/stm32l4xx_hal_gpio.c.obj
 .debug_line    0x000000000000a006      0xb00 CMakeFiles/manipulator_6_dof.dir/Drivers/STM32L4xx_HAL_Driver/Src/stm32l4xx_hal_dma.c.obj
 .debug_line    0x000000000000ab06      0xb07 CMakeFiles/manipulator_6_dof.dir/Drivers/STM32L4xx_HAL_Driver/Src/stm32l4xx_hal_pwr_ex.c.obj
 .debug_line    0x000000000000b60d      0xae4 CMakeFiles/manipulator_6_dof.dir/Drivers/STM32L4xx_HAL_Driver/Src/stm32l4xx_hal_cortex.c.obj
 .debug_line    0x000000000000c0f1     0x301a CMakeFiles/manipulator_6_dof.dir/Drivers/STM32L4xx_HAL_Driver/Src/stm32l4xx_hal_uart.c.obj
 .debug_line    0x000000000000f10b      0x5b7 CMakeFiles/manipulator_6_dof.dir/Core/Src/system_stm32l4xx.c.obj
 .debug_line    0x000000000000f6c2      0x1e1 CMakeFiles/manipulator_6_dof.dir/Core/Src/sysmem.c.obj
 .debug_line    0x000000000000f8a3       0xb3 CMakeFiles/manipulator_6_dof.dir/startup_stm32l476xx.s.obj
 .debug_line    0x000000000000f956       0x60 /usr/lib/gcc/arm-none-eabi/10.3.1/thumb/v7e-m+fp/hard/libgcc.a(_aeabi_uldivmod.o)
 .debug_line    0x000000000000f9b6      0x5ae /usr/lib/gcc/arm-none-eabi/10.3.1/thumb/v7e-m+fp/hard/libgcc.a(_udivmoddi4.o)
 .debug_line    0x000000000000ff64       0x60 /usr/lib/gcc/arm-none-eabi/10.3.1/thumb/v7e-m+fp/hard/libgcc.a(_dvmd_tls.o)
 .debug_line    0x000000000000ffc4      0x109 /usr/lib/gcc/arm-none-eabi/10.3.1/../../../arm-none-eabi/lib/thumb/v7e-m+fp/hard/libg_nano.a(lib_a-errno.o)
 .debug_line    0x00000000000100cd      0x37e /usr/lib/gcc/arm-none-eabi/10.3.1/../../../arm-none-eabi/lib/thumb/v7e-m+fp/hard/libg_nano.a(lib_a-snprintf.o)
 .debug_line    0x000000000001044b       0xaf /usr/lib/gcc/arm-none-eabi/10.3.1/../../../arm-none-eabi/lib/thumb/v7e-m+fp/hard/libg_nano.a(lib_a-strlen.o)
 .debug_line    0x00000000000104fa      0x83a /usr/lib/gcc/arm-none-eabi/10.3.1/../../../arm-none-eabi/lib/thumb/v7e-m+fp/hard/libg_nano.a(lib_a-nano-svfprintf.o)
 .debug_line    0x0000000000010d34      0x746 /usr/lib/gcc/arm-none-eabi/10.3.1/../../../arm-none-eabi/lib/thumb/v7e-m+fp/hard/libg_nano.a(lib_a-nano-vfprintf_i.o)
 .debug_line    0x000000000001147a       0xa4 /usr/lib/gcc/arm-none-eabi/10.3.1/../../../arm-none-eabi/lib/thumb/v7e-m+fp/hard/libg_nano.a(lib_a-memchr.o)
 .debug_line    0x000000000001151e       0xbe /usr/lib/gcc/arm-none-eabi/10.3.1/../../../arm-none-eabi/lib/thumb/v7e-m+fp/hard/libg_nano.a(lib_a-memcpy.o)
 .debug_line    0x00000000000115dc      0x1ee /usr/lib/gcc/arm-none-eabi/10.3.1/../../../arm-none-eabi/lib/thumb/v7e-m+fp/hard/libg_nano.a(lib_a-memmove.o)
 .debug_line    0x00000000000117ca      0x2ca /usr/lib/gcc/arm-none-eabi/10.3.1/../../../arm-none-eabi/lib/thumb/v7e-m+fp/hard/libg_nano.a(lib_a-nano-freer.o)
 .debug_line    0x0000000000011a94      0x2d0 /usr/lib/gcc/arm-none-eabi/10.3.1/../../../arm-none-eabi/lib/thumb/v7e-m+fp/hard/libg_nano.a(lib_a-nano-mallocr.o)
 .debug_line    0x0000000000011d64      0x1c5 /usr/lib/gcc/arm-none-eabi/10.3.1/../../../arm-none-eabi/lib/thumb/v7e-m+fp/hard/libg_nano.a(lib_a-nano-reallocr.o)
 .debug_line    0x0000000000011f29      0x183 /usr/lib/gcc/arm-none-eabi/10.3.1/../../../arm-none-eabi/lib/thumb/v7e-m+fp/hard/libg_nano.a(lib_a-sbrkr.o)
 .debug_line    0x00000000000120ac      0x13e /usr/lib/gcc/arm-none-eabi/10.3.1/../../../arm-none-eabi/lib/thumb/v7e-m+fp/hard/libg_nano.a(lib_a-mlock.o)
 .debug_line    0x00000000000121ea      0x160 /usr/lib/gcc/arm-none-eabi/10.3.1/../../../arm-none-eabi/lib/thumb/v7e-m+fp/hard/libg_nano.a(lib_a-nano-msizer.o)
 .debug_line    0x000000000001234a      0x2c7 /usr/lib/gcc/arm-none-eabi/10.3.1/../../../arm-none-eabi/lib/thumb/v7e-m+fp/hard/libg_nano.a(lib_a-reent.o)

.debug_str      0x0000000000000000    0xec634
 .debug_str     0x0000000000000000      0x44c /usr/lib/gcc/arm-none-eabi/10.3.1/../../../arm-none-eabi/lib/thumb/v7e-m+fp/hard/libc_nano.a(lib_a-impure.o)
                                        0x55e (size before relaxing)
 .debug_str     0x000000000000044c       0xf0 /usr/lib/gcc/arm-none-eabi/10.3.1/../../../arm-none-eabi/lib/thumb/v7e-m+fp/hard/libc_nano.a(lib_a-init.o)
                                        0x20b (size before relaxing)
 .debug_str     0x000000000000053c       0xb1 /usr/lib/gcc/arm-none-eabi/10.3.1/../../../arm-none-eabi/lib/thumb/v7e-m+fp/hard/libc_nano.a(lib_a-memset.o)
                                        0x1c0 (size before relaxing)
 .debug_str     0x00000000000005ed    0xe6bdb CMakeFiles/manipulator_6_dof.dir/Core/Src/main.c.obj
                                      0xe6fb0 (size before relaxing)
 .debug_str     0x00000000000e71c8      0x206 CMakeFiles/manipulator_6_dof.dir/Core/Src/gpio.c.obj
                                      0xe2811 (size before relaxing)
 .debug_str     0x00000000000e73ce      0x497 CMakeFiles/manipulator_6_dof.dir/Core/Src/dma.c.obj
                                      0xe2c58 (size before relaxing)
 .debug_str     0x00000000000e7865      0x2ec CMakeFiles/manipulator_6_dof.dir/Core/Src/i2c.c.obj
                                      0xe3448 (size before relaxing)
 .debug_str     0x00000000000e7b51       0x91 CMakeFiles/manipulator_6_dof.dir/Core/Src/usart.c.obj
                                      0xe2ef9 (size before relaxing)
 .debug_str     0x00000000000e7be2      0x136 CMakeFiles/manipulator_6_dof.dir/Core/Src/stm32l4xx_it.c.obj
                                      0xe2bbc (size before relaxing)
 .debug_str     0x00000000000e7d18       0x66 CMakeFiles/manipulator_6_dof.dir/Core/Src/stm32l4xx_hal_msp.c.obj
                                      0xe277a (size before relaxing)
 .debug_str     0x00000000000e7d7e      0xe28 CMakeFiles/manipulator_6_dof.dir/Drivers/STM32L4xx_HAL_Driver/Src/stm32l4xx_hal_i2c.c.obj
                                      0xe38c8 (size before relaxing)
 .debug_str     0x00000000000e8ba6      0x125 CMakeFiles/manipulator_6_dof.dir/Drivers/STM32L4xx_HAL_Driver/Src/stm32l4xx_hal_i2c_ex.c.obj
                                      0xe2c13 (size before relaxing)
 .debug_str     0x00000000000e8ccb      0x6a3 CMakeFiles/manipulator_6_dof.dir/Drivers/STM32L4xx_HAL_Driver/Src/stm32l4xx_hal.c.obj
                                      0xe32cb (size before relaxing)
 .debug_str     0x00000000000e936e      0x454 CMakeFiles/manipulator_6_dof.dir/Drivers/STM32L4xx_HAL_Driver/Src/stm32l4xx_hal_rcc.c.obj
                                      0xe2d0b (size before relaxing)
 .debug_str     0x00000000000e97c2      0x427 CMakeFiles/manipulator_6_dof.dir/Drivers/STM32L4xx_HAL_Driver/Src/stm32l4xx_hal_rcc_ex.c.obj
                                      0xe2e40 (size before relaxing)
 .debug_str     0x00000000000e9be9      0x154 CMakeFiles/manipulator_6_dof.dir/Drivers/STM32L4xx_HAL_Driver/Src/stm32l4xx_hal_gpio.c.obj
                                      0xe2889 (size before relaxing)
 .debug_str     0x00000000000e9d3d      0x28d CMakeFiles/manipulator_6_dof.dir/Drivers/STM32L4xx_HAL_Driver/Src/stm32l4xx_hal_dma.c.obj
                                      0xe2979 (size before relaxing)
 .debug_str     0x00000000000e9fca      0x511 CMakeFiles/manipulator_6_dof.dir/Drivers/STM32L4xx_HAL_Driver/Src/stm32l4xx_hal_pwr_ex.c.obj
                                      0xe2c58 (size before relaxing)
 .debug_str     0x00000000000ea4db      0x3fb CMakeFiles/manipulator_6_dof.dir/Drivers/STM32L4xx_HAL_Driver/Src/stm32l4xx_hal_cortex.c.obj
                                      0xe2f80 (size before relaxing)
 .debug_str     0x00000000000ea8d6      0x8ee CMakeFiles/manipulator_6_dof.dir/Drivers/STM32L4xx_HAL_Driver/Src/stm32l4xx_hal_uart.c.obj
                                      0xe33aa (size before relaxing)
 .debug_str     0x00000000000eb1c4       0x7a CMakeFiles/manipulator_6_dof.dir/Core/Src/system_stm32l4xx.c.obj
                                      0xe2711 (size before relaxing)
 .debug_str     0x00000000000eb23e      0x50c CMakeFiles/manipulator_6_dof.dir/Core/Src/sysmem.c.obj
                                       0x55bc (size before relaxing)
 .debug_str     0x00000000000eb74a       0x5f CMakeFiles/manipulator_6_dof.dir/startup_stm32l476xx.s.obj
                                         0xa8 (size before relaxing)
 .debug_str     0x00000000000eb7a9       0xa6 /usr/lib/gcc/arm-none-eabi/10.3.1/thumb/v7e-m+fp/hard/libgcc.a(_aeabi_uldivmod.o)
 .debug_str     0x00000000000eb84f      0x544 /usr/lib/gcc/arm-none-eabi/10.3.1/thumb/v7e-m+fp/hard/libgcc.a(_udivmoddi4.o)
                                        0x647 (size before relaxing)
 .debug_str     0x00000000000ebd93       0x30 /usr/lib/gcc/arm-none-eabi/10.3.1/thumb/v7e-m+fp/hard/libgcc.a(_dvmd_tls.o)
                                         0xaa (size before relaxing)
 .debug_str     0x00000000000ebdc3       0x9b /usr/lib/gcc/arm-none-eabi/10.3.1/../../../arm-none-eabi/lib/thumb/v7e-m+fp/hard/libg_nano.a(lib_a-errno.o)
                                        0x507 (size before relaxing)
 .debug_str     0x00000000000ebe5e       0xbd /usr/lib/gcc/arm-none-eabi/10.3.1/../../../arm-none-eabi/lib/thumb/v7e-m+fp/hard/libg_nano.a(lib_a-snprintf.o)
                                        0x55b (size before relaxing)
 .debug_str     0x00000000000ebf1b       0xa9 /usr/lib/gcc/arm-none-eabi/10.3.1/../../../arm-none-eabi/lib/thumb/v7e-m+fp/hard/libg_nano.a(lib_a-strlen.o)
                                         0xb5 (size before relaxing)
 .debug_str     0x00000000000ebfc4      0x28d /usr/lib/gcc/arm-none-eabi/10.3.1/../../../arm-none-eabi/lib/thumb/v7e-m+fp/hard/libg_nano.a(lib_a-nano-svfprintf.o)
                                        0x855 (size before relaxing)
 .debug_str     0x00000000000ec251       0x94 /usr/lib/gcc/arm-none-eabi/10.3.1/../../../arm-none-eabi/lib/thumb/v7e-m+fp/hard/libg_nano.a(lib_a-nano-vfprintf_i.o)
                                        0x7ec (size before relaxing)
 .debug_str     0x00000000000ec2e5       0x3c /usr/lib/gcc/arm-none-eabi/10.3.1/../../../arm-none-eabi/lib/thumb/v7e-m+fp/hard/libg_nano.a(lib_a-memchr.o)
                                         0xaf (size before relaxing)
 .debug_str     0x00000000000ec321       0x43 /usr/lib/gcc/arm-none-eabi/10.3.1/../../../arm-none-eabi/lib/thumb/v7e-m+fp/hard/libg_nano.a(lib_a-memcpy.o)
                                         0xb6 (size before relaxing)
 .debug_str     0x00000000000ec364       0x66 /usr/lib/gcc/arm-none-eabi/10.3.1/../../../arm-none-eabi/lib/thumb/v7e-m+fp/hard/libg_nano.a(lib_a-memmove.o)
                                        0x1df (size before relaxing)
 .debug_str     0x00000000000ec3ca      0x116 /usr/lib/gcc/arm-none-eabi/10.3.1/../../../arm-none-eabi/lib/thumb/v7e-m+fp/hard/libg_nano.a(lib_a-nano-freer.o)
                                        0x595 (size before relaxing)
 .debug_str     0x00000000000ec4e0       0x46 /usr/lib/gcc/arm-none-eabi/10.3.1/../../../arm-none-eabi/lib/thumb/v7e-m+fp/hard/libg_nano.a(lib_a-nano-mallocr.o)
                                        0x5c0 (size before relaxing)
 .debug_str     0x00000000000ec526       0x23 /usr/lib/gcc/arm-none-eabi/10.3.1/../../../arm-none-eabi/lib/thumb/v7e-m+fp/hard/libg_nano.a(lib_a-nano-reallocr.o)
                                        0x57f (size before relaxing)
 .debug_str     0x00000000000ec549       0x32 /usr/lib/gcc/arm-none-eabi/10.3.1/../../../arm-none-eabi/lib/thumb/v7e-m+fp/hard/libg_nano.a(lib_a-sbrkr.o)
                                        0x516 (size before relaxing)
 .debug_str     0x00000000000ec57b       0x4c /usr/lib/gcc/arm-none-eabi/10.3.1/../../../arm-none-eabi/lib/thumb/v7e-m+fp/hard/libg_nano.a(lib_a-mlock.o)
                                        0x52c (size before relaxing)
 .debug_str     0x00000000000ec5c7        0xf /usr/lib/gcc/arm-none-eabi/10.3.1/../../../arm-none-eabi/lib/thumb/v7e-m+fp/hard/libg_nano.a(lib_a-nano-msizer.o)
                                        0x55d (size before relaxing)
 .debug_str     0x00000000000ec5d6       0x5e /usr/lib/gcc/arm-none-eabi/10.3.1/../../../arm-none-eabi/lib/thumb/v7e-m+fp/hard/libg_nano.a(lib_a-reent.o)
                                        0x53e (size before relaxing)

.debug_loc      0x0000000000000000     0x30c2
 .debug_loc     0x0000000000000000       0xba /usr/lib/gcc/arm-none-eabi/10.3.1/../../../arm-none-eabi/lib/thumb/v7e-m+fp/hard/libc_nano.a(lib_a-init.o)
 .debug_loc     0x00000000000000ba      0x22c /usr/lib/gcc/arm-none-eabi/10.3.1/../../../arm-none-eabi/lib/thumb/v7e-m+fp/hard/libc_nano.a(lib_a-memset.o)
 .debug_loc     0x00000000000002e6     0x100f /usr/lib/gcc/arm-none-eabi/10.3.1/thumb/v7e-m+fp/hard/libgcc.a(_udivmoddi4.o)
 .debug_loc     0x00000000000012f5      0x2b1 /usr/lib/gcc/arm-none-eabi/10.3.1/../../../arm-none-eabi/lib/thumb/v7e-m+fp/hard/libg_nano.a(lib_a-snprintf.o)
 .debug_loc     0x00000000000015a6      0x82e /usr/lib/gcc/arm-none-eabi/10.3.1/../../../arm-none-eabi/lib/thumb/v7e-m+fp/hard/libg_nano.a(lib_a-nano-svfprintf.o)
 .debug_loc     0x0000000000001dd4      0x5dd /usr/lib/gcc/arm-none-eabi/10.3.1/../../../arm-none-eabi/lib/thumb/v7e-m+fp/hard/libg_nano.a(lib_a-nano-vfprintf_i.o)
 .debug_loc     0x00000000000023b1      0x34f /usr/lib/gcc/arm-none-eabi/10.3.1/../../../arm-none-eabi/lib/thumb/v7e-m+fp/hard/libg_nano.a(lib_a-memmove.o)
 .debug_loc     0x0000000000002700      0x203 /usr/lib/gcc/arm-none-eabi/10.3.1/../../../arm-none-eabi/lib/thumb/v7e-m+fp/hard/libg_nano.a(lib_a-nano-freer.o)
 .debug_loc     0x0000000000002903      0x3cd /usr/lib/gcc/arm-none-eabi/10.3.1/../../../arm-none-eabi/lib/thumb/v7e-m+fp/hard/libg_nano.a(lib_a-nano-mallocr.o)
 .debug_loc     0x0000000000002cd0      0x133 /usr/lib/gcc/arm-none-eabi/10.3.1/../../../arm-none-eabi/lib/thumb/v7e-m+fp/hard/libg_nano.a(lib_a-nano-reallocr.o)
 .debug_loc     0x0000000000002e03       0x6c /usr/lib/gcc/arm-none-eabi/10.3.1/../../../arm-none-eabi/lib/thumb/v7e-m+fp/hard/libg_nano.a(lib_a-sbrkr.o)
 .debug_loc     0x0000000000002e6f       0x86 /usr/lib/gcc/arm-none-eabi/10.3.1/../../../arm-none-eabi/lib/thumb/v7e-m+fp/hard/libg_nano.a(lib_a-nano-msizer.o)
 .debug_loc     0x0000000000002ef5      0x1cd /usr/lib/gcc/arm-none-eabi/10.3.1/../../../arm-none-eabi/lib/thumb/v7e-m+fp/hard/libg_nano.a(lib_a-reent.o)

.debug_frame    0x0000000000000000     0x37d4
 .debug_frame   0x0000000000000000       0x2c /usr/lib/gcc/arm-none-eabi/10.3.1/../../../arm-none-eabi/lib/thumb/v7e-m+fp/hard/libc_nano.a(lib_a-init.o)
 .debug_frame   0x000000000000002c       0x2c /usr/lib/gcc/arm-none-eabi/10.3.1/../../../arm-none-eabi/lib/thumb/v7e-m+fp/hard/libc_nano.a(lib_a-memset.o)
 .debug_frame   0x0000000000000058      0x170 CMakeFiles/manipulator_6_dof.dir/Core/Src/main.c.obj
 .debug_frame   0x00000000000001c8       0x34 CMakeFiles/manipulator_6_dof.dir/Core/Src/gpio.c.obj
 .debug_frame   0x00000000000001fc       0x34 CMakeFiles/manipulator_6_dof.dir/Core/Src/dma.c.obj
 .debug_frame   0x0000000000000230       0x78 CMakeFiles/manipulator_6_dof.dir/Core/Src/i2c.c.obj
 .debug_frame   0x00000000000002a8       0x78 CMakeFiles/manipulator_6_dof.dir/Core/Src/usart.c.obj
 .debug_frame   0x0000000000000320      0x158 CMakeFiles/manipulator_6_dof.dir/Core/Src/stm32l4xx_it.c.obj
 .debug_frame   0x0000000000000478       0x38 CMakeFiles/manipulator_6_dof.dir/Core/Src/stm32l4xx_hal_msp.c.obj
 .debug_frame   0x00000000000004b0      0xc38 CMakeFiles/manipulator_6_dof.dir/Drivers/STM32L4xx_HAL_Driver/Src/stm32l4xx_hal_i2c.c.obj
 .debug_frame   0x00000000000010e8      0x100 CMakeFiles/manipulator_6_dof.dir/Drivers/STM32L4xx_HAL_Driver/Src/stm32l4xx_hal_i2c_ex.c.obj
 .debug_frame   0x00000000000011e8      0x498 CMakeFiles/manipulator_6_dof.dir/Drivers/STM32L4xx_HAL_Driver/Src/stm32l4xx_hal.c.obj
 .debug_frame   0x0000000000001680      0x21c CMakeFiles/manipulator_6_dof.dir/Drivers/STM32L4xx_HAL_Driver/Src/stm32l4xx_hal_rcc.c.obj
 .debug_frame   0x000000000000189c      0x2fc CMakeFiles/manipulator_6_dof.dir/Drivers/STM32L4xx_HAL_Driver/Src/stm32l4xx_hal_rcc_ex.c.obj
 .debug_frame   0x0000000000001b98      0x14c CMakeFiles/manipulator_6_dof.dir/Drivers/STM32L4xx_HAL_Driver/Src/stm32l4xx_hal_gpio.c.obj
 .debug_frame   0x0000000000001ce4      0x204 CMakeFiles/manipulator_6_dof.dir/Drivers/STM32L4xx_HAL_Driver/Src/stm32l4xx_hal_dma.c.obj
 .debug_frame   0x0000000000001ee8      0x584 CMakeFiles/manipulator_6_dof.dir/Drivers/STM32L4xx_HAL_Driver/Src/stm32l4xx_hal_pwr_ex.c.obj
 .debug_frame   0x000000000000246c      0x4e8 CMakeFiles/manipulator_6_dof.dir/Drivers/STM32L4xx_HAL_Driver/Src/stm32l4xx_hal_cortex.c.obj
 .debug_frame   0x0000000000002954      0x9f4 CMakeFiles/manipulator_6_dof.dir/Drivers/STM32L4xx_HAL_Driver/Src/stm32l4xx_hal_uart.c.obj
 .debug_frame   0x0000000000003348       0x58 CMakeFiles/manipulator_6_dof.dir/Core/Src/system_stm32l4xx.c.obj
 .debug_frame   0x00000000000033a0       0x34 CMakeFiles/manipulator_6_dof.dir/Core/Src/sysmem.c.obj
 .debug_frame   0x00000000000033d4       0x2c /usr/lib/gcc/arm-none-eabi/10.3.1/thumb/v7e-m+fp/hard/libgcc.a(_aeabi_uldivmod.o)
 .debug_frame   0x0000000000003400       0x34 /usr/lib/gcc/arm-none-eabi/10.3.1/thumb/v7e-m+fp/hard/libgcc.a(_udivmoddi4.o)
 .debug_frame   0x0000000000003434       0x20 /usr/lib/gcc/arm-none-eabi/10.3.1/../../../arm-none-eabi/lib/thumb/v7e-m+fp/hard/libg_nano.a(lib_a-errno.o)
 .debug_frame   0x0000000000003454       0x94 /usr/lib/gcc/arm-none-eabi/10.3.1/../../../arm-none-eabi/lib/thumb/v7e-m+fp/hard/libg_nano.a(lib_a-snprintf.o)
 .debug_frame   0x00000000000034e8       0x98 /usr/lib/gcc/arm-none-eabi/10.3.1/../../../arm-none-eabi/lib/thumb/v7e-m+fp/hard/libg_nano.a(lib_a-nano-svfprintf.o)