Archive member included to satisfy reference by file (symbol)

/usr/lib/gcc/arm-none-eabi/10.3.1/../../../arm-none-eabi/lib/thumb/v7e-m+fp/hard/libc_nano.a(lib_a-atexit.o)
                              /usr/lib/gcc/arm-none-eabi/10.3.1/../../../arm-none-eabi/lib/thumb/v7e-m+fp/hard/crt0.o (atexit)
/usr/lib/gcc/arm-none-eabi/10.3.1/../../../arm-none-eabi/lib/thumb/v7e-m+fp/hard/libc_nano.a(lib_a-exit.o)
                              /usr/lib/gcc/arm-none-eabi/10.3.1/../../../arm-none-eabi/lib/thumb/v7e-m+fp/hard/crt0.o (exit)
/usr/lib/gcc/arm-none-eabi/10.3.1/../../../arm-none-eabi/lib/thumb/v7e-m+fp/hard/libc_nano.a(lib_a-fini.o)
                              /usr/lib/gcc/arm-none-eabi/10.3.1/../../../arm-none-eabi/lib/thumb/v7e-m+fp/hard/crt0.o (__libc_fini_array)
/usr/lib/gcc/arm-none-eabi/10.3.1/../../../arm-none-eabi/lib/thumb/v7e-m+fp/hard/libc_nano.a(lib_a-impure.o)
                              /usr/lib/gcc/arm-none-eabi/10.3.1/../../../arm-none-eabi/lib/thumb/v7e-m+fp/hard/libc_nano.a(lib_a-exit.o) (_global_impure_ptr)
/usr/lib/gcc/arm-none-eabi/10.3.1/../../../arm-none-eabi/lib/thumb/v7e-m+fp/hard/libc_nano.a(lib_a-init.o)
                              /usr/lib/gcc/arm-none-eabi/10.3.1/../../../arm-none-eabi/lib/thumb/v7e-m+fp/hard/crt0.o (__libc_init_array)
/usr/lib/gcc/arm-none-eabi/10.3.1/../../../arm-none-eabi/lib/thumb/v7e-m+fp/hard/libc_nano.a(lib_a-memset.o)
                              /usr/lib/gcc/arm-none-eabi/10.3.1/../../../arm-none-eabi/lib/thumb/v7e-m+fp/hard/crt0.o (memset)
/usr/lib/gcc/arm-none-eabi/10.3.1/../../../arm-none-eabi/lib/thumb/v7e-m+fp/hard/libc_nano.a(lib_a-__atexit.o)
                              /usr/lib/gcc/arm-none-eabi/10.3.1/../../../arm-none-eabi/lib/thumb/v7e-m+fp/hard/libc_nano.a(lib_a-atexit.o) (__register_exitproc)
/usr/lib/gcc/arm-none-eabi/10.3.1/../../../arm-none-eabi/lib/thumb/v7e-m+fp/hard/libc_nano.a(lib_a-__call_atexit.o)
                              /usr/lib/gcc/arm-none-eabi/10.3.1/../../../arm-none-eabi/lib/thumb/v7e-m+fp/hard/libc_nano.a(lib_a-__atexit.o) (__call_exitprocs)
/usr/lib/gcc/arm-none-eabi/10.3.1/thumb/v7e-m+fp/hard/libgcc.a(_arm_addsubdf3.o)
                              CMakeFiles/manipulator_6_dof.dir/Core/Src/main.c.obj (__aeabi_f2d)
/usr/lib/gcc/arm-none-eabi/10.3.1/thumb/v7e-m+fp/hard/libgcc.a(_aeabi_uldivmod.o)
                              CMakeFiles/manipulator_6_dof.dir/Drivers/STM32L4xx_HAL_Driver/Src/stm32l4xx_hal_uart.c.obj (__aeabi_uldivmod)
/usr/lib/gcc/arm-none-eabi/10.3.1/thumb/v7e-m+fp/hard/libgcc.a(_udivmoddi4.o)
                              /usr/lib/gcc/arm-none-eabi/10.3.1/thumb/v7e-m+fp/hard/libgcc.a(_aeabi_uldivmod.o) (__udivmoddi4)
/usr/lib/gcc/arm-none-eabi/10.3.1/thumb/v7e-m+fp/hard/libgcc.a(_dvmd_tls.o)
                              /usr/lib/gcc/arm-none-eabi/10.3.1/thumb/v7e-m+fp/hard/libgcc.a(_aeabi_uldivmod.o) (__aeabi_ldiv0)
/usr/lib/gcc/arm-none-eabi/10.3.1/../../../arm-none-eabi/lib/thumb/v7e-m+fp/hard/libg_nano.a(lib_a-errno.o)
                              CMakeFiles/manipulator_6_dof.dir/Core/Src/sysmem.c.obj (__errno)
/usr/lib/gcc/arm-none-eabi/10.3.1/../../../arm-none-eabi/lib/thumb/v7e-m+fp/hard/libg_nano.a(lib_a-snprintf.o)
                              CMakeFiles/manipulator_6_dof.dir/Core/Src/imu_handler.c.obj (snprintf)
/usr/lib/gcc/arm-none-eabi/10.3.1/../../../arm-none-eabi/lib/thumb/v7e-m+fp/hard/libg_nano.a(lib_a-sprintf.o)
                              CMakeFiles/manipulator_6_dof.dir/Core/Src/main.c.obj (sprintf)
/usr/lib/gcc/arm-none-eabi/10.3.1/../../../arm-none-eabi/lib/thumb/v7e-m+fp/hard/libg_nano.a(lib_a-strlen.o)
                              CMakeFiles/manipulator_6_dof.dir/Core/Src/main.c.obj (strlen)
/usr/lib/gcc/arm-none-eabi/10.3.1/../../../arm-none-eabi/lib/thumb/v7e-m+fp/hard/libg_nano.a(lib_a-nano-svfprintf.o)
                              /usr/lib/gcc/arm-none-eabi/10.3.1/../../../arm-none-eabi/lib/thumb/v7e-m+fp/hard/libg_nano.a(lib_a-snprintf.o) (_svfprintf_r)
/usr/lib/gcc/arm-none-eabi/10.3.1/../../../arm-none-eabi/lib/thumb/v7e-m+fp/hard/libg_nano.a(lib_a-nano-vfprintf_i.o)
                              /usr/lib/gcc/arm-none-eabi/10.3.1/../../../arm-none-eabi/lib/thumb/v7e-m+fp/hard/libg_nano.a(lib_a-nano-svfprintf.o) (_printf_i)
/usr/lib/gcc/arm-none-eabi/10.3.1/../../../arm-none-eabi/lib/thumb/v7e-m+fp/hard/libg_nano.a(lib_a-memchr.o)
                              /usr/lib/gcc/arm-none-eabi/10.3.1/../../../arm-none-eabi/lib/thumb/v7e-m+fp/hard/libg_nano.a(lib_a-nano-svfprintf.o) (memchr)
/usr/lib/gcc/arm-none-eabi/10.3.1/../../../arm-none-eabi/lib/thumb/v7e-m+fp/hard/libg_nano.a(lib_a-memcpy.o)
                              /usr/lib/gcc/arm-none-eabi/10.3.1/../../../arm-none-eabi/lib/thumb/v7e-m+fp/hard/libg_nano.a(lib_a-nano-svfprintf.o) (memcpy)
/usr/lib/gcc/arm-none-eabi/10.3.1/../../../arm-none-eabi/lib/thumb/v7e-m+fp/hard/libg_nano.a(lib_a-memmove.o)
[...]
Memory Configuration

Name             Origin             Length             Attributes
RAM              0x0000000020000000 0x0000000000018000 xrw
RAM2             0x0000000010000000 0x0000000000008000 xrw
FLASH            0x0000000008000000 0x0000000000100000 xr
*default*        0x0000000000000000 0xffffffffffffffff

Linker script and memory map

LOAD /usr/lib/gcc/arm-none-eabi/10.3.1/thumb/v7e-m+fp/hard/crti.o
LOAD /usr/lib/gcc/arm-none-eabi/10.3.1/thumb/v7e-m+fp/hard/crtbegin.o
LOAD /usr/lib/gcc/arm-none-eabi/10.3.1/../../../arm-none-eabi/lib/thumb/v7e-m+fp/hard/crt0.o
START GROUP
LOAD /usr/lib/gcc/arm-none-eabi/10.3.1/../../../arm-none-eabi/lib/thumb/v7e-m+fp/hard/libc_nano.a
LOAD /usr/lib/gcc/arm-none-eabi/10.3.1/../../../arm-none-eabi/lib/thumb/v7e-m+fp/hard/libm.a
END GROUP
LOAD CMakeFiles/manipulator_6_dof.dir/Core/Src/main.c.obj
LOAD CMakeFiles/manipulator_6_dof.dir/Core/Src/imu_handler.c.obj
LOAD CMakeFiles/manipulator_6_dof.dir/Core/Src/ads1115.c.obj
LOAD CMakeFiles/manipulator_6_dof.dir/Core/Src/gpio.c.obj
LOAD CMakeFiles/manipulator_6_dof.dir/Core/Src/dma.c.obj
LOAD CMakeFiles/manipulator_6_dof.dir/Core/Src/i2c.c.obj
LOAD CMakeFiles/manipulator_6_dof.dir/Core/Src/usart.c.obj
LOAD CMakeFiles/manipulator_6_dof.dir/Core/Src/stm32l4xx_it.c.obj
LOAD CMakeFiles/manipulator_6_dof.dir/Core/Src/stm32l4xx_hal_msp.c.obj
LOAD CMakeFiles/manipulator_6_dof.dir/Drivers/STM32L4xx_HAL_Driver/Src/stm32l4xx_hal_i2c.c.obj
LOAD CMakeFiles/manipulator_6_dof.dir/Drivers/STM32L4xx_HAL_Driver/Src/stm32l4xx_hal_i2c_ex.c.obj
LOAD CMakeFiles/manipulator_6_dof.dir/Drivers/STM32L4xx_HAL_Driver/Src/stm32l4xx_hal.c.obj
LOAD CMakeFiles/manipulator_6_dof.dir/Drivers/STM32L4xx_HAL_Driver/Src/stm32l4xx_hal_rcc.c.obj
LOAD CMakeFiles/manipulator_6_dof.dir/Drivers/STM32L4xx_HAL_Driver/Src/stm32l4xx_hal_rcc_ex.c.obj
LOAD CMakeFiles/manipulator_6_dof.dir/Drivers/STM32L4xx_HAL_Driver/Src/stm32l4xx_hal_flash.c.obj
LOAD CMakeFiles/manipulator_6_dof.dir/Drivers/STM32L4xx_HAL_Driver/Src/stm32l4xx_hal_flash_ex.c.obj
LOAD CMakeFiles/manipulator_6_dof.dir/Drivers/STM32L4xx_HAL_Driver/Src/stm32l4xx_hal_flash_ramfunc.c.obj
LOAD CMakeFiles/manipulator_6_dof.dir/Drivers/STM32L4xx_HAL_Driver/Src/stm32l4xx_hal_gpio.c.obj
LOAD CMakeFiles/manipulator_6_dof.dir/Drivers/STM32L4xx_HAL_Driver/Src/stm32l4xx_hal_dma.c.obj
LOAD CMakeFiles/manipulator_6_dof.dir/Drivers/STM32L4xx_HAL_Driver/Src/stm32l4xx_hal_dma_ex.c.obj
LOAD CMakeFiles/manipulator_6_dof.dir/Drivers/STM32L4xx_HAL_Driver/Src/stm32l4xx_hal_pwr.c.obj
LOAD CMakeFiles/manipulator_6_dof.dir/Drivers/STM32L4xx_HAL_Driver/Src/stm32l4xx_hal_pwr_ex.c.obj
LOAD CMakeFiles/manipulator_6_dof.dir/Drivers/STM32L4xx_HAL_Driver/Src/stm32l4xx_hal_cortex.c.obj
LOAD CMakeFiles/manipulator_6_dof.dir/Drivers/STM32L4xx_HAL_Driver/Src/stm32l4xx_hal_exti.c.obj
LOAD CMakeFiles/manipulator_6_dof.dir/Drivers/STM32L4xx_HAL_Driver/Src/stm32l4xx_hal_tim.c.obj
LOAD CMakeFiles/manipulator_6_dof.dir/Drivers/STM32L4xx_HAL_Driver/Src/stm32l4xx_hal_tim_ex.c.obj
LOAD CMakeFiles/manipulator_6_dof.dir/Drivers/STM32L4xx_HAL_Driver/Src/stm32l4xx_hal_uart.c.obj
LOAD CMakeFiles/manipulator_6_dof.dir/Drivers/STM32L4xx_HAL_Driver/Src/stm32l4xx_hal_uart_ex.c.obj
LOAD CMakeFiles/manipulator_6_dof.dir/Core/Src/system_stm32l4xx.c.obj
LOAD CMakeFiles/manipulator_6_dof.dir/Core/Src/sysmem.c.obj
LOAD CMakeFiles/manipulator_6_dof.dir/Core/Src/syscalls.c.obj
LOAD CMakeFiles/manipulator_6_dof.dir/startup_stm32l476xx.s.obj
START GROUP
LOAD /usr/lib/gcc/arm-none-eabi/10.3.1/thumb/v7e-m+fp/hard/libgcc.a
LOAD /usr/lib/gcc/arm-none-eabi/10.3.1/../../../arm-none-eabi/lib/thumb/v7e-m+fp/hard/libg_nano.a
LOAD /usr/lib/gcc/arm-none-eabi/10.3.1/../../../arm-none-eabi/lib/thumb/v7e-m+fp/hard/libc_nano.a
END GROUP
START GROUP
LOAD /usr/lib/gcc/arm-none-eabi/10.3.1/thumb/v7e-m+fp/hard/libgcc.a
LOAD /usr/lib/gcc/arm-none-eabi/10.3.1/../../../arm-none-eabi/lib/thumb/v7e-m+fp/hard/libc_nano.a
END GROUP
LOAD /usr/lib/gcc/arm-none-eabi/10.3.1/thumb/v7e-m+fp/hard/crtend.o
LOAD /usr/lib/gcc/arm-none-eabi/10.3.1/thumb/v7e-m+fp/hard/crtn.o
                0x0000000020018000                _estack = (ORIGIN (RAM) + LENGTH (RAM))
                0x0000000000000200                _Min_Heap_Size = 0x200
                0x0000000000000400                _Min_Stack_Size = 0x400

.isr_vector     0x0000000008000000      0x188
                0x0000000008000000                . = ALIGN (0x8)
 *(.isr_vector)
 .isr_vector    0x0000000008000000      0x188 CMakeFiles/manipulator_6_dof.dir/startup_stm32l476xx.s.obj
                0x0000000008000000                g_pfnVectors
                0x0000000008000188                . = ALIGN (0x8)

.text           0x00000000080001c0     0x67b0
                0x00000000080001c0                . = ALIGN (0x8)
 *(.text)
 .text          0x00000000080001c0       0x88 /usr/lib/gcc/arm-none-eabi/10.3.1/thumb/v7e-m+fp/hard/crtbegin.o
 .text          0x0000000008000248       0x48 /usr/lib/gcc/arm-none-eabi/10.3.1/../../../arm-none-eabi/lib/thumb/v7e-m+fp/hard/libc_nano.a(lib_a-init.o)
                0x0000000008000248                __libc_init_array
 .text          0x0000000008000290       0xa4 /usr/lib/gcc/arm-none-eabi/10.3.1/../../../arm-none-eabi/lib/thumb/v7e-m+fp/hard/libc_nano.a(lib_a-memset.o)
                0x0000000008000290                memset
 .text          0x0000000008000334      0x378 /usr/lib/gcc/arm-none-eabi/10.3.1/thumb/v7e-m+fp/hard/libgcc.a(_arm_addsubdf3.o)
                0x0000000008000334                __aeabi_drsub
                0x000000000800033c                __aeabi_dsub
                0x000000000800033c                __subdf3
                0x0000000008000340                __adddf3
                0x0000000008000340                __aeabi_dadd
                0x00000000080005b8                __aeabi_ui2d
                0x00000000080005b8                __floatunsidf
                0x00000000080005d8                __floatsidf
                0x00000000080005d8                __aeabi_i2d
                0x00000000080005fc                __extendsfdf2
                0x00000000080005fc                __aeabi_f2d
                0x0000000008000640                __aeabi_ul2d
                0x0000000008000640                __floatundidf
                0x0000000008000650                __floatdidf
                0x0000000008000650                __aeabi_l2d
 .text          0x00000000080006ac       0x30 /usr/lib/gcc/arm-none-eabi/10.3.1/thumb/v7e-m+fp/hard/libgcc.a(_aeabi_uldivmod.o)
                0x00000000080006ac                __aeabi_uldivmod
 .text          0x00000000080006dc      0x2d0 /usr/lib/gcc/arm-none-eabi/10.3.1/thumb/v7e-m+fp/hard/libgcc.a(_udivmoddi4.o)
                0x00000000080006dc                __udivmoddi4
 .text          0x00000000080009ac        0x4 /usr/lib/gcc/arm-none-eabi/10.3.1/thumb/v7e-m+fp/hard/libgcc.a(_dvmd_tls.o)
                0x00000000080009ac                __aeabi_ldiv0
                0x00000000080009ac                __aeabi_idiv0
 .text          0x00000000080009b0        0xc /usr/lib/gcc/arm-none-eabi/10.3.1/../../../arm-none-eabi/lib/thumb/v7e-m+fp/hard/libg_nano.a(lib_a-errno.o)
                0x00000000080009b0                __errno
 .text          0x00000000080009bc       0x78 /usr/lib/gcc/arm-none-eabi/10.3.1/../../../arm-none-eabi/lib/thumb/v7e-m+fp/hard/libg_nano.a(lib_a-sprintf.o)
                0x00000000080009bc                _siprintf_r
                0x00000000080009bc                _sprintf_r
                0x00000000080009f4                sprintf
                0x00000000080009f4                siprintf
 *fill*         0x0000000008000a34        0xc 
 .text          0x0000000008000a40       0xdc /usr/lib/gcc/arm-none-eabi/10.3.1/../../../arm-none-eabi/lib/thumb/v7e-m+fp/hard/libg_nano.a(lib_a-strlen.o)
                0x0000000008000a40                strlen
 .text          0x0000000008000b1c      0x3f0 /usr/lib/gcc/arm-none-eabi/10.3.1/../../../arm-none-eabi/lib/thumb/v7e-m+fp/hard/libg_nano.a(lib_a-nano-svfprintf.o)
                0x0000000008000b1c                __ssputs_r
                0x0000000008000be0                __ssprint_r
                0x0000000008000cd8                _svfprintf_r
                0x0000000008000cd8                _svfiprintf_r
 .text          0x0000000008000f0c      0x3dc /usr/lib/gcc/arm-none-eabi/10.3.1/../../../arm-none-eabi/lib/thumb/v7e-m+fp/hard/libg_nano.a(lib_a-nano-vfprintf_i.o)
                0x0000000008000f0c                _printf_common
                0x0000000008001038                _printf_i
 *fill*         0x00000000080012e8        0x8 
 .text          0x00000000080012f0       0xa0 /usr/lib/gcc/arm-none-eabi/10.3.1/../../../arm-none-eabi/lib/thumb/v7e-m+fp/hard/libg_nano.a(lib_a-memchr.o)
                0x00000000080012f0                memchr
 .text          0x0000000008001390      0x134 /usr/lib/gcc/arm-none-eabi/10.3.1/../../../arm-none-eabi/lib/thumb/v7e-m+fp/hard/libg_nano.a(lib_a-memcpy.o)
                0x0000000008001390                memcpy
 .text          0x00000000080014c4       0xf8 /usr/lib/gcc/arm-none-eabi/10.3.1/../../../arm-none-eabi/lib/thumb/v7e-m+fp/hard/libg_nano.a(lib_a-memmove.o)
                0x00000000080014c4                memmove
 .text          0x00000000080015bc       0xc4 /usr/lib/gcc/arm-none-eabi/10.3.1/../../../arm-none-eabi/lib/thumb/v7e-m+fp/hard/libg_nano.a(lib_a-nano-freer.o)
                0x00000000080015bc                _free_r
 .text          0x0000000008001680       0xb4 /usr/lib/gcc/arm-none-eabi/10.3.1/../../../arm-none-eabi/lib/thumb/v7e-m+fp/hard/libg_nano.a(lib_a-nano-mallocr.o)
                0x0000000008001680                _malloc_r
 .text          0x0000000008001734       0x50 /usr/lib/gcc/arm-none-eabi/10.3.1/../../../arm-none-eabi/lib/thumb/v7e-m+fp/hard/libg_nano.a(lib_a-nano-reallocr.o)
                0x0000000008001734                _realloc_r
 .text          0x0000000008001784       0x24 /usr/lib/gcc/arm-none-eabi/10.3.1/../../../arm-none-eabi/lib/thumb/v7e-m+fp/hard/libg_nano.a(lib_a-sbrkr.o)
                0x0000000008001784                _sbrk_r
 .text          0x00000000080017a8        0x8 /usr/lib/gcc/arm-none-eabi/10.3.1/../../../arm-none-eabi/lib/thumb/v7e-m+fp/hard/libg_nano.a(lib_a-mlock.o)
                0x00000000080017a8                __malloc_lock
                0x00000000080017ac                __malloc_unlock
 .text          0x00000000080017b0       0x14 /usr/lib/gcc/arm-none-eabi/10.3.1/../../../arm-none-eabi/lib/thumb/v7e-m+fp/hard/libg_nano.a(lib_a-nano-msizer.o)
                0x00000000080017b0                _malloc_usable_size_r
 *(.text*)
 .text.uart_print
                0x00000000080017c4       0x2c CMakeFiles/manipulator_6_dof.dir/Core/Src/main.c.obj
                0x00000000080017c4                uart_print
 .text.I2C_IsDeviceReady
                0x00000000080017f0       0x28 CMakeFiles/manipulator_6_dof.dir/Core/Src/main.c.obj
                0x00000000080017f0                I2C_IsDeviceReady
 .text.main     0x0000000008001818      0x200 CMakeFiles/manipulator_6_dof.dir/Core/Src/main.c.obj
                0x0000000008001818                main
 .text.SystemClock_Config
                0x0000000008001a18       0xa2 CMakeFiles/manipulator_6_dof.dir/Core/Src/main.c.obj
                0x0000000008001a18                SystemClock_Config
 .text.Error_Handler
                0x0000000008001aba        0xa CMakeFiles/manipulator_6_dof.dir/Core/Src/main.c.obj
                0x0000000008001aba                Error_Handler
 .text.ADS1115_Init
                0x0000000008001ac4       0x1e CMakeFiles/manipulator_6_dof.dir/Core/Src/ads1115.c.obj
                0x0000000008001ac4                ADS1115_Init
 *fill*         0x0000000008001ae2        0x2 
 .text.ADS1115_WriteRegister
                0x0000000008001ae4       0x48 CMakeFiles/manipulator_6_dof.dir/Core/Src/ads1115.c.obj
                0x0000000008001ae4                ADS1115_WriteRegister
 .text.ADS1115_ReadRegister
                0x0000000008001b2c       0x70 CMakeFiles/manipulator_6_dof.dir/Core/Src/ads1115.c.obj
                0x0000000008001b2c                ADS1115_ReadRegister
 .text.ADS1115_IsConversionReady
                0x0000000008001b9c       0x40 CMakeFiles/manipulator_6_dof.dir/Core/Src/ads1115.c.obj
                0x0000000008001b9c                ADS1115_IsConversionReady
 .text.ADS1115_Read
                0x0000000008001bdc       0x1c CMakeFiles/manipulator_6_dof.dir/Core/Src/ads1115.c.obj
                0x0000000008001bdc                ADS1115_Read
 .text.ADS1115_ReadADC_SingleEnded
                0x0000000008001bf8       0x98 CMakeFiles/manipulator_6_dof.dir/Core/Src/ads1115.c.obj
                0x0000000008001bf8                ADS1115_ReadADC_SingleEnded
 .text.ADS1115_ReadADC_A0
                0x0000000008001c90       0x10 CMakeFiles/manipulator_6_dof.dir/Core/Src/ads1115.c.obj
                0x0000000008001c90                ADS1115_ReadADC_A0
 .text.ADS1115_ConvertToVoltage
                0x0000000008001ca0      0x174 CMakeFiles/manipulator_6_dof.dir/Core/Src/ads1115.c.obj
                0x0000000008001ca0                ADS1115_ConvertToVoltage
 .text.MX_GPIO_Init
                0x0000000008001e14       0xcc CMakeFiles/manipulator_6_dof.dir/Core/Src/gpio.c.obj
                0x0000000008001e14                MX_GPIO_Init
 .text.MX_DMA_Init
                0x0000000008001ee0       0x3c CMakeFiles/manipulator_6_dof.dir/Core/Src/dma.c.obj
                0x0000000008001ee0                MX_DMA_Init
 .text.MX_I2C1_Init
                0x0000000008001f1c       0x80 CMakeFiles/manipulator_6_dof.dir/Core/Src/i2c.c.obj
                0x0000000008001f1c                MX_I2C1_Init
 .text.HAL_I2C_MspInit
                0x0000000008001f9c      0x138 CMakeFiles/manipulator_6_dof.dir/Core/Src/i2c.c.obj
                0x0000000008001f9c                HAL_I2C_MspInit
 .text.MX_USART2_UART_Init
                0x00000000080020d4       0x60 CMakeFiles/manipulator_6_dof.dir/Core/Src/usart.c.obj
                0x00000000080020d4                MX_USART2_UART_Init
 .text.HAL_UART_MspInit
                0x0000000008002134       0xb8 CMakeFiles/manipulator_6_dof.dir/Core/Src/usart.c.obj
                0x0000000008002134                HAL_UART_MspInit
 .text.NMI_Handler
                0x00000000080021ec        0x6 CMakeFiles/manipulator_6_dof.dir/Core/Src/stm32l4xx_it.c.obj
                0x00000000080021ec                NMI_Handler
 .text.HardFault_Handler
                0x00000000080021f2        0x6 CMakeFiles/manipulator_6_dof.dir/Core/Src/stm32l4xx_it.c.obj
                0x00000000080021f2                HardFault_Handler
 .text.MemManage_Handler
                0x00000000080021f8        0x6 CMakeFiles/manipulator_6_dof.dir/Core/Src/stm32l4xx_it.c.obj
                0x00000000080021f8                MemManage_Handler
 .text.BusFault_Handler
                0x00000000080021fe        0x6 CMakeFiles/manipulator_6_dof.dir/Core/Src/stm32l4xx_it.c.obj
                0x00000000080021fe                BusFault_Handler
 .text.UsageFault_Handler
                0x0000000008002204        0x6 CMakeFiles/manipulator_6_dof.dir/Core/Src/stm32l4xx_it.c.obj
                0x0000000008002204                UsageFault_Handler
 .text.SVC_Handler
                0x000000000800220a        0xe CMakeFiles/manipulator_6_dof.dir/Core/Src/stm32l4xx_it.c.obj
                0x000000000800220a                SVC_Handler
 .text.DebugMon_Handler
                0x0000000008002218        0xe CMakeFiles/manipulator_6_dof.dir/Core/Src/stm32l4xx_it.c.obj
                0x0000000008002218                DebugMon_Handler
 .text.PendSV_Handler
                0x0000000008002226        0xe CMakeFiles/manipulator_6_dof.dir/Core/Src/stm32l4xx_it.c.obj
                0x0000000008002226                PendSV_Handler
 .text.SysTick_Handler
                0x0000000008002234        0xc CMakeFiles/manipulator_6_dof.dir/Core/Src/stm32l4xx_it.c.obj
                0x0000000008002234                SysTick_Handler
 .text.DMA1_Channel6_IRQHandler
                0x0000000008002240       0x14 CMakeFiles/manipulator_6_dof.dir/Core/Src/stm32l4xx_it.c.obj
                0x0000000008002240                DMA1_Channel6_IRQHandler
 .text.I2C1_EV_IRQHandler
                0x0000000008002254       0x14 CMakeFiles/manipulator_6_dof.dir/Core/Src/stm32l4xx_it.c.obj
                0x0000000008002254                I2C1_EV_IRQHandler
 .text.I2C1_ER_IRQHandler
                0x0000000008002268       0x14 CMakeFiles/manipulator_6_dof.dir/Core/Src/stm32l4xx_it.c.obj
                0x0000000008002268                I2C1_ER_IRQHandler
 .text.HAL_MspInit
                0x000000000800227c       0x48 CMakeFiles/manipulator_6_dof.dir/Core/Src/stm32l4xx_hal_msp.c.obj
                0x000000000800227c                HAL_MspInit
 .text.HAL_I2C_Init
                0x00000000080022c4      0x136 CMakeFiles/manipulator_6_dof.dir/Drivers/STM32L4xx_HAL_Driver/Src/stm32l4xx_hal_i2c.c.obj
                0x00000000080022c4                HAL_I2C_Init
 *fill*         0x00000000080023fa        0x2 
 .text.HAL_I2C_Master_Transmit
                0x00000000080023fc      0x230 CMakeFiles/manipulator_6_dof.dir/Drivers/STM32L4xx_HAL_Driver/Src/stm32l4xx_hal_i2c.c.obj
                0x00000000080023fc                HAL_I2C_Master_Transmit
 .text.HAL_I2C_Master_Receive
                0x000000000800262c      0x1ec CMakeFiles/manipulator_6_dof.dir/Drivers/STM32L4xx_HAL_Driver/Src/stm32l4xx_hal_i2c.c.obj
                0x000000000800262c                HAL_I2C_Master_Receive
 .text.HAL_I2C_IsDeviceReady
                0x0000000008002818      0x1d8 CMakeFiles/manipulator_6_dof.dir/Drivers/STM32L4xx_HAL_Driver/Src/stm32l4xx_hal_i2c.c.obj
                0x0000000008002818                HAL_I2C_IsDeviceReady
 .text.HAL_I2C_EV_IRQHandler
                0x00000000080029f0       0x34 CMakeFiles/manipulator_6_dof.dir/Drivers/STM32L4xx_HAL_Driver/Src/stm32l4xx_hal_i2c.c.obj
                0x00000000080029f0                HAL_I2C_EV_IRQHandler
 .text.HAL_I2C_ER_IRQHandler
                0x0000000008002a24       0xc2 CMakeFiles/manipulator_6_dof.dir/Drivers/STM32L4xx_HAL_Driver/Src/stm32l4xx_hal_i2c.c.obj
                0x0000000008002a24                HAL_I2C_ER_IRQHandler
 .text.HAL_I2C_SlaveTxCpltCallback
                0x0000000008002ae6       0x14 CMakeFiles/manipulator_6_dof.dir/Drivers/STM32L4xx_HAL_Driver/Src/stm32l4xx_hal_i2c.c.obj
                0x0000000008002ae6                HAL_I2C_SlaveTxCpltCallback
 .text.HAL_I2C_SlaveRxCpltCallback
                0x0000000008002afa       0x14 CMakeFiles/manipulator_6_dof.dir/Drivers/STM32L4xx_HAL_Driver/Src/stm32l4xx_hal_i2c.c.obj
                0x0000000008002afa                HAL_I2C_SlaveRxCpltCallback
 .text.HAL_I2C_AddrCallback
                0x0000000008002b0e       0x1c CMakeFiles/manipulator_6_dof.dir/Drivers/STM32L4xx_HAL_Driver/Src/stm32l4xx_hal_i2c.c.obj
                0x0000000008002b0e                HAL_I2C_AddrCallback
 .text.HAL_I2C_ListenCpltCallback
                0x0000000008002b2a       0x14 CMakeFiles/manipulator_6_dof.dir/Drivers/STM32L4xx_HAL_Driver/Src/stm32l4xx_hal_i2c.c.obj
                0x0000000008002b2a                HAL_I2C_ListenCpltCallback
 .text.HAL_I2C_ErrorCallback
                0x0000000008002b3e       0x14 CMakeFiles/manipulator_6_dof.dir/Drivers/STM32L4xx_HAL_Driver/Src/stm32l4xx_hal_i2c.c.obj
                0x0000000008002b3e                HAL_I2C_ErrorCallback
 .text.HAL_I2C_AbortCpltCallback
                0x0000000008002b52       0x14 CMakeFiles/manipulator_6_dof.dir/Drivers/STM32L4xx_HAL_Driver/Src/stm32l4xx_hal_i2c.c.obj
                0x0000000008002b52                HAL_I2C_AbortCpltCallback
 .text.I2C_Slave_ISR_IT
                0x0000000008002b66      0x208 CMakeFiles/manipulator_6_dof.dir/Drivers/STM32L4xx_HAL_Driver/Src/stm32l4xx_hal_i2c.c.obj
 .text.I2C_ITAddrCplt
                0x0000000008002d6e      0x108 CMakeFiles/manipulator_6_dof.dir/Drivers/STM32L4xx_HAL_Driver/Src/stm32l4xx_hal_i2c.c.obj
 .text.I2C_ITSlaveSeqCplt
                0x0000000008002e76       0xbc CMakeFiles/manipulator_6_dof.dir/Drivers/STM32L4xx_HAL_Driver/Src/stm32l4xx_hal_i2c.c.obj
 *fill*         0x0000000008002f32        0x2 
 .text.I2C_ITSlaveCplt
                0x0000000008002f34      0x2d4 CMakeFiles/manipulator_6_dof.dir/Drivers/STM32L4xx_HAL_Driver/Src/stm32l4xx_hal_i2c.c.obj
 .text.I2C_ITListenCplt
                0x0000000008003208       0xac CMakeFiles/manipulator_6_dof.dir/Drivers/STM32L4xx_HAL_Driver/Src/stm32l4xx_hal_i2c.c.obj
 .text.I2C_ITError
                0x00000000080032b4      0x1e0 CMakeFiles/manipulator_6_dof.dir/Drivers/STM32L4xx_HAL_Driver/Src/stm32l4xx_hal_i2c.c.obj
 .text.I2C_TreatErrorCallback
                0x0000000008003494       0x4e CMakeFiles/manipulator_6_dof.dir/Drivers/STM32L4xx_HAL_Driver/Src/stm32l4xx_hal_i2c.c.obj
 .text.I2C_Flush_TXDR
                0x00000000080034e2       0x48 CMakeFiles/manipulator_6_dof.dir/Drivers/STM32L4xx_HAL_Driver/Src/stm32l4xx_hal_i2c.c.obj
 .text.I2C_DMAAbort
                0x000000000800352a       0x3c CMakeFiles/manipulator_6_dof.dir/Drivers/STM32L4xx_HAL_Driver/Src/stm32l4xx_hal_i2c.c.obj
 .text.I2C_WaitOnFlagUntilTimeout
                0x0000000008003566       0xb2 CMakeFiles/manipulator_6_dof.dir/Drivers/STM32L4xx_HAL_Driver/Src/stm32l4xx_hal_i2c.c.obj
 .text.I2C_WaitOnTXISFlagUntilTimeout
                0x0000000008003618       0x8e CMakeFiles/manipulator_6_dof.dir/Drivers/STM32L4xx_HAL_Driver/Src/stm32l4xx_hal_i2c.c.obj
 .text.I2C_WaitOnSTOPFlagUntilTimeout
                0x00000000080036a6       0x86 CMakeFiles/manipulator_6_dof.dir/Drivers/STM32L4xx_HAL_Driver/Src/stm32l4xx_hal_i2c.c.obj
 .text.I2C_WaitOnRXNEFlagUntilTimeout
                0x000000000800372c      0x118 CMakeFiles/manipulator_6_dof.dir/Drivers/STM32L4xx_HAL_Driver/Src/stm32l4xx_hal_i2c.c.obj
 .text.I2C_IsErrorOccurred
                0x0000000008003844      0x1c0 CMakeFiles/manipulator_6_dof.dir/Drivers/STM32L4xx_HAL_Driver/Src/stm32l4xx_hal_i2c.c.obj
 .text.I2C_TransferConfig
                0x0000000008003a04       0x64 CMakeFiles/manipulator_6_dof.dir/Drivers/STM32L4xx_HAL_Driver/Src/stm32l4xx_hal_i2c.c.obj
 .text.I2C_Disable_IRQ
                0x0000000008003a68       0xbc CMakeFiles/manipulator_6_dof.dir/Drivers/STM32L4xx_HAL_Driver/Src/stm32l4xx_hal_i2c.c.obj
 .text.HAL_I2CEx_ConfigAnalogFilter
                0x0000000008003b24       0x96 CMakeFiles/manipulator_6_dof.dir/Drivers/STM32L4xx_HAL_Driver/Src/stm32l4xx_hal_i2c_ex.c.obj
                0x0000000008003b24                HAL_I2CEx_ConfigAnalogFilter
 .text.HAL_I2CEx_ConfigDigitalFilter
                0x0000000008003bba       0x98 CMakeFiles/manipulator_6_dof.dir/Drivers/STM32L4xx_HAL_Driver/Src/stm32l4xx_hal_i2c_ex.c.obj
                0x0000000008003bba                HAL_I2CEx_ConfigDigitalFilter
 *fill*         0x0000000008003c52        0x2 
 .text.HAL_Init
                0x0000000008003c54       0x40 CMakeFiles/manipulator_6_dof.dir/Drivers/STM32L4xx_HAL_Driver/Src/stm32l4xx_hal.c.obj
                0x0000000008003c54                HAL_Init
 .text.HAL_InitTick
                0x0000000008003c94       0x78 CMakeFiles/manipulator_6_dof.dir/Drivers/STM32L4xx_HAL_Driver/Src/stm32l4xx_hal.c.obj
                0x0000000008003c94                HAL_InitTick
 .text.HAL_IncTick
                0x0000000008003d0c       0x28 CMakeFiles/manipulator_6_dof.dir/Drivers/STM32L4xx_HAL_Driver/Src/stm32l4xx_hal.c.obj
                0x0000000008003d0c                HAL_IncTick
 .text.HAL_GetTick
                0x0000000008003d34       0x18 CMakeFiles/manipulator_6_dof.dir/Drivers/STM32L4xx_HAL_Driver/Src/stm32l4xx_hal.c.obj
                0x0000000008003d34                HAL_GetTick
 .text.HAL_Delay
                0x0000000008003d4c       0x48 CMakeFiles/manipulator_6_dof.dir/Drivers/STM32L4xx_HAL_Driver/Src/stm32l4xx_hal.c.obj
                0x0000000008003d4c                HAL_Delay
 .text.HAL_RCC_OscConfig
                0x0000000008003d94      0x7b8 CMakeFiles/manipulator_6_dof.dir/Drivers/STM32L4xx_HAL_Driver/Src/stm32l4xx_hal_rcc.c.obj
                0x0000000008003d94                HAL_RCC_OscConfig
 .text.HAL_RCC_ClockConfig
                0x000000000800454c      0x200 CMakeFiles/manipulator_6_dof.dir/Drivers/STM32L4xx_HAL_Driver/Src/stm32l4xx_hal_rcc.c.obj
                0x000000000800454c                HAL_RCC_ClockConfig
 .text.HAL_RCC_GetSysClockFreq
                0x000000000800474c      0x118 CMakeFiles/manipulator_6_dof.dir/Drivers/STM32L4xx_HAL_Driver/Src/stm32l4xx_hal_rcc.c.obj
                0x000000000800474c                HAL_RCC_GetSysClockFreq
 .text.HAL_RCC_GetHCLKFreq
                0x0000000008004864       0x18 CMakeFiles/manipulator_6_dof.dir/Drivers/STM32L4xx_HAL_Driver/Src/stm32l4xx_hal_rcc.c.obj
                0x0000000008004864                HAL_RCC_GetHCLKFreq
 .text.HAL_RCC_GetPCLK1Freq
                0x000000000800487c       0x2c CMakeFiles/manipulator_6_dof.dir/Drivers/STM32L4xx_HAL_Driver/Src/stm32l4xx_hal_rcc.c.obj
                0x000000000800487c                HAL_RCC_GetPCLK1Freq
 .text.HAL_RCC_GetPCLK2Freq
                0x00000000080048a8       0x2c CMakeFiles/manipulator_6_dof.dir/Drivers/STM32L4xx_HAL_Driver/Src/stm32l4xx_hal_rcc.c.obj
                0x00000000080048a8                HAL_RCC_GetPCLK2Freq
 .text.RCC_SetFlashLatencyFromMSIRange
                0x00000000080048d4       0xc0 CMakeFiles/manipulator_6_dof.dir/Drivers/STM32L4xx_HAL_Driver/Src/stm32l4xx_hal_rcc.c.obj
 .text.HAL_RCCEx_PeriphCLKConfig
                0x0000000008004994      0x5d4 CMakeFiles/manipulator_6_dof.dir/Drivers/STM32L4xx_HAL_Driver/Src/stm32l4xx_hal_rcc_ex.c.obj
                0x0000000008004994                HAL_RCCEx_PeriphCLKConfig
 .text.RCCEx_PLLSAI1_Config
                0x0000000008004f68      0x1e8 CMakeFiles/manipulator_6_dof.dir/Drivers/STM32L4xx_HAL_Driver/Src/stm32l4xx_hal_rcc_ex.c.obj
 .text.RCCEx_PLLSAI2_Config
                0x0000000008005150      0x1bc CMakeFiles/manipulator_6_dof.dir/Drivers/STM32L4xx_HAL_Driver/Src/stm32l4xx_hal_rcc_ex.c.obj
 .text.HAL_GPIO_Init
                0x000000000800530c      0x354 CMakeFiles/manipulator_6_dof.dir/Drivers/STM32L4xx_HAL_Driver/Src/stm32l4xx_hal_gpio.c.obj
                0x000000000800530c                HAL_GPIO_Init
 .text.HAL_GPIO_WritePin
                0x0000000008005660       0x30 CMakeFiles/manipulator_6_dof.dir/Drivers/STM32L4xx_HAL_Driver/Src/stm32l4xx_hal_gpio.c.obj
                0x0000000008005660                HAL_GPIO_WritePin
 .text.HAL_GPIO_TogglePin
                0x0000000008005690       0x34 CMakeFiles/manipulator_6_dof.dir/Drivers/STM32L4xx_HAL_Driver/Src/stm32l4xx_hal_gpio.c.obj
                0x0000000008005690                HAL_GPIO_TogglePin
 .text.HAL_DMA_Init
                0x00000000080056c4      0x170 CMakeFiles/manipulator_6_dof.dir/Drivers/STM32L4xx_HAL_Driver/Src/stm32l4xx_hal_dma.c.obj
                0x00000000080056c4                HAL_DMA_Init
 .text.HAL_DMA_Abort_IT
                0x0000000008005834       0x82 CMakeFiles/manipulator_6_dof.dir/Drivers/STM32L4xx_HAL_Driver/Src/stm32l4xx_hal_dma.c.obj
                0x0000000008005834                HAL_DMA_Abort_IT
 .text.HAL_DMA_IRQHandler
                0x00000000080058b6      0x15e CMakeFiles/manipulator_6_dof.dir/Drivers/STM32L4xx_HAL_Driver/Src/stm32l4xx_hal_dma.c.obj
                0x00000000080058b6                HAL_DMA_IRQHandler
 .text.HAL_DMA_GetState
                0x0000000008005a14       0x1c CMakeFiles/manipulator_6_dof.dir/Drivers/STM32L4xx_HAL_Driver/Src/stm32l4xx_hal_dma.c.obj
                0x0000000008005a14                HAL_DMA_GetState
 .text.HAL_PWREx_GetVoltageRange
                0x0000000008005a30       0x1c CMakeFiles/manipulator_6_dof.dir/Drivers/STM32L4xx_HAL_Driver/Src/stm32l4xx_hal_pwr_ex.c.obj
                0x0000000008005a30                HAL_PWREx_GetVoltageRange
 .text.HAL_PWREx_ControlVoltageScaling
                0x0000000008005a4c       0xac CMakeFiles/manipulator_6_dof.dir/Drivers/STM32L4xx_HAL_Driver/Src/stm32l4xx_hal_pwr_ex.c.obj
                0x0000000008005a4c                HAL_PWREx_ControlVoltageScaling
 .text.__NVIC_SetPriorityGrouping
                0x0000000008005af8       0x48 CMakeFiles/manipulator_6_dof.dir/Drivers/STM32L4xx_HAL_Driver/Src/stm32l4xx_hal_cortex.c.obj
 .text.__NVIC_GetPriorityGrouping
                0x0000000008005b40       0x1c CMakeFiles/manipulator_6_dof.dir/Drivers/STM32L4xx_HAL_Driver/Src/stm32l4xx_hal_cortex.c.obj
 .text.__NVIC_EnableIRQ
                0x0000000008005b5c       0x3c CMakeFiles/manipulator_6_dof.dir/Drivers/STM32L4xx_HAL_Driver/Src/stm32l4xx_hal_cortex.c.obj
 .text.__NVIC_SetPriority
                0x0000000008005b98       0x54 CMakeFiles/manipulator_6_dof.dir/Drivers/STM32L4xx_HAL_Driver/Src/stm32l4xx_hal_cortex.c.obj
 .text.NVIC_EncodePriority
                0x0000000008005bec       0x66 CMakeFiles/manipulator_6_dof.dir/Drivers/STM32L4xx_HAL_Driver/Src/stm32l4xx_hal_cortex.c.obj
 *fill*         0x0000000008005c52        0x2 
 .text.SysTick_Config
                0x0000000008005c54       0x44 CMakeFiles/manipulator_6_dof.dir/Drivers/STM32L4xx_HAL_Driver/Src/stm32l4xx_hal_cortex.c.obj
 .text.HAL_NVIC_SetPriorityGrouping
                0x0000000008005c98       0x16 CMakeFiles/manipulator_6_dof.dir/Drivers/STM32L4xx_HAL_Driver/Src/stm32l4xx_hal_cortex.c.obj
                0x0000000008005c98                HAL_NVIC_SetPriorityGrouping
 .text.HAL_NVIC_SetPriority
                0x0000000008005cae       0x38 CMakeFiles/manipulator_6_dof.dir/Drivers/STM32L4xx_HAL_Driver/Src/stm32l4xx_hal_cortex.c.obj
                0x0000000008005cae                HAL_NVIC_SetPriority
 .text.HAL_NVIC_EnableIRQ
                0x0000000008005ce6       0x1c CMakeFiles/manipulator_6_dof.dir/Drivers/STM32L4xx_HAL_Driver/Src/stm32l4xx_hal_cortex.c.obj
                0x0000000008005ce6                HAL_NVIC_EnableIRQ
 .text.HAL_SYSTICK_Config
                0x0000000008005d02       0x18 CMakeFiles/manipulator_6_dof.dir/Drivers/STM32L4xx_HAL_Driver/Src/stm32l4xx_hal_cortex.c.obj
                0x0000000008005d02                HAL_SYSTICK_Config
 .text.HAL_UART_Init
                0x0000000008005d1a       0x9c CMakeFiles/manipulator_6_dof.dir/Drivers/STM32L4xx_HAL_Driver/Src/stm32l4xx_hal_uart.c.obj
                0x0000000008005d1a                HAL_UART_Init
 .text.HAL_UART_Transmit
                0x0000000008005db6      0x114 CMakeFiles/manipulator_6_dof.dir/Drivers/STM32L4xx_HAL_Driver/Src/stm32l4xx_hal_uart.c.obj
                0x0000000008005db6                HAL_UART_Transmit
 *fill*         0x0000000008005eca        0x2 
 .text.UART_SetConfig
                0x0000000008005ecc      0x570 CMakeFiles/manipulator_6_dof.dir/Drivers/STM32L4xx_HAL_Driver/Src/stm32l4xx_hal_uart.c.obj
                0x0000000008005ecc                UART_SetConfig
 .text.UART_AdvFeatureConfig
                0x000000000800643c      0x144 CMakeFiles/manipulator_6_dof.dir/Drivers/STM32L4xx_HAL_Driver/Src/stm32l4xx_hal_uart.c.obj
                0x000000000800643c                UART_AdvFeatureConfig
 .text.UART_CheckIdleState
                0x0000000008006580      0x150 CMakeFiles/manipulator_6_dof.dir/Drivers/STM32L4xx_HAL_Driver/Src/stm32l4xx_hal_uart.c.obj
                0x0000000008006580                UART_CheckIdleState
 .text.UART_WaitOnFlagUntilTimeout
                0x00000000080066d0       0xda CMakeFiles/manipulator_6_dof.dir/Drivers/STM32L4xx_HAL_Driver/Src/stm32l4xx_hal_uart.c.obj
                0x00000000080066d0                UART_WaitOnFlagUntilTimeout
 .text.UART_EndRxTransfer
                0x00000000080067aa       0xc8 CMakeFiles/manipulator_6_dof.dir/Drivers/STM32L4xx_HAL_Driver/Src/stm32l4xx_hal_uart.c.obj
 *fill*         0x0000000008006872        0x2 
 .text.SystemInit
                0x0000000008006874       0x24 CMakeFiles/manipulator_6_dof.dir/Core/Src/system_stm32l4xx.c.obj
                0x0000000008006874                SystemInit
 .text._sbrk    0x0000000008006898       0x6c CMakeFiles/manipulator_6_dof.dir/Core/Src/sysmem.c.obj
                0x0000000008006898                _sbrk
 .text.Reset_Handler
                0x0000000008006904       0x50 CMakeFiles/manipulator_6_dof.dir/startup_stm32l476xx.s.obj
                0x0000000008006904                Reset_Handler
 .text.Default_Handler
                0x0000000008006954        0x2 CMakeFiles/manipulator_6_dof.dir/startup_stm32l476xx.s.obj
                0x0000000008006954                RTC_Alarm_IRQHandler
                0x0000000008006954                EXTI2_IRQHandler
                0x0000000008006954                TIM8_TRG_COM_IRQHandler
                0x0000000008006954                TIM8_CC_IRQHandler
                0x0000000008006954                TIM1_CC_IRQHandler
                0x0000000008006954                TSC_IRQHandler
                0x0000000008006954                TAMP_STAMP_IRQHandler
                0x0000000008006954                EXTI3_IRQHandler
                0x0000000008006954                LPTIM2_IRQHandler
                0x0000000008006954                DFSDM1_FLT1_IRQHandler
                0x0000000008006954                I2C3_ER_IRQHandler
                0x0000000008006954                DFSDM1_FLT2_IRQHandler
                0x0000000008006954                EXTI0_IRQHandler
                0x0000000008006954                I2C2_EV_IRQHandler
                0x0000000008006954                CAN1_RX0_IRQHandler
                0x0000000008006954                FPU_IRQHandler
                0x0000000008006954                TIM1_UP_TIM16_IRQHandler
                0x0000000008006954                ADC1_2_IRQHandler
                0x0000000008006954                SPI1_IRQHandler
                0x0000000008006954                TIM6_DAC_IRQHandler
                0x0000000008006954                TIM8_UP_IRQHandler
                0x0000000008006954                DMA2_Channel2_IRQHandler
                0x0000000008006954                DMA1_Channel4_IRQHandler
                0x0000000008006954                SAI2_IRQHandler
                0x0000000008006954                DFSDM1_FLT3_IRQHandler
                0x0000000008006954                USART3_IRQHandler
                0x0000000008006954                DMA1_Channel7_IRQHandler
                0x0000000008006954                CAN1_RX1_IRQHandler
                0x0000000008006954                LCD_IRQHandler
                0x0000000008006954                UART5_IRQHandler
                0x0000000008006954                ADC3_IRQHandler
                0x0000000008006954                TIM4_IRQHandler
                0x0000000008006954                DMA2_Channel1_IRQHandler
                0x0000000008006954                QUADSPI_IRQHandler
                0x0000000008006954                UART4_IRQHandler
                0x0000000008006954                DMA2_Channel4_IRQHandler
                0x0000000008006954                TIM3_IRQHandler
                0x0000000008006954                RCC_IRQHandler
                0x0000000008006954                DMA1_Channel1_IRQHandler
                0x0000000008006954                Default_Handler
                0x0000000008006954                DMA2_Channel7_IRQHandler
                0x0000000008006954                EXTI15_10_IRQHandler
                0x0000000008006954                TIM7_IRQHandler
                0x0000000008006954                SDMMC1_IRQHandler
                0x0000000008006954                TIM5_IRQHandler
                0x0000000008006954                I2C3_EV_IRQHandler
                0x0000000008006954                EXTI9_5_IRQHandler
                0x0000000008006954                RTC_WKUP_IRQHandler
                0x0000000008006954                PVD_PVM_IRQHandler
                0x0000000008006954                SPI2_IRQHandler
                0x0000000008006954                CAN1_TX_IRQHandler
                0x0000000008006954                DMA2_Channel5_IRQHandler
                0x0000000008006954                DMA1_Channel5_IRQHandler
                0x0000000008006954                EXTI4_IRQHandler
                0x0000000008006954                RNG_IRQHandler
                0x0000000008006954                TIM1_TRG_COM_TIM17_IRQHandler
                0x0000000008006954                DMA1_Channel3_IRQHandler
                0x0000000008006954                COMP_IRQHandler
                0x0000000008006954                WWDG_IRQHandler
                0x0000000008006954                LPUART1_IRQHandler
                0x0000000008006954                DMA2_Channel6_IRQHandler
                0x0000000008006954                TIM2_IRQHandler
                0x0000000008006954                EXTI1_IRQHandler
                0x0000000008006954                USART2_IRQHandler
                0x0000000008006954                DFSDM1_FLT0_IRQHandler
                0x0000000008006954                I2C2_ER_IRQHandler
                0x0000000008006954                DMA1_Channel2_IRQHandler
                0x0000000008006954                TIM8_BRK_IRQHandler
                0x0000000008006954                CAN1_SCE_IRQHandler
                0x0000000008006954                FLASH_IRQHandler
                0x0000000008006954                USART1_IRQHandler
                0x0000000008006954                OTG_FS_IRQHandler
                0x0000000008006954                SPI3_IRQHandler
                0x0000000008006954                FMC_IRQHandler
                0x0000000008006954                SWPMI1_IRQHandler
                0x0000000008006954                LPTIM1_IRQHandler
                0x0000000008006954                SAI1_IRQHandler
                0x0000000008006954                DMA2_Channel3_IRQHandler
                0x0000000008006954                TIM1_BRK_TIM15_IRQHandler
 *(.glue_7)
 .glue_7        0x0000000008006956        0x0 linker stubs
 *(.glue_7t)
 .glue_7t       0x0000000008006956        0x0 linker stubs
 *(.eh_frame)
 *fill*         0x0000000008006956        0x2 
 .eh_frame      0x0000000008006958        0x0 /usr/lib/gcc/arm-none-eabi/10.3.1/thumb/v7e-m+fp/hard/crtbegin.o
 *(.init)
 .init          0x0000000008006958        0x4 /usr/lib/gcc/arm-none-eabi/10.3.1/thumb/v7e-m+fp/hard/crti.o
                0x0000000008006958                _init
 .init          0x000000000800695c        0x8 /usr/lib/gcc/arm-none-eabi/10.3.1/thumb/v7e-m+fp/hard/crtn.o
 *(.fini)
 .fini          0x0000000008006964        0x4 /usr/lib/gcc/arm-none-eabi/10.3.1/thumb/v7e-m+fp/hard/crti.o
                0x0000000008006964                _fini
 .fini          0x0000000008006968        0x8 /usr/lib/gcc/arm-none-eabi/10.3.1/thumb/v7e-m+fp/hard/crtn.o
                0x0000000008006970                . = ALIGN (0x8)
                0x0000000008006970                _etext = .

.vfp11_veneer   0x0000000008006970        0x0
 .vfp11_veneer  0x0000000008006970        0x0 linker stubs

.v4_bx          0x0000000008006970        0x0
 .v4_bx         0x0000000008006970        0x0 linker stubs

.iplt           0x0000000008006970        0x0
 .iplt          0x0000000008006970        0x0 /usr/lib/gcc/arm-none-eabi/10.3.1/thumb/v7e-m+fp/hard/crtbegin.o

.rodata         0x0000000008006970      0x330
                0x0000000008006970                . = ALIGN (0x8)
 *(.rodata)
 .rodata        0x0000000008006970      0x2a5 CMakeFiles/manipulator_6_dof.dir/Core/Src/main.c.obj
 *(.rodata*)
 *fill*         0x0000000008006c15        0x3 
 .rodata.AHBPrescTable
                0x0000000008006c18       0x10 CMakeFiles/manipulator_6_dof.dir/Core/Src/system_stm32l4xx.c.obj
                0x0000000008006c18                AHBPrescTable
 .rodata.APBPrescTable
                0x0000000008006c28        0x8 CMakeFiles/manipulator_6_dof.dir/Core/Src/system_stm32l4xx.c.obj
                0x0000000008006c28                APBPrescTable
 .rodata.MSIRangeTable
                0x0000000008006c30       0x30 CMakeFiles/manipulator_6_dof.dir/Core/Src/system_stm32l4xx.c.obj
                0x0000000008006c30                MSIRangeTable
 .rodata.str1.4
                0x0000000008006c60       0x13 /usr/lib/gcc/arm-none-eabi/10.3.1/../../../arm-none-eabi/lib/thumb/v7e-m+fp/hard/libg_nano.a(lib_a-nano-svfprintf.o)
 *fill*         0x0000000008006c73        0x1 
 .rodata.str1.4
                0x0000000008006c74       0x25 /usr/lib/gcc/arm-none-eabi/10.3.1/../../../arm-none-eabi/lib/thumb/v7e-m+fp/hard/libg_nano.a(lib_a-nano-vfprintf_i.o)
                0x0000000008006ca0                . = ALIGN (0x8)
 *fill*         0x0000000008006c99        0x7 

.ARM.extab      0x0000000008006ca0        0x0
                0x0000000008006ca0                . = ALIGN (0x8)
 *(.ARM.extab* .gnu.linkonce.armextab.*)
                0x0000000008006ca0                . = ALIGN (0x8)

.ARM            0x0000000008006ca0        0x8
                0x0000000008006ca0                . = ALIGN (0x8)
                0x0000000008006ca0                __exidx_start = .
 *(.ARM.exidx*)
 .ARM.exidx     0x0000000008006ca0        0x8 /usr/lib/gcc/arm-none-eabi/10.3.1/thumb/v7e-m+fp/hard/libgcc.a(_udivmoddi4.o)
                0x0000000008006ca8                __exidx_end = .
                0x0000000008006ca8                . = ALIGN (0x8)

.rel.dyn        0x0000000008006ca8        0x0
 .rel.iplt      0x0000000008006ca8        0x0 /usr/lib/gcc/arm-none-eabi/10.3.1/thumb/v7e-m+fp/hard/crtbegin.o

.preinit_array  0x0000000008006ca8        0x0
                0x0000000008006ca8                . = ALIGN (0x8)
                0x0000000008006ca8                PROVIDE (__preinit_array_start = .)
 *(.preinit_array*)
                0x0000000008006ca8                PROVIDE (__preinit_array_end = .)
                0x0000000008006ca8                . = ALIGN (0x8)

.init_array     0x0000000008006ca8        0x8
                0x0000000008006ca8                . = ALIGN (0x8)
                0x0000000008006ca8                PROVIDE (__init_array_start = .)
 *(SORT_BY_NAME(.init_array.*))
 *(.init_array*)
 .init_array    0x0000000008006ca8        0x4 /usr/lib/gcc/arm-none-eabi/10.3.1/thumb/v7e-m+fp/hard/crtbegin.o
                0x0000000008006cac                PROVIDE (__init_array_end = .)
                0x0000000008006cb0                . = ALIGN (0x8)
 *fill*         0x0000000008006cac        0x4 

.fini_array     0x0000000008006cb0        0x8
                0x0000000008006cb0                . = ALIGN (0x8)
                0x0000000008006cb0                PROVIDE (__fini_array_start = .)
 *(SORT_BY_NAME(.fini_array.*))
 *(.fini_array*)
 .fini_array    0x0000000008006cb0        0x4 /usr/lib/gcc/arm-none-eabi/10.3.1/thumb/v7e-m+fp/hard/crtbegin.o
                0x0000000008006cb4                PROVIDE (__fini_array_end = .)
                0x0000000008006cb8                . = ALIGN (0x8)
 *fill*         0x0000000008006cb4        0x4 
                0x0000000008006cb8                _sidata = LOADADDR (.data)

.data           0x0000000020000000       0x70 load address 0x0000000008006cb8
                0x0000000020000000                . = ALIGN (0x8)
                0x0000000020000000                _sdata = .
 *(.data)
 .data          0x0000000020000000       0x64 /usr/lib/gcc/arm-none-eabi/10.3.1/../../../arm-none-eabi/lib/thumb/v7e-m+fp/hard/libc_nano.a(lib_a-impure.o)
                0x0000000020000000                _impure_ptr
 *(.data*)
 .data.uwTickPrio
                0x0000000020000064        0x4 CMakeFiles/manipulator_6_dof.dir/Drivers/STM32L4xx_HAL_Driver/Src/stm32l4xx_hal.c.obj
                0x0000000020000064                uwTickPrio
 .data.uwTickFreq
                0x0000000020000068        0x1 CMakeFiles/manipulator_6_dof.dir/Drivers/STM32L4xx_HAL_Driver/Src/stm32l4xx_hal.c.obj
                0x0000000020000068                uwTickFreq
 *fill*         0x0000000020000069        0x3 
 .data.SystemCoreClock
                0x000000002000006c        0x4 CMakeFiles/manipulator_6_dof.dir/Core/Src/system_stm32l4xx.c.obj
                0x000000002000006c                SystemCoreClock
                0x0000000020000070                . = ALIGN (0x8)
                0x0000000020000070                _edata = .

.tm_clone_table
                0x0000000020000070        0x0 load address 0x0000000008006d28
 .tm_clone_table
                0x0000000020000070        0x0 /usr/lib/gcc/arm-none-eabi/10.3.1/thumb/v7e-m+fp/hard/crtbegin.o
 .tm_clone_table
                0x0000000020000070        0x0 /usr/lib/gcc/arm-none-eabi/10.3.1/thumb/v7e-m+fp/hard/crtend.o

.igot.plt       0x0000000020000070        0x0 load address 0x0000000008006d28
 .igot.plt      0x0000000020000070        0x0 /usr/lib/gcc/arm-none-eabi/10.3.1/thumb/v7e-m+fp/hard/crtbegin.o
                0x0000000020000070                . = ALIGN (0x4)

.bss            0x0000000020000070      0x154 load address 0x0000000008006d28
                0x0000000020000070                _sbss = .
                0x0000000020000070                __bss_start__ = _sbss
 *(.bss)
 .bss           0x0000000020000070       0x1c /usr/lib/gcc/arm-none-eabi/10.3.1/thumb/v7e-m+fp/hard/crtbegin.o
 .bss           0x000000002000008c        0x8 /usr/lib/gcc/arm-none-eabi/10.3.1/../../../arm-none-eabi/lib/thumb/v7e-m+fp/hard/libg_nano.a(lib_a-nano-mallocr.o)
                0x000000002000008c                __malloc_free_list
                0x0000000020000090                __malloc_sbrk_start
 .bss           0x0000000020000094        0x4 /usr/lib/gcc/arm-none-eabi/10.3.1/../../../arm-none-eabi/lib/thumb/v7e-m+fp/hard/libg_nano.a(lib_a-reent.o)
                0x0000000020000094                errno
 *(.bss*)
 .bss.hi2c1     0x0000000020000098       0x54 CMakeFiles/manipulator_6_dof.dir/Core/Src/i2c.c.obj
                0x0000000020000098                hi2c1
 .bss.hdma_i2c1_tx
                0x00000000200000ec       0x48 CMakeFiles/manipulator_6_dof.dir/Core/Src/i2c.c.obj
                0x00000000200000ec                hdma_i2c1_tx
 .bss.huart2    0x0000000020000134       0x88 CMakeFiles/manipulator_6_dof.dir/Core/Src/usart.c.obj
                0x0000000020000134                huart2
 .bss.uwTick    0x00000000200001bc        0x4 CMakeFiles/manipulator_6_dof.dir/Drivers/STM32L4xx_HAL_Driver/Src/stm32l4xx_hal.c.obj
                0x00000000200001bc                uwTick
 .bss.__sbrk_heap_end
                0x00000000200001c0        0x4 CMakeFiles/manipulator_6_dof.dir/Core/Src/sysmem.c.obj
 *(COMMON)
                0x00000000200001c4                . = ALIGN (0x4)
                0x00000000200001c4                _ebss = .
                0x00000000200001c4                __bss_end__ = _ebss

._user_heap_stack
                0x00000000200001c4      0x604 load address 0x0000000008006d28
                0x00000000200001c8                . = ALIGN (0x8)
 *fill*         0x00000000200001c4        0x4 
                [!provide]                        PROVIDE (end = .)
                0x00000000200001c8                PROVIDE (_end = .)
                0x00000000200003c8                . = (. + _Min_Heap_Size)
 *fill*         0x00000000200001c8      0x200 
                0x00000000200007c8                . = (. + _Min_Stack_Size)
 *fill*         0x00000000200003c8      0x400 
                0x00000000200007c8                . = ALIGN (0x8)

/DISCARD/
 libc.a(*)
 libm.a(*)
 libgcc.a(*)

.ARM.attributes
                0x0000000000000000       0x30
 *(.ARM.attributes)
 .ARM.attributes
                0x0000000000000000       0x1e /usr/lib/gcc/arm-none-eabi/10.3.1/thumb/v7e-m+fp/hard/crti.o
 .ARM.attributes
                0x000000000000001e       0x34 /usr/lib/gcc/arm-none-eabi/10.3.1/thumb/v7e-m+fp/hard/crtbegin.o
 .ARM.attributes
                0x0000000000000052       0x32 /usr/lib/gcc/arm-none-eabi/10.3.1/../../../arm-none-eabi/lib/thumb/v7e-m+fp/hard/libc_nano.a(lib_a-impure.o)
 .ARM.attributes
                0x0000000000000084       0x34 /usr/lib/gcc/arm-none-eabi/10.3.1/../../../arm-none-eabi/lib/thumb/v7e-m+fp/hard/libc_nano.a(lib_a-init.o)
 .ARM.attributes
                0x00000000000000b8       0x34 /usr/lib/gcc/arm-none-eabi/10.3.1/../../../arm-none-eabi/lib/thumb/v7e-m+fp/hard/libc_nano.a(lib_a-memset.o)
 .ARM.attributes
                0x00000000000000ec       0x34 CMakeFiles/manipulator_6_dof.dir/Core/Src/main.c.obj
 .ARM.attributes
                0x0000000000000120       0x34 CMakeFiles/manipulator_6_dof.dir/Core/Src/ads1115.c.obj
 .ARM.attributes
                0x0000000000000154       0x34 CMakeFiles/manipulator_6_dof.dir/Core/Src/gpio.c.obj
 .ARM.attributes
                0x0000000000000188       0x34 CMakeFiles/manipulator_6_dof.dir/Core/Src/dma.c.obj
 .ARM.attributes
                0x00000000000001bc       0x34 CMakeFiles/manipulator_6_dof.dir/Core/Src/i2c.c.obj
 .ARM.attributes
                0x00000000000001f0       0x34 CMakeFiles/manipulator_6_dof.dir/Core/Src/usart.c.obj
 .ARM.attributes
                0x0000000000000224       0x34 CMakeFiles/manipulator_6_dof.dir/Core/Src/stm32l4xx_it.c.obj
 .ARM.attributes
                0x0000000000000258       0x34 CMakeFiles/manipulator_6_dof.dir/Core/Src/stm32l4xx_hal_msp.c.obj
 .ARM.attributes
                0x000000000000028c       0x34 CMakeFiles/manipulator_6_dof.dir/Drivers/STM32L4xx_HAL_Driver/Src/stm32l4xx_hal_i2c.c.obj
 .ARM.attributes
                0x00000000000002c0       0x34 CMakeFiles/manipulator_6_dof.dir/Drivers/STM32L4xx_HAL_Driver/Src/stm32l4xx_hal_i2c_ex.c.obj
 .ARM.attributes
                0x00000000000002f4       0x34 CMakeFiles/manipulator_6_dof.dir/Drivers/STM32L4xx_HAL_Driver/Src/stm32l4xx_hal.c.obj
 .ARM.attributes
                0x0000000000000328       0x34 CMakeFiles/manipulator_6_dof.dir/Drivers/STM32L4xx_HAL_Driver/Src/stm32l4xx_hal_rcc.c.obj
 .ARM.attributes
                0x000000000000035c       0x34 CMakeFiles/manipulator_6_dof.dir/Drivers/STM32L4xx_HAL_Driver/Src/stm32l4xx_hal_rcc_ex.c.obj
 .ARM.attributes
                0x0000000000000390       0x34 CMakeFiles/manipulator_6_dof.dir/Drivers/STM32L4xx_HAL_Driver/Src/stm32l4xx_hal_gpio.c.obj
 .ARM.attributes
                0x00000000000003c4       0x34 CMakeFiles/manipulator_6_dof.dir/Drivers/STM32L4xx_HAL_Driver/Src/stm32l4xx_hal_dma.c.obj
 .ARM.attributes
                0x00000000000003f8       0x34 CMakeFiles/manipulator_6_dof.dir/Drivers/STM32L4xx_HAL_Driver/Src/stm32l4xx_hal_pwr_ex.c.obj
 .ARM.attributes
                0x000000000000042c       0x34 CMakeFiles/manipulator_6_dof.dir/Drivers/STM32L4xx_HAL_Driver/Src/stm32l4xx_hal_cortex.c.obj
 .ARM.attributes
                0x0000000000000460       0x34 CMakeFiles/manipulator_6_dof.dir/Drivers/STM32L4xx_HAL_Driver/Src/stm32l4xx_hal_uart.c.obj
 .ARM.attributes
                0x0000000000000494       0x34 CMakeFiles/manipulator_6_dof.dir/Core/Src/system_stm32l4xx.c.obj
 .ARM.attributes
                0x00000000000004c8       0x34 CMakeFiles/manipulator_6_dof.dir/Core/Src/sysmem.c.obj
 .ARM.attributes
                0x00000000000004fc       0x21 CMakeFiles/manipulator_6_dof.dir/startup_stm32l476xx.s.obj
 .ARM.attributes
                0x000000000000051d       0x1e /usr/lib/gcc/arm-none-eabi/10.3.1/thumb/v7e-m+fp/hard/libgcc.a(_arm_addsubdf3.o)
 .ARM.attributes
                0x000000000000053b       0x1e /usr/lib/gcc/arm-none-eabi/10.3.1/thumb/v7e-m+fp/hard/libgcc.a(_aeabi_uldivmod.o)
 .ARM.attributes
                0x0000000000000559       0x34 /usr/lib/gcc/arm-none-eabi/10.3.1/thumb/v7e-m+fp/hard/libgcc.a(_udivmoddi4.o)
 .ARM.attributes
                0x000000000000058d       0x1e /usr/lib/gcc/arm-none-eabi/10.3.1/thumb/v7e-m+fp/hard/libgcc.a(_dvmd_tls.o)
 .ARM.attributes
                0x00000000000005ab       0x34 /usr/lib/gcc/arm-none-eabi/10.3.1/../../../arm-none-eabi/lib/thumb/v7e-m+fp/hard/libg_nano.a(lib_a-errno.o)
 .ARM.attributes
                0x00000000000005df       0x34 /usr/lib/gcc/arm-none-eabi/10.3.1/../../../arm-none-eabi/lib/thumb/v7e-m+fp/hard/libg_nano.a(lib_a-sprintf.o)
 .ARM.attributes
                0x0000000000000613       0x1c /usr/lib/gcc/arm-none-eabi/10.3.1/../../../arm-none-eabi/lib/thumb/v7e-m+fp/hard/libg_nano.a(lib_a-strlen.o)
 .ARM.attributes
                0x000000000000062f       0x34 /usr/lib/gcc/arm-none-eabi/10.3.1/../../../arm-none-eabi/lib/thumb/v7e-m+fp/hard/libg_nano.a(lib_a-nano-svfprintf.o)
 .ARM.attributes
                0x0000000000000663       0x34 /usr/lib/gcc/arm-none-eabi/10.3.1/../../../arm-none-eabi/lib/thumb/v7e-m+fp/hard/libg_nano.a(lib_a-nano-vfprintf_i.o)
 .ARM.attributes
                0x0000000000000697       0x1c /usr/lib/gcc/arm-none-eabi/10.3.1/../../../arm-none-eabi/lib/thumb/v7e-m+fp/hard/libg_nano.a(lib_a-memchr.o)
 .ARM.attributes
                0x00000000000006b3       0x1c /usr/lib/gcc/arm-none-eabi/10.3.1/../../../arm-none-eabi/lib/thumb/v7e-m+fp/hard/libg_nano.a(lib_a-memcpy.o)
 .ARM.attributes
                0x00000000000006cf       0x34 /usr/lib/gcc/arm-none-eabi/10.3.1/../../../arm-none-eabi/lib/thumb/v7e-m+fp/hard/libg_nano.a(lib_a-memmove.o)
 .ARM.attributes
                0x0000000000000703       0x34 /usr/lib/gcc/arm-none-eabi/10.3.1/../../../arm-none-eabi/lib/thumb/v7e-m+fp/hard/libg_nano.a(lib_a-nano-freer.o)
 .ARM.attributes
                0x0000000000000737       0x34 /usr/lib/gcc/arm-none-eabi/10.3.1/../../../arm-none-eabi/lib/thumb/v7e-m+fp/hard/libg_nano.a(lib_a-nano-mallocr.o)
 .ARM.attributes
                0x000000000000076b       0x34 /usr/lib/gcc/arm-none-eabi/10.3.1/../../../arm-none-eabi/lib/thumb/v7e-m+fp/hard/libg_nano.a(lib_a-nano-reallocr.o)
 .ARM.attributes
                0x000000000000079f       0x34 /usr/lib/gcc/arm-none-eabi/10.3.1/../../../arm-none-eabi/lib/thumb/v7e-m+fp/hard/libg_nano.a(lib_a-sbrkr.o)
 .ARM.attributes
                0x00000000000007d3       0x34 /usr/lib/gcc/arm-none-eabi/10.3.1/../../../arm-none-eabi/lib/thumb/v7e-m+fp/hard/libg_nano.a(lib_a-mlock.o)
 .ARM.attributes
                0x0000000000000807       0x34 /usr/lib/gcc/arm-none-eabi/10.3.1/../../../arm-none-eabi/lib/thumb/v7e-m+fp/hard/libg_nano.a(lib_a-nano-msizer.o)
 .ARM.attributes
                0x000000000000083b       0x34 /usr/lib/gcc/arm-none-eabi/10.3.1/../../../arm-none-eabi/lib/thumb/v7e-m+fp/hard/libg_nano.a(lib_a-reent.o)
 .ARM.attributes
                0x000000000000086f       0x32 /usr/lib/gcc/arm-none-eabi/10.3.1/thumb/v7e-m+fp/hard/crtend.o
 .ARM.attributes
                0x00000000000008a1       0x1e /usr/lib/gcc/arm-none-eabi/10.3.1/thumb/v7e-m+fp/hard/crtn.o
OUTPUT(manipulator_6_dof.elf elf32-littlearm)
LOAD linker stubs
LOAD /usr/lib/gcc/arm-none-eabi/10.3.1/../../../arm-none-eabi/lib/thumb/v7e-m+fp/hard/libc.a
LOAD /usr/lib/gcc/arm-none-eabi/10.3.1/../../../arm-none-eabi/lib/thumb/v7e-m+fp/hard/libm.a
LOAD /usr/lib/gcc/arm-none-eabi/10.3.1/thumb/v7e-m+fp/hard/libgcc.a

.comment        0x0000000000000000       0x33
 .comment       0x0000000000000000       0x33 /usr/lib/gcc/arm-none-eabi/10.3.1/thumb/v7e-m+fp/hard/crtbegin.o
                                         0x34 (size before relaxing)
 .comment       0x0000000000000033       0x34 /usr/lib/gcc/arm-none-eabi/10.3.1/../../../arm-none-eabi/lib/thumb/v7e-m+fp/hard/libc_nano.a(lib_a-impure.o)
 .comment       0x0000000000000033       0x34 /usr/lib/gcc/arm-none-eabi/10.3.1/../../../arm-none-eabi/lib/thumb/v7e-m+fp/hard/libc_nano.a(lib_a-init.o)
 .comment       0x0000000000000033       0x34 /usr/lib/gcc/arm-none-eabi/10.3.1/../../../arm-none-eabi/lib/thumb/v7e-m+fp/hard/libc_nano.a(lib_a-memset.o)
 .comment       0x0000000000000033       0x34 CMakeFiles/manipulator_6_dof.dir/Core/Src/main.c.obj
 .comment       0x0000000000000033       0x34 CMakeFiles/manipulator_6_dof.dir/Core/Src/ads1115.c.obj
 .comment       0x0000000000000033       0x34 CMakeFiles/manipulator_6_dof.dir/Core/Src/gpio.c.obj
 .comment       0x0000000000000033       0x34 CMakeFiles/manipulator_6_dof.dir/Core/Src/dma.c.obj
 .comment       0x0000000000000033       0x34 CMakeFiles/manipulator_6_dof.dir/Core/Src/i2c.c.obj
 .comment       0x0000000000000033       0x34 CMakeFiles/manipulator_6_dof.dir/Core/Src/usart.c.obj
 .comment       0x0000000000000033       0x34 CMakeFiles/manipulator_6_dof.dir/Core/Src/stm32l4xx_it.c.obj
 .comment       0x0000000000000033       0x34 CMakeFiles/manipulator_6_dof.dir/Core/Src/stm32l4xx_hal_msp.c.obj
 .comment       0x0000000000000033       0x34 CMakeFiles/manipulator_6_dof.dir/Drivers/STM32L4xx_HAL_Driver/Src/stm32l4xx_hal_i2c.c.obj
 .comment       0x0000000000000033       0x34 CMakeFiles/manipulator_6_dof.dir/Drivers/STM32L4xx_HAL_Driver/Src/stm32l4xx_hal_i2c_ex.c.obj
 .comment       0x0000000000000033       0x34 CMakeFiles/manipulator_6_dof.dir/Drivers/STM32L4xx_HAL_Driver/Src/stm32l4xx_hal.c.obj
 .comment       0x0000000000000033       0x34 CMakeFiles/manipulator_6_dof.dir/Drivers/STM32L4xx_HAL_Driver/Src/stm32l4xx_hal_rcc.c.obj
 .comment       0x0000000000000033       0x34 CMakeFiles/manipulator_6_dof.dir/Drivers/STM32L4xx_HAL_Driver/Src/stm32l4xx_hal_rcc_ex.c.obj
 .comment       0x0000000000000033       0x34 CMakeFiles/manipulator_6_dof.dir/Drivers/STM32L4xx_HAL_Driver/Src/stm32l4xx_hal_gpio.c.obj
 .comment       0x0000000000000033       0x34 CMakeFiles/manipulator_6_dof.dir/Drivers/STM32L4xx_HAL_Driver/Src/stm32l4xx_hal_dma.c.obj
 .comment       0x0000000000000033       0x34 CMakeFiles/manipulator_6_dof.dir/Drivers/STM32L4xx_HAL_Driver/Src/stm32l4xx_hal_pwr_ex.c.obj
 .comment       0x0000000000000033       0x34 CMakeFiles/manipulator_6_dof.dir/Drivers/STM32L4xx_HAL_Driver/Src/stm32l4xx_hal_cortex.c.obj
 .comment       0x0000000000000033       0x34 CMakeFiles/manipulator_6_dof.dir/Drivers/STM32L4xx_HAL_Driver/Src/stm32l4xx_hal_uart.c.obj
 .comment       0x0000000000000033       0x34 CMakeFiles/manipulator_6_dof.dir/Core/Src/system_stm32l4xx.c.obj
 .comment       0x0000000000000033       0x34 CMakeFiles/manipulator_6_dof.dir/Core/Src/sysmem.c.obj
 .comment       0x0000000000000033       0x34 /usr/lib/gcc/arm-none-eabi/10.3.1/thumb/v7e-m+fp/hard/libgcc.a(_udivmoddi4.o)
 .comment       0x0000000000000033       0x34 /usr/lib/gcc/arm-none-eabi/10.3.1/../../../arm-none-eabi/lib/thumb/v7e-m+fp/hard/libg_nano.a(lib_a-errno.o)
 .comment       0x0000000000000033       0x34 /usr/lib/gcc/arm-none-eabi/10.3.1/../../../arm-none-eabi/lib/thumb/v7e-m+fp/hard/libg_nano.a(lib_a-sprintf.o)
 .comment       0x0000000000000033       0x34 /usr/lib/gcc/arm-none-eabi/10.3.1/../../../arm-none-eabi/lib/thumb/v7e-m+fp/hard/libg_nano.a(lib_a-nano-svfprintf.o)
 .comment       0x0000000000000033       0x34 /usr/lib/gcc/arm-none-eabi/10.3.1/../../../arm-none-eabi/lib/thumb/v7e-m+fp/hard/libg_nano.a(lib_a-nano-vfprintf_i.o)
 .comment       0x0000000000000033       0x34 /usr/lib/gcc/arm-none-eabi/10.3.1/../../../arm-none-eabi/lib/thumb/v7e-m+fp/hard/libg_nano.a(lib_a-memmove.o)
 .comment       0x0000000000000033       0x34 /usr/lib/gcc/arm-none-eabi/10.3.1/../../../arm-none-eabi/lib/thumb/v7e-m+fp/hard/libg_nano.a(lib_a-nano-freer.o)
 .comment       0x0000000000000033       0x34 /usr/lib/gcc/arm-none-eabi/10.3.1/../../../arm-none-eabi/lib/thumb/v7e-m+fp/hard/libg_nano.a(lib_a-nano-mallocr.o)
 .comment       0x0000000000000033       0x34 /usr/lib/gcc/arm-none-eabi/10.3.1/../../../arm-none-eabi/lib/thumb/v7e-m+fp/hard/libg_nano.a(lib_a-nano-reallocr.o)
 .comment       0x0000000000000033       0x34 /usr/lib/gcc/arm-none-eabi/10.3.1/../../../arm-none-eabi/lib/thumb/v7e-m+fp/hard/libg_nano.a(lib_a-sbrkr.o)
 .comment       0x0000000000000033       0x34 /usr/lib/gcc/arm-none-eabi/10.3.1/../../../arm-none-eabi/lib/thumb/v7e-m+fp/hard/libg_nano.a(lib_a-mlock.o)
 .comment       0x0000000000000033       0x34 /usr/lib/gcc/arm-none-eabi/10.3.1/../../../arm-none-eabi/lib/thumb/v7e-m+fp/hard/libg_nano.a(lib_a-nano-msizer.o)
 .comment       0x0000000000000033       0x34 /usr/lib/gcc/arm-none-eabi/10.3.1/../../../arm-none-eabi/lib/thumb/v7e-m+fp/hard/libg_nano.a(lib_a-reent.o)
 .comment       0x0000000000000033       0x34 /usr/lib/gcc/arm-none-eabi/10.3.1/thumb/v7e-m+fp/hard/crtend.o

.debug_info     0x0000000000000000    0x185f6
 .debug_info    0x0000000000000000      0x863 /usr/lib/gcc/arm-none-eabi/10.3.1/../../../arm-none-eabi/lib/thumb/v7e-m+fp/hard/libc_nano.a(lib_a-impure.o)
 .debug_info    0x0000000000000863      0x11a /usr/lib/gcc/arm-none-eabi/10.3.1/../../../arm-none-eabi/lib/thumb/v7e-m+fp/hard/libc_nano.a(lib_a-init.o)
 .debug_info    0x000000000000097d      0x137 /usr/lib/gcc/arm-none-eabi/10.3.1/../../../arm-none-eabi/lib/thumb/v7e-m+fp/hard/libc_nano.a(lib_a-memset.o)
 .debug_info    0x0000000000000ab4      0xd70 CMakeFiles/manipulator_6_dof.dir/Core/Src/main.c.obj
 .debug_info    0x0000000000001824      0x857 CMakeFiles/manipulator_6_dof.dir/Core/Src/ads1115.c.obj
 .debug_info    0x000000000000207b      0x48a CMakeFiles/manipulator_6_dof.dir/Core/Src/gpio.c.obj
 .debug_info    0x0000000000002505      0x50a CMakeFiles/manipulator_6_dof.dir/Core/Src/dma.c.obj
 .debug_info    0x0000000000002a0f      0xe74 CMakeFiles/manipulator_6_dof.dir/Core/Src/i2c.c.obj
 .debug_info    0x0000000000003883      0xcce CMakeFiles/manipulator_6_dof.dir/Core/Src/usart.c.obj
 .debug_info    0x0000000000004551      0x6f0 CMakeFiles/manipulator_6_dof.dir/Core/Src/stm32l4xx_it.c.obj
 .debug_info    0x0000000000004c41      0x2fc CMakeFiles/manipulator_6_dof.dir/Core/Src/stm32l4xx_hal_msp.c.obj
 .debug_info    0x0000000000004f3d     0x227c CMakeFiles/manipulator_6_dof.dir/Drivers/STM32L4xx_HAL_Driver/Src/stm32l4xx_hal_i2c.c.obj
 .debug_info    0x00000000000071b9      0xa15 CMakeFiles/manipulator_6_dof.dir/Drivers/STM32L4xx_HAL_Driver/Src/stm32l4xx_hal_i2c_ex.c.obj
 .debug_info    0x0000000000007bce      0xbf8 CMakeFiles/manipulator_6_dof.dir/Drivers/STM32L4xx_HAL_Driver/Src/stm32l4xx_hal.c.obj
 .debug_info    0x00000000000087c6      0xc74 CMakeFiles/manipulator_6_dof.dir/Drivers/STM32L4xx_HAL_Driver/Src/stm32l4xx_hal_rcc.c.obj
 .debug_info    0x000000000000943a      0xe10 CMakeFiles/manipulator_6_dof.dir/Drivers/STM32L4xx_HAL_Driver/Src/stm32l4xx_hal_rcc_ex.c.obj
 .debug_info    0x000000000000a24a      0x809 CMakeFiles/manipulator_6_dof.dir/Drivers/STM32L4xx_HAL_Driver/Src/stm32l4xx_hal_gpio.c.obj
 .debug_info    0x000000000000aa53      0x751 CMakeFiles/manipulator_6_dof.dir/Drivers/STM32L4xx_HAL_Driver/Src/stm32l4xx_hal_dma.c.obj
 .debug_info    0x000000000000b1a4      0x9cf CMakeFiles/manipulator_6_dof.dir/Drivers/STM32L4xx_HAL_Driver/Src/stm32l4xx_hal_pwr_ex.c.obj
 .debug_info    0x000000000000bb73      0xe32 CMakeFiles/manipulator_6_dof.dir/Drivers/STM32L4xx_HAL_Driver/Src/stm32l4xx_hal_cortex.c.obj
 .debug_info    0x000000000000c9a5     0x3cc4 CMakeFiles/manipulator_6_dof.dir/Drivers/STM32L4xx_HAL_Driver/Src/stm32l4xx_hal_uart.c.obj
 .debug_info    0x0000000000010669      0x5ae CMakeFiles/manipulator_6_dof.dir/Core/Src/system_stm32l4xx.c.obj
 .debug_info    0x0000000000010c17      0x147 CMakeFiles/manipulator_6_dof.dir/Core/Src/sysmem.c.obj
 .debug_info    0x0000000000010d5e       0x22 CMakeFiles/manipulator_6_dof.dir/startup_stm32l476xx.s.obj
 .debug_info    0x0000000000010d80       0x26 /usr/lib/gcc/arm-none-eabi/10.3.1/thumb/v7e-m+fp/hard/libgcc.a(_arm_addsubdf3.o)
 .debug_info    0x0000000000010da6       0x26 /usr/lib/gcc/arm-none-eabi/10.3.1/thumb/v7e-m+fp/hard/libgcc.a(_aeabi_uldivmod.o)
 .debug_info    0x0000000000010dcc      0x717 /usr/lib/gcc/arm-none-eabi/10.3.1/thumb/v7e-m+fp/hard/libgcc.a(_udivmoddi4.o)
 .debug_info    0x00000000000114e3       0x26 /usr/lib/gcc/arm-none-eabi/10.3.1/thumb/v7e-m+fp/hard/libgcc.a(_dvmd_tls.o)
 .debug_info    0x0000000000011509      0x7ae /usr/lib/gcc/arm-none-eabi/10.3.1/../../../arm-none-eabi/lib/thumb/v7e-m+fp/hard/libg_nano.a(lib_a-errno.o)
 .debug_info    0x0000000000011cb7      0x926 /usr/lib/gcc/arm-none-eabi/10.3.1/../../../arm-none-eabi/lib/thumb/v7e-m+fp/hard/libg_nano.a(lib_a-sprintf.o)
 .debug_info    0x00000000000125dd       0x26 /usr/lib/gcc/arm-none-eabi/10.3.1/../../../arm-none-eabi/lib/thumb/v7e-m+fp/hard/libg_nano.a(lib_a-strlen.o)
 .debug_info    0x0000000000012603     0x10d5 /usr/lib/gcc/arm-none-eabi/10.3.1/../../../arm-none-eabi/lib/thumb/v7e-m+fp/hard/libg_nano.a(lib_a-nano-svfprintf.o)
 .debug_info    0x00000000000136d8      0xe9e /usr/lib/gcc/arm-none-eabi/10.3.1/../../../arm-none-eabi/lib/thumb/v7e-m+fp/hard/libg_nano.a(lib_a-nano-vfprintf_i.o)
 .debug_info    0x0000000000014576       0x26 /usr/lib/gcc/arm-none-eabi/10.3.1/../../../arm-none-eabi/lib/thumb/v7e-m+fp/hard/libg_nano.a(lib_a-memchr.o)
 .debug_info    0x000000000001459c       0x26 /usr/lib/gcc/arm-none-eabi/10.3.1/../../../arm-none-eabi/lib/thumb/v7e-m+fp/hard/libg_nano.a(lib_a-memcpy.o)
 .debug_info    0x00000000000145c2      0x152 /usr/lib/gcc/arm-none-eabi/10.3.1/../../../arm-none-eabi/lib/thumb/v7e-m+fp/hard/libg_nano.a(lib_a-memmove.o)
 .debug_info    0x0000000000014714      0x903 /usr/lib/gcc/arm-none-eabi/10.3.1/../../../arm-none-eabi/lib/thumb/v7e-m+fp/hard/libg_nano.a(lib_a-nano-freer.o)
 .debug_info    0x0000000000015017      0xa0c /usr/lib/gcc/arm-none-eabi/10.3.1/../../../arm-none-eabi/lib/thumb/v7e-m+fp/hard/libg_nano.a(lib_a-nano-mallocr.o)
 .debug_info    0x0000000000015a23      0x911 /usr/lib/gcc/arm-none-eabi/10.3.1/../../../arm-none-eabi/lib/thumb/v7e-m+fp/hard/libg_nano.a(lib_a-nano-reallocr.o)
 .debug_info    0x0000000000016334      0x828 /usr/lib/gcc/arm-none-eabi/10.3.1/../../../arm-none-eabi/lib/thumb/v7e-m+fp/hard/libg_nano.a(lib_a-sbrkr.o)
 .debug_info    0x0000000000016b5c      0x7dc /usr/lib/gcc/arm-none-eabi/10.3.1/../../../arm-none-eabi/lib/thumb/v7e-m+fp/hard/libg_nano.a(lib_a-mlock.o)
 .debug_info    0x0000000000017338      0x840 /usr/lib/gcc/arm-none-eabi/10.3.1/../../../arm-none-eabi/lib/thumb/v7e-m+fp/hard/libg_nano.a(lib_a-nano-msizer.o)
 .debug_info    0x0000000000017b78      0xa7e /usr/lib/gcc/arm-none-eabi/10.3.1/../../../arm-none-eabi/lib/thumb/v7e-m+fp/hard/libg_nano.a(lib_a-reent.o)

.debug_abbrev   0x0000000000000000     0x3e7c
 .debug_abbrev  0x0000000000000000      0x151 /usr/lib/gcc/arm-none-eabi/10.3.1/../../../arm-none-eabi/lib/thumb/v7e-m+fp/hard/libc_nano.a(lib_a-impure.o)
 .debug_abbrev  0x0000000000000151       0xcc /usr/lib/gcc/arm-none-eabi/10.3.1/../../../arm-none-eabi/lib/thumb/v7e-m+fp/hard/libc_nano.a(lib_a-init.o)
 .debug_abbrev  0x000000000000021d       0xb4 /usr/lib/gcc/arm-none-eabi/10.3.1/../../../arm-none-eabi/lib/thumb/v7e-m+fp/hard/libc_nano.a(lib_a-memset.o)
 .debug_abbrev  0x00000000000002d1      0x1f7 CMakeFiles/manipulator_6_dof.dir/Core/Src/main.c.obj
 .debug_abbrev  0x00000000000004c8      0x1d6 CMakeFiles/manipulator_6_dof.dir/Core/Src/ads1115.c.obj
 .debug_abbrev  0x000000000000069e      0x121 CMakeFiles/manipulator_6_dof.dir/Core/Src/gpio.c.obj
 .debug_abbrev  0x00000000000007bf       0xdc CMakeFiles/manipulator_6_dof.dir/Core/Src/dma.c.obj
 .debug_abbrev  0x000000000000089b      0x1c8 CMakeFiles/manipulator_6_dof.dir/Core/Src/i2c.c.obj
 .debug_abbrev  0x0000000000000a63      0x1a8 CMakeFiles/manipulator_6_dof.dir/Core/Src/usart.c.obj
 .debug_abbrev  0x0000000000000c0b      0x142 CMakeFiles/manipulator_6_dof.dir/Core/Src/stm32l4xx_it.c.obj
 .debug_abbrev  0x0000000000000d4d       0xc2 CMakeFiles/manipulator_6_dof.dir/Core/Src/stm32l4xx_hal_msp.c.obj
 .debug_abbrev  0x0000000000000e0f      0x21e CMakeFiles/manipulator_6_dof.dir/Drivers/STM32L4xx_HAL_Driver/Src/stm32l4xx_hal_i2c.c.obj
 .debug_abbrev  0x000000000000102d      0x1b0 CMakeFiles/manipulator_6_dof.dir/Drivers/STM32L4xx_HAL_Driver/Src/stm32l4xx_hal_i2c_ex.c.obj
 .debug_abbrev  0x00000000000011dd      0x207 CMakeFiles/manipulator_6_dof.dir/Drivers/STM32L4xx_HAL_Driver/Src/stm32l4xx_hal.c.obj
 .debug_abbrev  0x00000000000013e4      0x275 CMakeFiles/manipulator_6_dof.dir/Drivers/STM32L4xx_HAL_Driver/Src/stm32l4xx_hal_rcc.c.obj
 .debug_abbrev  0x0000000000001659      0x255 CMakeFiles/manipulator_6_dof.dir/Drivers/STM32L4xx_HAL_Driver/Src/stm32l4xx_hal_rcc_ex.c.obj
 .debug_abbrev  0x00000000000018ae      0x1bb CMakeFiles/manipulator_6_dof.dir/Drivers/STM32L4xx_HAL_Driver/Src/stm32l4xx_hal_gpio.c.obj
 .debug_abbrev  0x0000000000001a69      0x1c2 CMakeFiles/manipulator_6_dof.dir/Drivers/STM32L4xx_HAL_Driver/Src/stm32l4xx_hal_dma.c.obj
 .debug_abbrev  0x0000000000001c2b      0x1e0 CMakeFiles/manipulator_6_dof.dir/Drivers/STM32L4xx_HAL_Driver/Src/stm32l4xx_hal_pwr_ex.c.obj
 .debug_abbrev  0x0000000000001e0b      0x30d CMakeFiles/manipulator_6_dof.dir/Drivers/STM32L4xx_HAL_Driver/Src/stm32l4xx_hal_cortex.c.obj
 .debug_abbrev  0x0000000000002118      0x27b CMakeFiles/manipulator_6_dof.dir/Drivers/STM32L4xx_HAL_Driver/Src/stm32l4xx_hal_uart.c.obj
 .debug_abbrev  0x0000000000002393      0x116 CMakeFiles/manipulator_6_dof.dir/Core/Src/system_stm32l4xx.c.obj
 .debug_abbrev  0x00000000000024a9       0xa6 CMakeFiles/manipulator_6_dof.dir/Core/Src/sysmem.c.obj
 .debug_abbrev  0x000000000000254f       0x12 CMakeFiles/manipulator_6_dof.dir/startup_stm32l476xx.s.obj
 .debug_abbrev  0x0000000000002561       0x14 /usr/lib/gcc/arm-none-eabi/10.3.1/thumb/v7e-m+fp/hard/libgcc.a(_arm_addsubdf3.o)
 .debug_abbrev  0x0000000000002575       0x14 /usr/lib/gcc/arm-none-eabi/10.3.1/thumb/v7e-m+fp/hard/libgcc.a(_aeabi_uldivmod.o)
 .debug_abbrev  0x0000000000002589      0x163 /usr/lib/gcc/arm-none-eabi/10.3.1/thumb/v7e-m+fp/hard/libgcc.a(_udivmoddi4.o)
 .debug_abbrev  0x00000000000026ec       0x14 /usr/lib/gcc/arm-none-eabi/10.3.1/thumb/v7e-m+fp/hard/libgcc.a(_dvmd_tls.o)
 .debug_abbrev  0x0000000000002700      0x157 /usr/lib/gcc/arm-none-eabi/10.3.1/../../../arm-none-eabi/lib/thumb/v7e-m+fp/hard/libg_nano.a(lib_a-errno.o)
 .debug_abbrev  0x0000000000002857      0x213 /usr/lib/gcc/arm-none-eabi/10.3.1/../../../arm-none-eabi/lib/thumb/v7e-m+fp/hard/libg_nano.a(lib_a-sprintf.o)
 .debug_abbrev  0x0000000000002a6a       0x14 /usr/lib/gcc/arm-none-eabi/10.3.1/../../../arm-none-eabi/lib/thumb/v7e-m+fp/hard/libg_nano.a(lib_a-strlen.o)
 .debug_abbrev  0x0000000000002a7e      0x2ca /usr/lib/gcc/arm-none-eabi/10.3.1/../../../arm-none-eabi/lib/thumb/v7e-m+fp/hard/libg_nano.a(lib_a-nano-svfprintf.o)
 .debug_abbrev  0x0000000000002d48      0x25c /usr/lib/gcc/arm-none-eabi/10.3.1/../../../arm-none-eabi/lib/thumb/v7e-m+fp/hard/libg_nano.a(lib_a-nano-vfprintf_i.o)
 .debug_abbrev  0x0000000000002fa4       0x14 /usr/lib/gcc/arm-none-eabi/10.3.1/../../../arm-none-eabi/lib/thumb/v7e-m+fp/hard/libg_nano.a(lib_a-memchr.o)
 .debug_abbrev  0x0000000000002fb8       0x14 /usr/lib/gcc/arm-none-eabi/10.3.1/../../../arm-none-eabi/lib/thumb/v7e-m+fp/hard/libg_nano.a(lib_a-memcpy.o)
 .debug_abbrev  0x0000000000002fcc       0xc0 /usr/lib/gcc/arm-none-eabi/10.3.1/../../../arm-none-eabi/lib/thumb/v7e-m+fp/hard/libg_nano.a(lib_a-memmove.o)
 .debug_abbrev  0x000000000000308c      0x235 /usr/lib/gcc/arm-none-eabi/10.3.1/../../../arm-none-eabi/lib/thumb/v7e-m+fp/hard/libg_nano.a(lib_a-nano-freer.o)
 .debug_abbrev  0x00000000000032c1      0x290 /usr/lib/gcc/arm-none-eabi/10.3.1/../../../arm-none-eabi/lib/thumb/v7e-m+fp/hard/libg_nano.a(lib_a-nano-mallocr.o)
 .debug_abbrev  0x0000000000003551      0x1d6 /usr/lib/gcc/arm-none-eabi/10.3.1/../../../arm-none-eabi/lib/thumb/v7e-m+fp/hard/libg_nano.a(lib_a-nano-reallocr.o)
 .debug_abbrev  0x0000000000003727      0x1d6 /usr/lib/gcc/arm-none-eabi/10.3.1/../../../arm-none-eabi/lib/thumb/v7e-m+fp/hard/libg_nano.a(lib_a-sbrkr.o)
 .debug_abbrev  0x00000000000038fd      0x189 /usr/lib/gcc/arm-none-eabi/10.3.1/../../../arm-none-eabi/lib/thumb/v7e-m+fp/hard/libg_nano.a(lib_a-mlock.o)
 .debug_abbrev  0x0000000000003a86      0x191 /usr/lib/gcc/arm-none-eabi/10.3.1/../../../arm-none-eabi/lib/thumb/v7e-m+fp/hard/libg_nano.a(lib_a-nano-msizer.o)
 .debug_abbrev  0x0000000000003c17      0x265 /usr/lib/gcc/arm-none-eabi/10.3.1/../../../arm-none-eabi/lib/thumb/v7e-m+fp/hard/libg_nano.a(lib_a-reent.o)

.debug_aranges  0x0000000000000000      0xff0
 .debug_aranges
                0x0000000000000000       0x18 /usr/lib/gcc/arm-none-eabi/10.3.1/../../../arm-none-eabi/lib/thumb/v7e-m+fp/hard/libc_nano.a(lib_a-impure.o)
 .debug_aranges
                0x0000000000000018       0x20 /usr/lib/gcc/arm-none-eabi/10.3.1/../../../arm-none-eabi/lib/thumb/v7e-m+fp/hard/libc_nano.a(lib_a-init.o)
 .debug_aranges
                0x0000000000000038       0x20 /usr/lib/gcc/arm-none-eabi/10.3.1/../../../arm-none-eabi/lib/thumb/v7e-m+fp/hard/libc_nano.a(lib_a-memset.o)
 .debug_aranges
                0x0000000000000058       0x40 CMakeFiles/manipulator_6_dof.dir/Core/Src/main.c.obj
 .debug_aranges
                0x0000000000000098       0x60 CMakeFiles/manipulator_6_dof.dir/Core/Src/ads1115.c.obj
 .debug_aranges
                0x00000000000000f8       0x20 CMakeFiles/manipulator_6_dof.dir/Core/Src/gpio.c.obj
 .debug_aranges
                0x0000000000000118       0x20 CMakeFiles/manipulator_6_dof.dir/Core/Src/dma.c.obj
 .debug_aranges
                0x0000000000000138       0x30 CMakeFiles/manipulator_6_dof.dir/Core/Src/i2c.c.obj
 .debug_aranges
                0x0000000000000168       0x30 CMakeFiles/manipulator_6_dof.dir/Core/Src/usart.c.obj
 .debug_aranges
                0x0000000000000198       0x78 CMakeFiles/manipulator_6_dof.dir/Core/Src/stm32l4xx_it.c.obj
 .debug_aranges
                0x0000000000000210       0x20 CMakeFiles/manipulator_6_dof.dir/Core/Src/stm32l4xx_hal_msp.c.obj
 .debug_aranges
                0x0000000000000230      0x2a0 CMakeFiles/manipulator_6_dof.dir/Drivers/STM32L4xx_HAL_Driver/Src/stm32l4xx_hal_i2c.c.obj
 .debug_aranges
                0x00000000000004d0       0x48 CMakeFiles/manipulator_6_dof.dir/Drivers/STM32L4xx_HAL_Driver/Src/stm32l4xx_hal_i2c_ex.c.obj
 .debug_aranges
                0x0000000000000518      0x130 CMakeFiles/manipulator_6_dof.dir/Drivers/STM32L4xx_HAL_Driver/Src/stm32l4xx_hal.c.obj
 .debug_aranges
                0x0000000000000648       0x90 CMakeFiles/manipulator_6_dof.dir/Drivers/STM32L4xx_HAL_Driver/Src/stm32l4xx_hal_rcc.c.obj
 .debug_aranges
                0x00000000000006d8       0xc0 CMakeFiles/manipulator_6_dof.dir/Drivers/STM32L4xx_HAL_Driver/Src/stm32l4xx_hal_rcc_ex.c.obj
 .debug_aranges
                0x0000000000000798       0x58 CMakeFiles/manipulator_6_dof.dir/Drivers/STM32L4xx_HAL_Driver/Src/stm32l4xx_hal_gpio.c.obj
 .debug_aranges
                0x00000000000007f0       0x80 CMakeFiles/manipulator_6_dof.dir/Drivers/STM32L4xx_HAL_Driver/Src/stm32l4xx_hal_dma.c.obj
 .debug_aranges
                0x0000000000000870      0x160 CMakeFiles/manipulator_6_dof.dir/Drivers/STM32L4xx_HAL_Driver/Src/stm32l4xx_hal_pwr_ex.c.obj
 .debug_aranges
                0x00000000000009d0      0x128 CMakeFiles/manipulator_6_dof.dir/Drivers/STM32L4xx_HAL_Driver/Src/stm32l4xx_hal_cortex.c.obj
 .debug_aranges
                0x0000000000000af8      0x228 CMakeFiles/manipulator_6_dof.dir/Drivers/STM32L4xx_HAL_Driver/Src/stm32l4xx_hal_uart.c.obj
 .debug_aranges
                0x0000000000000d20       0x28 CMakeFiles/manipulator_6_dof.dir/Core/Src/system_stm32l4xx.c.obj
 .debug_aranges
                0x0000000000000d48       0x20 CMakeFiles/manipulator_6_dof.dir/Core/Src/sysmem.c.obj
 .debug_aranges
                0x0000000000000d68       0x28 CMakeFiles/manipulator_6_dof.dir/startup_stm32l476xx.s.obj
 .debug_aranges
                0x0000000000000d90       0x20 /usr/lib/gcc/arm-none-eabi/10.3.1/thumb/v7e-m+fp/hard/libgcc.a(_arm_addsubdf3.o)
 .debug_aranges
                0x0000000000000db0       0x20 /usr/lib/gcc/arm-none-eabi/10.3.1/thumb/v7e-m+fp/hard/libgcc.a(_aeabi_uldivmod.o)
 .debug_aranges
                0x0000000000000dd0       0x20 /usr/lib/gcc/arm-none-eabi/10.3.1/thumb/v7e-m+fp/hard/libgcc.a(_udivmoddi4.o)
 .debug_aranges
                0x0000000000000df0       0x20 /usr/lib/gcc/arm-none-eabi/10.3.1/thumb/v7e-m+fp/hard/libgcc.a(_dvmd_tls.o)
 .debug_aranges
                0x0000000000000e10       0x20 /usr/lib/gcc/arm-none-eabi/10.3.1/../../../arm-none-eabi/lib/thumb/v7e-m+fp/hard/libg_nano.a(lib_a-errno.o)
 .debug_aranges
                0x0000000000000e30       0x20 /usr/lib/gcc/arm-none-eabi/10.3.1/../../../arm-none-eabi/lib/thumb/v7e-m+fp/hard/libg_nano.a(lib_a-sprintf.o)
 .debug_aranges
                0x0000000000000e50       0x20 /usr/lib/gcc/arm-none-eabi/10.3.1/../../../arm-none-eabi/lib/thumb/v7e-m+fp/hard/libg_nano.a(lib_a-strlen.o)
 .debug_aranges
                0x0000000000000e70       0x20 /usr/lib/gcc/arm-none-eabi/10.3.1/../../../arm-none-eabi/lib/thumb/v7e-m+fp/hard/libg_nano.a(lib_a-nano-svfprintf.o)
 .debug_aranges
                0x0000000000000e90       0x20 /usr/lib/gcc/arm-none-eabi/10.3.1/../../../arm-none-eabi/lib/thumb/v7e-m+fp/hard/libg_nano.a(lib_a-nano-vfprintf_i.o)
 .debug_aranges
                0x0000000000000eb0       0x20 /usr/lib/gcc/arm-none-eabi/10.3.1/../../../arm-none-eabi/lib/thumb/v7e-m+fp/hard/libg_nano.a(lib_a-memchr.o)
 .debug_aranges
                0x0000000000000ed0       0x20 /usr/lib/gcc/arm-none-eabi/10.3.1/../../../arm-none-eabi/lib/thumb/v7e-m+fp/hard/libg_nano.a(lib_a-memcpy.o)
 .debug_aranges
                0x0000000000000ef0       0x20 /usr/lib/gcc/arm-none-eabi/10.3.1/../../../arm-none-eabi/lib/thumb/v7e-m+fp/hard/libg_nano.a(lib_a-memmove.o)
 .debug_aranges
                0x0000000000000f10       0x20 /usr/lib/gcc/arm-none-eabi/10.3.1/../../../arm-none-eabi/lib/thumb/v7e-m+fp/hard/libg_nano.a(lib_a-nano-freer.o)
 .debug_aranges
                0x0000000000000f30       0x20 /usr/lib/gcc/arm-none-eabi/10.3.1/../../../arm-none-eabi/lib/thumb/v7e-m+fp/hard/libg_nano.a(lib_a-nano-mallocr.o)
 .debug_aranges
                0x0000000000000f50       0x20 /usr/lib/gcc/arm-none-eabi/10.3.1/../../../arm-none-eabi/lib/thumb/v7e-m+fp/hard/libg_nano.a(lib_a-nano-reallocr.o)
 .debug_aranges
                0x0000000000000f70       0x20 /usr/lib/gcc/arm-none-eabi/10.3.1/../../../arm-none-eabi/lib/thumb/v7e-m+fp/hard/libg_nano.a(lib_a-sbrkr.o)
 .debug_aranges
                0x0000000000000f90       0x20 /usr/lib/gcc/arm-none-eabi/10.3.1/../../../arm-none-eabi/lib/thumb/v7e-m+fp/hard/libg_nano.a(lib_a-mlock.o)
 .debug_aranges
                0x0000000000000fb0       0x20 /usr/lib/gcc/arm-none-eabi/10.3.1/../../../arm-none-eabi/lib/thumb/v7e-m+fp/hard/libg_nano.a(lib_a-nano-msizer.o)
 .debug_aranges
                0x0000000000000fd0       0x20 /usr/lib/gcc/arm-none-eabi/10.3.1/../../../arm-none-eabi/lib/thumb/v7e-m+fp/hard/libg_nano.a(lib_a-reent.o)

.debug_line     0x0000000000000000    0x13d23
 .debug_line    0x0000000000000000       0xe4 /usr/lib/gcc/arm-none-eabi/10.3.1/../../../arm-none-eabi/lib/thumb/v7e-m+fp/hard/libc_nano.a(lib_a-impure.o)
 .debug_line    0x00000000000000e4      0x138 /usr/lib/gcc/arm-none-eabi/10.3.1/../../../arm-none-eabi/lib/thumb/v7e-m+fp/hard/libc_nano.a(lib_a-init.o)
 .debug_line    0x000000000000021c      0x1bf /usr/lib/gcc/arm-none-eabi/10.3.1/../../../arm-none-eabi/lib/thumb/v7e-m+fp/hard/libc_nano.a(lib_a-memset.o)
 .debug_line    0x00000000000003db      0x925 CMakeFiles/manipulator_6_dof.dir/Core/Src/main.c.obj
 .debug_line    0x0000000000000d00      0x7c5 CMakeFiles/manipulator_6_dof.dir/Core/Src/ads1115.c.obj
 .debug_line    0x00000000000014c5      0x61d CMakeFiles/manipulator_6_dof.dir/Core/Src/gpio.c.obj
 .debug_line    0x0000000000001ae2      0x5ff CMakeFiles/manipulator_6_dof.dir/Core/Src/dma.c.obj
 .debug_line    0x00000000000020e1      0x6c0 CMakeFiles/manipulator_6_dof.dir/Core/Src/i2c.c.obj
 .debug_line    0x00000000000027a1      0x685 CMakeFiles/manipulator_6_dof.dir/Core/Src/usart.c.obj
 .debug_line    0x0000000000002e26      0x70e CMakeFiles/manipulator_6_dof.dir/Core/Src/stm32l4xx_it.c.obj
 .debug_line    0x0000000000003534      0x603 CMakeFiles/manipulator_6_dof.dir/Core/Src/stm32l4xx_hal_msp.c.obj
 .debug_line    0x0000000000003b37     0x3879 CMakeFiles/manipulator_6_dof.dir/Drivers/STM32L4xx_HAL_Driver/Src/stm32l4xx_hal_i2c.c.obj
 .debug_line    0x00000000000073b0      0x821 CMakeFiles/manipulator_6_dof.dir/Drivers/STM32L4xx_HAL_Driver/Src/stm32l4xx_hal_i2c_ex.c.obj
 .debug_line    0x0000000000007bd1      0x9f4 CMakeFiles/manipulator_6_dof.dir/Drivers/STM32L4xx_HAL_Driver/Src/stm32l4xx_hal.c.obj
 .debug_line    0x00000000000085c5      0xe6f CMakeFiles/manipulator_6_dof.dir/Drivers/STM32L4xx_HAL_Driver/Src/stm32l4xx_hal_rcc.c.obj
 .debug_line    0x0000000000009434     0x13ac CMakeFiles/manipulator_6_dof.dir/Drivers/STM32L4xx_HAL_Driver/Src/stm32l4xx_hal_rcc_ex.c.obj
 .debug_line    0x000000000000a7e0      0xa67 CMakeFiles/manipulator_6_dof.dir/Drivers/STM32L4xx_HAL_Driver/Src/stm32l4xx_hal_gpio.c.obj
 .debug_line    0x000000000000b247      0xbe4 CMakeFiles/manipulator_6_dof.dir/Drivers/STM32L4xx_HAL_Driver/Src/stm32l4xx_hal_dma.c.obj
 .debug_line    0x000000000000be2b      0xbeb CMakeFiles/manipulator_6_dof.dir/Drivers/STM32L4xx_HAL_Driver/Src/stm32l4xx_hal_pwr_ex.c.obj
 .debug_line    0x000000000000ca16      0xbc8 CMakeFiles/manipulator_6_dof.dir/Drivers/STM32L4xx_HAL_Driver/Src/stm32l4xx_hal_cortex.c.obj
 .debug_line    0x000000000000d5de     0x30fe CMakeFiles/manipulator_6_dof.dir/Drivers/STM32L4xx_HAL_Driver/Src/stm32l4xx_hal_uart.c.obj
 .debug_line    0x00000000000106dc      0x69b CMakeFiles/manipulator_6_dof.dir/Core/Src/system_stm32l4xx.c.obj
 .debug_line    0x0000000000010d77      0x207 CMakeFiles/manipulator_6_dof.dir/Core/Src/sysmem.c.obj
 .debug_line    0x0000000000010f7e       0xd9 CMakeFiles/manipulator_6_dof.dir/startup_stm32l476xx.s.obj
 .debug_line    0x0000000000011057      0x186 /usr/lib/gcc/arm-none-eabi/10.3.1/thumb/v7e-m+fp/hard/libgcc.a(_arm_addsubdf3.o)
 .debug_line    0x00000000000111dd       0x60 /usr/lib/gcc/arm-none-eabi/10.3.1/thumb/v7e-m+fp/hard/libgcc.a(_aeabi_uldivmod.o)
 .debug_line    0x000000000001123d      0x5ae /usr/lib/gcc/arm-none-eabi/10.3.1/thumb/v7e-m+fp/hard/libgcc.a(_udivmoddi4.o)
 .debug_line    0x00000000000117eb       0x60 /usr/lib/gcc/arm-none-eabi/10.3.1/thumb/v7e-m+fp/hard/libgcc.a(_dvmd_tls.o)
 .debug_line    0x000000000001184b      0x109 /usr/lib/gcc/arm-none-eabi/10.3.1/../../../arm-none-eabi/lib/thumb/v7e-m+fp/hard/libg_nano.a(lib_a-errno.o)
 .debug_line    0x0000000000011954      0x209 /usr/lib/gcc/arm-none-eabi/10.3.1/../../../arm-none-eabi/lib/thumb/v7e-m+fp/hard/libg_nano.a(lib_a-sprintf.o)
 .debug_line    0x0000000000011b5d       0xaf /usr/lib/gcc/arm-none-eabi/10.3.1/../../../arm-none-eabi/lib/thumb/v7e-m+fp/hard/libg_nano.a(lib_a-strlen.o)
 .debug_line    0x0000000000011c0c      0x83a /usr/lib/gcc/arm-none-eabi/10.3.1/../../../arm-none-eabi/lib/thumb/v7e-m+fp/hard/libg_nano.a(lib_a-nano-svfprintf.o)
 .debug_line    0x0000000000012446      0x746 /usr/lib/gcc/arm-none-eabi/10.3.1/../../../arm-none-eabi/lib/thumb/v7e-m+fp/hard/libg_nano.a(lib_a-nano-vfprintf_i.o)
 .debug_line    0x0000000000012b8c       0xa4 /usr/lib/gcc/arm-none-eabi/10.3.1/../../../arm-none-eabi/lib/thumb/v7e-m+fp/hard/libg_nano.a(lib_a-memchr.o)
 .debug_line    0x0000000000012c30       0xbe /usr/lib/gcc/arm-none-eabi/10.3.1/../../../arm-none-eabi/lib/thumb/v7e-m+fp/hard/libg_nano.a(lib_a-memcpy.o)
 .debug_line    0x0000000000012cee      0x1ee /usr/lib/gcc/arm-none-eabi/10.3.1/../../../arm-none-eabi/lib/thumb/v7e-m+fp/hard/libg_nano.a(lib_a-memmove.o)
 .debug_line    0x0000000000012edc      0x2ca /usr/lib/gcc/arm-none-eabi/10.3.1/../../../arm-none-eabi/lib/thumb/v7e-m+fp/hard/libg_nano.a(lib_a-nano-freer.o)
 .debug_line    0x00000000000131a6      0x2d0 /usr/lib/gcc/arm-none-eabi/10.3.1/../../../arm-none-eabi/lib/thumb/v7e-m+fp/hard/libg_nano.a(lib_a-nano-mallocr.o)
 .debug_line    0x0000000000013476      0x1c5 /usr/lib/gcc/arm-none-eabi/10.3.1/../../../arm-none-eabi/lib/thumb/v7e-m+fp/hard/libg_nano.a(lib_a-nano-reallocr.o)
 .debug_line    0x000000000001363b      0x183 /usr/lib/gcc/arm-none-eabi/10.3.1/../../../arm-none-eabi/lib/thumb/v7e-m+fp/hard/libg_nano.a(lib_a-sbrkr.o)
 .debug_line    0x00000000000137be      0x13e /usr/lib/gcc/arm-none-eabi/10.3.1/../../../arm-none-eabi/lib/thumb/v7e-m+fp/hard/libg_nano.a(lib_a-mlock.o)
 .debug_line    0x00000000000138fc      0x160 /usr/lib/gcc/arm-none-eabi/10.3.1/../../../arm-none-eabi/lib/thumb/v7e-m+fp/hard/libg_nano.a(lib_a-nano-msizer.o)
 .debug_line    0x0000000000013a5c      0x2c7 /usr/lib/gcc/arm-none-eabi/10.3.1/../../../arm-none-eabi/lib/thumb/v7e-m+fp/hard/libg_nano.a(lib_a-reent.o)

.debug_str      0x0000000000000000    0xeca20
 .debug_str     0x0000000000000000      0x44c /usr/lib/gcc/arm-none-eabi/10.3.1/../../../arm-none-eabi/lib/thumb/v7e-m+fp/hard/libc_nano.a(lib_a-impure.o)
                                        0x55e (size before relaxing)
 .debug_str     0x000000000000044c       0xf6 /usr/lib/gcc/arm-none-eabi/10.3.1/../../../arm-none-eabi/lib/thumb/v7e-m+fp/hard/libc_nano.a(lib_a-init.o)
                                        0x20b (size before relaxing)
 .debug_str     0x0000000000000542       0xb1 /usr/lib/gcc/arm-none-eabi/10.3.1/../../../arm-none-eabi/lib/thumb/v7e-m+fp/hard/libc_nano.a(lib_a-memset.o)
                                        0x1c0 (size before relaxing)
 .debug_str     0x00000000000005f3    0xe6bbd CMakeFiles/manipulator_6_dof.dir/Core/Src/main.c.obj
                                      0xe6f9f (size before relaxing)
 .debug_str     0x00000000000e71b0      0x14b CMakeFiles/manipulator_6_dof.dir/Core/Src/ads1115.c.obj
                                      0xe3124 (size before relaxing)
 .debug_str     0x00000000000e72fb      0x1f5 CMakeFiles/manipulator_6_dof.dir/Core/Src/gpio.c.obj
                                      0xe2832 (size before relaxing)
 .debug_str     0x00000000000e74f0      0x4bd CMakeFiles/manipulator_6_dof.dir/Core/Src/dma.c.obj
                                      0xe2c79 (size before relaxing)
 .debug_str     0x00000000000e79ad      0x312 CMakeFiles/manipulator_6_dof.dir/Core/Src/i2c.c.obj
                                      0xe3469 (size before relaxing)
 .debug_str     0x00000000000e7cbf       0xb7 CMakeFiles/manipulator_6_dof.dir/Core/Src/usart.c.obj
                                      0xe2f1a (size before relaxing)
 .debug_str     0x00000000000e7d76      0x15c CMakeFiles/manipulator_6_dof.dir/Core/Src/stm32l4xx_it.c.obj
                                      0xe2bdd (size before relaxing)
 .debug_str     0x00000000000e7ed2       0x8c CMakeFiles/manipulator_6_dof.dir/Core/Src/stm32l4xx_hal_msp.c.obj
                                      0xe279b (size before relaxing)
 .debug_str     0x00000000000e7f5e      0xe3e CMakeFiles/manipulator_6_dof.dir/Drivers/STM32L4xx_HAL_Driver/Src/stm32l4xx_hal_i2c.c.obj
                                      0xe38e9 (size before relaxing)
 .debug_str     0x00000000000e8d9c      0x14b CMakeFiles/manipulator_6_dof.dir/Drivers/STM32L4xx_HAL_Driver/Src/stm32l4xx_hal_i2c_ex.c.obj
                                      0xe2c34 (size before relaxing)
 .debug_str     0x00000000000e8ee7      0x6c9 CMakeFiles/manipulator_6_dof.dir/Drivers/STM32L4xx_HAL_Driver/Src/stm32l4xx_hal.c.obj
                                      0xe32ec (size before relaxing)
 .debug_str     0x00000000000e95b0      0x47a CMakeFiles/manipulator_6_dof.dir/Drivers/STM32L4xx_HAL_Driver/Src/stm32l4xx_hal_rcc.c.obj
                                      0xe2d2c (size before relaxing)
 .debug_str     0x00000000000e9a2a      0x44d CMakeFiles/manipulator_6_dof.dir/Drivers/STM32L4xx_HAL_Driver/Src/stm32l4xx_hal_rcc_ex.c.obj
                                      0xe2e61 (size before relaxing)
 .debug_str     0x00000000000e9e77      0x17a CMakeFiles/manipulator_6_dof.dir/Drivers/STM32L4xx_HAL_Driver/Src/stm32l4xx_hal_gpio.c.obj
                                      0xe28aa (size before relaxing)
 .debug_str     0x00000000000e9ff1      0x2b3 CMakeFiles/manipulator_6_dof.dir/Drivers/STM32L4xx_HAL_Driver/Src/stm32l4xx_hal_dma.c.obj
                                      0xe299a (size before relaxing)
 .debug_str     0x00000000000ea2a4      0x537 CMakeFiles/manipulator_6_dof.dir/Drivers/STM32L4xx_HAL_Driver/Src/stm32l4xx_hal_pwr_ex.c.obj
                                      0xe2c79 (size before relaxing)
 .debug_str     0x00000000000ea7db      0x421 CMakeFiles/manipulator_6_dof.dir/Drivers/STM32L4xx_HAL_Driver/Src/stm32l4xx_hal_cortex.c.obj
                                      0xe2fa1 (size before relaxing)
 .debug_str     0x00000000000eabfc      0x914 CMakeFiles/manipulator_6_dof.dir/Drivers/STM32L4xx_HAL_Driver/Src/stm32l4xx_hal_uart.c.obj
                                      0xe33cb (size before relaxing)
 .debug_str     0x00000000000eb510       0xa0 CMakeFiles/manipulator_6_dof.dir/Core/Src/system_stm32l4xx.c.obj
                                      0xe2732 (size before relaxing)
 .debug_str     0x00000000000eb5b0      0x532 CMakeFiles/manipulator_6_dof.dir/Core/Src/sysmem.c.obj
                                       0x55dd (size before relaxing)
 .debug_str     0x00000000000ebae2       0x85 CMakeFiles/manipulator_6_dof.dir/startup_stm32l476xx.s.obj
                                         0xf4 (size before relaxing)
 .debug_str     0x00000000000ebb67       0xab /usr/lib/gcc/arm-none-eabi/10.3.1/thumb/v7e-m+fp/hard/libgcc.a(_arm_addsubdf3.o)
 .debug_str     0x00000000000ebc12       0x2c /usr/lib/gcc/arm-none-eabi/10.3.1/thumb/v7e-m+fp/hard/libgcc.a(_aeabi_uldivmod.o)
                                         0xa6 (size before relaxing)
 .debug_str     0x00000000000ebc3e      0x544 /usr/lib/gcc/arm-none-eabi/10.3.1/thumb/v7e-m+fp/hard/libgcc.a(_udivmoddi4.o)
                                        0x647 (size before relaxing)
 .debug_str     0x00000000000ec182       0x30 /usr/lib/gcc/arm-none-eabi/10.3.1/thumb/v7e-m+fp/hard/libgcc.a(_dvmd_tls.o)
                                         0xaa (size before relaxing)
 .debug_str     0x00000000000ec1b2       0x9b /usr/lib/gcc/arm-none-eabi/10.3.1/../../../arm-none-eabi/lib/thumb/v7e-m+fp/hard/libg_nano.a(lib_a-errno.o)
                                        0x507 (size before relaxing)
 .debug_str     0x00000000000ec24d       0xba /usr/lib/gcc/arm-none-eabi/10.3.1/../../../arm-none-eabi/lib/thumb/v7e-m+fp/hard/libg_nano.a(lib_a-sprintf.o)
                                        0x54c (size before relaxing)
 .debug_str     0x00000000000ec307       0xa9 /usr/lib/gcc/arm-none-eabi/10.3.1/../../../arm-none-eabi/lib/thumb/v7e-m+fp/hard/libg_nano.a(lib_a-strlen.o)
                                         0xb5 (size before relaxing)
 .debug_str     0x00000000000ec3b0      0x28d /usr/lib/gcc/arm-none-eabi/10.3.1/../../../arm-none-eabi/lib/thumb/v7e-m+fp/hard/libg_nano.a(lib_a-nano-svfprintf.o)
                                        0x855 (size before relaxing)
 .debug_str     0x00000000000ec63d       0x94 /usr/lib/gcc/arm-none-eabi/10.3.1/../../../arm-none-eabi/lib/thumb/v7e-m+fp/hard/libg_nano.a(lib_a-nano-vfprintf_i.o)
                                        0x7ec (size before relaxing)
 .debug_str     0x00000000000ec6d1       0x3c /usr/lib/gcc/arm-none-eabi/10.3.1/../../../arm-none-eabi/lib/thumb/v7e-m+fp/hard/libg_nano.a(lib_a-memchr.o)
                                         0xaf (size before relaxing)
 .debug_str     0x00000000000ec70d       0x43 /usr/lib/gcc/arm-none-eabi/10.3.1/../../../arm-none-eabi/lib/thumb/v7e-m+fp/hard/libg_nano.a(lib_a-memcpy.o)
                                         0xb6 (size before relaxing)
 .debug_str     0x00000000000ec750       0x66 /usr/lib/gcc/arm-none-eabi/10.3.1/../../../arm-none-eabi/lib/thumb/v7e-m+fp/hard/libg_nano.a(lib_a-memmove.o)
                                        0x1df (size before relaxing)
 .debug_str     0x00000000000ec7b6      0x116 /usr/lib/gcc/arm-none-eabi/10.3.1/../../../arm-none-eabi/lib/thumb/v7e-m+fp/hard/libg_nano.a(lib_a-nano-freer.o)
                                        0x595 (size before relaxing)
 .debug_str     0x00000000000ec8cc       0x46 /usr/lib/gcc/arm-none-eabi/10.3.1/../../../arm-none-eabi/lib/thumb/v7e-m+fp/hard/libg_nano.a(lib_a-nano-mallocr.o)
                                        0x5c0 (size before relaxing)
 .debug_str     0x00000000000ec912       0x23 /usr/lib/gcc/arm-none-eabi/10.3.1/../../../arm-none-eabi/lib/thumb/v7e-m+fp/hard/libg_nano.a(lib_a-nano-reallocr.o)
                                        0x57f (size before relaxing)
 .debug_str     0x00000000000ec935       0x32 /usr/lib/gcc/arm-none-eabi/10.3.1/../../../arm-none-eabi/lib/thumb/v7e-m+fp/hard/libg_nano.a(lib_a-sbrkr.o)
                                        0x516 (size before relaxing)
 .debug_str     0x00000000000ec967       0x4c /usr/lib/gcc/arm-none-eabi/10.3.1/../../../arm-none-eabi/lib/thumb/v7e-m+fp/hard/libg_nano.a(lib_a-mlock.o)
                                        0x52c (size before relaxing)
 .debug_str     0x00000000000ec9b3        0xf /usr/lib/gcc/arm-none-eabi/10.3.1/../../../arm-none-eabi/lib/thumb/v7e-m+fp/hard/libg_nano.a(lib_a-nano-msizer.o)
                                        0x55d (size before relaxing)
 .debug_str     0x00000000000ec9c2       0x5e /usr/lib/gcc/arm-none-eabi/10.3.1/../../../arm-none-eabi/lib/thumb/v7e-m+fp/hard/libg_nano.a(lib_a-reent.o)
                                        0x53e (size before relaxing)

.debug_loc      0x0000000000000000     0x2ec8
 .debug_loc     0x0000000000000000       0xba /usr/lib/gcc/arm-none-eabi/10.3.1/../../../arm-none-eabi/lib/thumb/v7e-m+fp/hard/libc_nano.a(lib_a-init.o)
 .debug_loc     0x00000000000000ba      0x22c /usr/lib/gcc/arm-none-eabi/10.3.1/../../../arm-none-eabi/lib/thumb/v7e-m+fp/hard/libc_nano.a(lib_a-memset.o)
 .debug_loc     0x00000000000002e6     0x100f /usr/lib/gcc/arm-none-eabi/10.3.1/thumb/v7e-m+fp/hard/libgcc.a(_udivmoddi4.o)
 .debug_loc     0x00000000000012f5       0xb7 /usr/lib/gcc/arm-none-eabi/10.3.1/../../../arm-none-eabi/lib/thumb/v7e-m+fp/hard/libg_nano.a(lib_a-sprintf.o)
 .debug_loc     0x00000000000013ac      0x82e /usr/lib/gcc/arm-none-eabi/10.3.1/../../../arm-none-eabi/lib/thumb/v7e-m+fp/hard/libg_nano.a(lib_a-nano-svfprintf.o)
 .debug_loc     0x0000000000001bda      0x5dd /usr/lib/gcc/arm-none-eabi/10.3.1/../../../arm-none-eabi/lib/thumb/v7e-m+fp/hard/libg_nano.a(lib_a-nano-vfprintf_i.o)
 .debug_loc     0x00000000000021b7      0x34f /usr/lib/gcc/arm-none-eabi/10.3.1/../../../arm-none-eabi/lib/thumb/v7e-m+fp/hard/libg_nano.a(lib_a-memmove.o)
 .debug_loc     0x0000000000002506      0x203 /usr/lib/gcc/arm-none-eabi/10.3.1/../../../arm-none-eabi/lib/thumb/v7e-m+fp/hard/libg_nano.a(lib_a-nano-freer.o)
 .debug_loc     0x0000000000002709      0x3cd /usr/lib/gcc/arm-none-eabi/10.3.1/../../../arm-none-eabi/lib/thumb/v7e-m+fp/hard/libg_nano.a(lib_a-nano-mallocr.o)
 .debug_loc     0x0000000000002ad6      0x133 /usr/lib/gcc/arm-none-eabi/10.3.1/../../../arm-none-eabi/lib/thumb/v7e-m+fp/hard/libg_nano.a(lib_a-nano-reallocr.o)